<?xml version="1.0" encoding="ISO-8859-1" ?>
<link_info>
   <banner>MSP430 Linker PC v18.1.2.LTS</banner>
   <copyright>Copyright (c) 2003-2017 Texas Instruments Incorporated</copyright>
   <link_time>0x5ba43da8</link_time>
   <link_errors>0x0</link_errors>
   <output_file>12864test.out</output_file>
   <entry_point>
      <name>_c_int00_noargs</name>
      <address>0x2210</address>
   </entry_point>
   <input_file_list>
      <input_file id="fl-2">
         <path>.\</path>
         <kind>object</kind>
         <file>main.obj</file>
         <name>main.obj</name>
      </input_file>
      <input_file id="fl-7">
         <kind>object</kind>
         <file>&lt;internal&gt;</file>
         <name>&lt;internal&gt;</name>
      </input_file>
      <input_file id="fl-1d">
         <path>C:\ti\ccsv8\tools\compiler\ti-cgt-msp430_18.1.2.LTS\lib\</path>
         <kind>archive</kind>
         <file>rts430_eabi.lib</file>
         <name>int00.asm.obj</name>
      </input_file>
      <input_file id="fl-1e">
         <path>C:\ti\ccsv8\tools\compiler\ti-cgt-msp430_18.1.2.LTS\lib\</path>
         <kind>archive</kind>
         <file>rts430_eabi.lib</file>
         <name>int01.asm.obj</name>
      </input_file>
      <input_file id="fl-1f">
         <path>C:\ti\ccsv8\tools\compiler\ti-cgt-msp430_18.1.2.LTS\lib\</path>
         <kind>archive</kind>
         <file>rts430_eabi.lib</file>
         <name>int02.asm.obj</name>
      </input_file>
      <input_file id="fl-20">
         <path>C:\ti\ccsv8\tools\compiler\ti-cgt-msp430_18.1.2.LTS\lib\</path>
         <kind>archive</kind>
         <file>rts430_eabi.lib</file>
         <name>int03.asm.obj</name>
      </input_file>
      <input_file id="fl-21">
         <path>C:\ti\ccsv8\tools\compiler\ti-cgt-msp430_18.1.2.LTS\lib\</path>
         <kind>archive</kind>
         <file>rts430_eabi.lib</file>
         <name>int04.asm.obj</name>
      </input_file>
      <input_file id="fl-22">
         <path>C:\ti\ccsv8\tools\compiler\ti-cgt-msp430_18.1.2.LTS\lib\</path>
         <kind>archive</kind>
         <file>rts430_eabi.lib</file>
         <name>int05.asm.obj</name>
      </input_file>
      <input_file id="fl-23">
         <path>C:\ti\ccsv8\tools\compiler\ti-cgt-msp430_18.1.2.LTS\lib\</path>
         <kind>archive</kind>
         <file>rts430_eabi.lib</file>
         <name>int06.asm.obj</name>
      </input_file>
      <input_file id="fl-24">
         <path>C:\ti\ccsv8\tools\compiler\ti-cgt-msp430_18.1.2.LTS\lib\</path>
         <kind>archive</kind>
         <file>rts430_eabi.lib</file>
         <name>int07.asm.obj</name>
      </input_file>
      <input_file id="fl-25">
         <path>C:\ti\ccsv8\tools\compiler\ti-cgt-msp430_18.1.2.LTS\lib\</path>
         <kind>archive</kind>
         <file>rts430_eabi.lib</file>
         <name>int08.asm.obj</name>
      </input_file>
      <input_file id="fl-26">
         <path>C:\ti\ccsv8\tools\compiler\ti-cgt-msp430_18.1.2.LTS\lib\</path>
         <kind>archive</kind>
         <file>rts430_eabi.lib</file>
         <name>int09.asm.obj</name>
      </input_file>
      <input_file id="fl-27">
         <path>C:\ti\ccsv8\tools\compiler\ti-cgt-msp430_18.1.2.LTS\lib\</path>
         <kind>archive</kind>
         <file>rts430_eabi.lib</file>
         <name>int10.asm.obj</name>
      </input_file>
      <input_file id="fl-28">
         <path>C:\ti\ccsv8\tools\compiler\ti-cgt-msp430_18.1.2.LTS\lib\</path>
         <kind>archive</kind>
         <file>rts430_eabi.lib</file>
         <name>int11.asm.obj</name>
      </input_file>
      <input_file id="fl-29">
         <path>C:\ti\ccsv8\tools\compiler\ti-cgt-msp430_18.1.2.LTS\lib\</path>
         <kind>archive</kind>
         <file>rts430_eabi.lib</file>
         <name>int12.asm.obj</name>
      </input_file>
      <input_file id="fl-2a">
         <path>C:\ti\ccsv8\tools\compiler\ti-cgt-msp430_18.1.2.LTS\lib\</path>
         <kind>archive</kind>
         <file>rts430_eabi.lib</file>
         <name>int13.asm.obj</name>
      </input_file>
      <input_file id="fl-2b">
         <path>C:\ti\ccsv8\tools\compiler\ti-cgt-msp430_18.1.2.LTS\lib\</path>
         <kind>archive</kind>
         <file>rts430_eabi.lib</file>
         <name>int14.asm.obj</name>
      </input_file>
      <input_file id="fl-2c">
         <path>C:\ti\ccsv8\tools\compiler\ti-cgt-msp430_18.1.2.LTS\lib\</path>
         <kind>archive</kind>
         <file>rts430_eabi.lib</file>
         <name>isr_trap.asm.obj</name>
      </input_file>
      <input_file id="fl-2d">
         <path>C:\ti\ccsv8\tools\compiler\ti-cgt-msp430_18.1.2.LTS\lib\</path>
         <kind>archive</kind>
         <file>rts430_eabi.lib</file>
         <name>mult16_hw.asm.obj</name>
      </input_file>
      <input_file id="fl-2e">
         <path>C:\ti\ccsv8\tools\compiler\ti-cgt-msp430_18.1.2.LTS\lib\</path>
         <kind>archive</kind>
         <file>rts430_eabi.lib</file>
         <name>mult1632_hw.asm.obj</name>
      </input_file>
      <input_file id="fl-2f">
         <path>C:\ti\ccsv8\tools\compiler\ti-cgt-msp430_18.1.2.LTS\lib\</path>
         <kind>archive</kind>
         <file>rts430_eabi.lib</file>
         <name>mult32_hw.asm.obj</name>
      </input_file>
      <input_file id="fl-30">
         <path>C:\ti\ccsv8\tools\compiler\ti-cgt-msp430_18.1.2.LTS\lib\</path>
         <kind>archive</kind>
         <file>rts430_eabi.lib</file>
         <name>mult3264_hw.asm.obj</name>
      </input_file>
      <input_file id="fl-31">
         <path>C:\ti\ccsv8\tools\compiler\ti-cgt-msp430_18.1.2.LTS\lib\</path>
         <kind>archive</kind>
         <file>rts430_eabi.lib</file>
         <name>mult64_hw.asm.obj</name>
      </input_file>
      <input_file id="fl-32">
         <path>C:\ti\ccsv8\tools\compiler\ti-cgt-msp430_18.1.2.LTS\lib\</path>
         <kind>archive</kind>
         <file>rts430_eabi.lib</file>
         <name>boot.c.obj</name>
      </input_file>
      <input_file id="fl-33">
         <path>C:\ti\ccsv8\tools\compiler\ti-cgt-msp430_18.1.2.LTS\lib\</path>
         <kind>archive</kind>
         <file>rts430_eabi.lib</file>
         <name>autoinit.c.obj</name>
      </input_file>
      <input_file id="fl-34">
         <path>C:\ti\ccsv8\tools\compiler\ti-cgt-msp430_18.1.2.LTS\lib\</path>
         <kind>archive</kind>
         <file>rts430_eabi.lib</file>
         <name>copy_zero_init.c.obj</name>
      </input_file>
      <input_file id="fl-35">
         <path>C:\ti\ccsv8\tools\compiler\ti-cgt-msp430_18.1.2.LTS\lib\</path>
         <kind>archive</kind>
         <file>rts430_eabi.lib</file>
         <name>cpy_tbl.c.obj</name>
      </input_file>
      <input_file id="fl-36">
         <path>C:\ti\ccsv8\tools\compiler\ti-cgt-msp430_18.1.2.LTS\lib\</path>
         <kind>archive</kind>
         <file>rts430_eabi.lib</file>
         <name>mpu_init.c.obj</name>
      </input_file>
      <input_file id="fl-37">
         <path>C:\ti\ccsv8\tools\compiler\ti-cgt-msp430_18.1.2.LTS\lib\</path>
         <kind>archive</kind>
         <file>rts430_eabi.lib</file>
         <name>pre_init.c.obj</name>
      </input_file>
      <input_file id="fl-38">
         <path>C:\ti\ccsv8\tools\compiler\ti-cgt-msp430_18.1.2.LTS\lib\</path>
         <kind>archive</kind>
         <file>rts430_eabi.lib</file>
         <name>startup.c.obj</name>
      </input_file>
      <input_file id="fl-39">
         <path>C:\ti\ccsv8\tools\compiler\ti-cgt-msp430_18.1.2.LTS\lib\</path>
         <kind>archive</kind>
         <file>rts430_eabi.lib</file>
         <name>copy_decompress_none.c.obj</name>
      </input_file>
      <input_file id="fl-3a">
         <path>C:\ti\ccsv8\tools\compiler\ti-cgt-msp430_18.1.2.LTS\lib\</path>
         <kind>archive</kind>
         <file>rts430_eabi.lib</file>
         <name>copy_decompress_lzss.c.obj</name>
      </input_file>
      <input_file id="fl-3b">
         <path>C:\ti\ccsv8\tools\compiler\ti-cgt-msp430_18.1.2.LTS\lib\</path>
         <kind>archive</kind>
         <file>rts430_eabi.lib</file>
         <name>exit.c.obj</name>
      </input_file>
      <input_file id="fl-3c">
         <path>C:\ti\ccsv8\tools\compiler\ti-cgt-msp430_18.1.2.LTS\lib\</path>
         <kind>archive</kind>
         <file>rts430_eabi.lib</file>
         <name>_lock.c.obj</name>
      </input_file>
      <input_file id="fl-3d">
         <path>C:\ti\ccsv8\tools\compiler\ti-cgt-msp430_18.1.2.LTS\lib\</path>
         <kind>archive</kind>
         <file>rts430_eabi.lib</file>
         <name>args_main.c.obj</name>
      </input_file>
      <input_file id="fl-3e">
         <path>C:\ti\ccsv8\tools\compiler\ti-cgt-msp430_18.1.2.LTS\lib\</path>
         <kind>archive</kind>
         <file>rts430_eabi.lib</file>
         <name>memcpy.c.obj</name>
      </input_file>
      <input_file id="fl-3f">
         <path>C:\ti\ccsv8\tools\compiler\ti-cgt-msp430_18.1.2.LTS\lib\</path>
         <kind>archive</kind>
         <file>rts430_eabi.lib</file>
         <name>printf.c.obj</name>
      </input_file>
      <input_file id="fl-40">
         <path>C:\ti\ccsv8\tools\compiler\ti-cgt-msp430_18.1.2.LTS\lib\</path>
         <kind>archive</kind>
         <file>rts430_eabi.lib</file>
         <name>epilog.asm.obj</name>
      </input_file>
      <input_file id="fl-41">
         <path>C:\ti\ccsv8\tools\compiler\ti-cgt-msp430_18.1.2.LTS\lib\</path>
         <kind>archive</kind>
         <file>rts430_eabi.lib</file>
         <name>lsl16.asm.obj</name>
      </input_file>
      <input_file id="fl-42">
         <path>C:\ti\ccsv8\tools\compiler\ti-cgt-msp430_18.1.2.LTS\lib\</path>
         <kind>archive</kind>
         <file>rts430_eabi.lib</file>
         <name>lsr16.asm.obj</name>
      </input_file>
      <input_file id="fl-43">
         <path>C:\ti\ccsv8\tools\compiler\ti-cgt-msp430_18.1.2.LTS\lib\</path>
         <kind>archive</kind>
         <file>rts430_eabi.lib</file>
         <name>mult16.asm.obj</name>
      </input_file>
      <input_file id="fl-44">
         <path>C:\ti\ccsv8\tools\compiler\ti-cgt-msp430_18.1.2.LTS\lib\</path>
         <kind>archive</kind>
         <file>rts430_eabi.lib</file>
         <name>exit_gvars.c.obj</name>
      </input_file>
      <input_file id="fl-45">
         <path>C:\ti\ccsv8\tools\compiler\ti-cgt-msp430_18.1.2.LTS\lib\</path>
         <kind>archive</kind>
         <file>rts430_eabi.lib</file>
         <name>_printfi_min.c.obj</name>
      </input_file>
      <input_file id="fl-46">
         <path>C:\ti\ccsv8\tools\compiler\ti-cgt-msp430_18.1.2.LTS\lib\</path>
         <kind>archive</kind>
         <file>rts430_eabi.lib</file>
         <name>defs.c.obj</name>
      </input_file>
      <input_file id="fl-47">
         <path>C:\ti\ccsv8\tools\compiler\ti-cgt-msp430_18.1.2.LTS\lib\</path>
         <kind>archive</kind>
         <file>rts430_eabi.lib</file>
         <name>fputc.c.obj</name>
      </input_file>
      <input_file id="fl-48">
         <path>C:\ti\ccsv8\tools\compiler\ti-cgt-msp430_18.1.2.LTS\lib\</path>
         <kind>archive</kind>
         <file>rts430_eabi.lib</file>
         <name>fputs.c.obj</name>
      </input_file>
      <input_file id="fl-49">
         <path>C:\ti\ccsv8\tools\compiler\ti-cgt-msp430_18.1.2.LTS\lib\</path>
         <kind>archive</kind>
         <file>rts430_eabi.lib</file>
         <name>memccpy.c.obj</name>
      </input_file>
      <input_file id="fl-4a">
         <path>C:\ti\ccsv8\tools\compiler\ti-cgt-msp430_18.1.2.LTS\lib\</path>
         <kind>archive</kind>
         <file>rts430_eabi.lib</file>
         <name>memchr.c.obj</name>
      </input_file>
      <input_file id="fl-4b">
         <path>C:\ti\ccsv8\tools\compiler\ti-cgt-msp430_18.1.2.LTS\lib\</path>
         <kind>archive</kind>
         <file>rts430_eabi.lib</file>
         <name>memset.c.obj</name>
      </input_file>
      <input_file id="fl-4c">
         <path>C:\ti\ccsv8\tools\compiler\ti-cgt-msp430_18.1.2.LTS\lib\</path>
         <kind>archive</kind>
         <file>rts430_eabi.lib</file>
         <name>strlen.c.obj</name>
      </input_file>
      <input_file id="fl-4d">
         <path>C:\ti\ccsv8\tools\compiler\ti-cgt-msp430_18.1.2.LTS\lib\</path>
         <kind>archive</kind>
         <file>rts430_eabi.lib</file>
         <name>write.c.obj</name>
      </input_file>
      <input_file id="fl-4e">
         <path>C:\ti\ccsv8\tools\compiler\ti-cgt-msp430_18.1.2.LTS\lib\</path>
         <kind>archive</kind>
         <file>rts430_eabi.lib</file>
         <name>div16u.asm.obj</name>
      </input_file>
      <input_file id="fl-4f">
         <path>C:\ti\ccsv8\tools\compiler\ti-cgt-msp430_18.1.2.LTS\lib\</path>
         <kind>archive</kind>
         <file>rts430_eabi.lib</file>
         <name>lsr64.c.obj</name>
      </input_file>
      <input_file id="fl-50">
         <path>C:\ti\ccsv8\tools\compiler\ti-cgt-msp430_18.1.2.LTS\lib\</path>
         <kind>archive</kind>
         <file>rts430_eabi.lib</file>
         <name>_io_perm.c.obj</name>
      </input_file>
      <input_file id="fl-51">
         <path>C:\ti\ccsv8\tools\compiler\ti-cgt-msp430_18.1.2.LTS\lib\</path>
         <kind>archive</kind>
         <file>rts430_eabi.lib</file>
         <name>fflush.c.obj</name>
      </input_file>
      <input_file id="fl-52">
         <path>C:\ti\ccsv8\tools\compiler\ti-cgt-msp430_18.1.2.LTS\lib\</path>
         <kind>archive</kind>
         <file>rts430_eabi.lib</file>
         <name>fseek.c.obj</name>
      </input_file>
      <input_file id="fl-53">
         <path>C:\ti\ccsv8\tools\compiler\ti-cgt-msp430_18.1.2.LTS\lib\</path>
         <kind>archive</kind>
         <file>rts430_eabi.lib</file>
         <name>lseek.c.obj</name>
      </input_file>
      <input_file id="fl-54">
         <path>C:\ti\ccsv8\tools\compiler\ti-cgt-msp430_18.1.2.LTS\lib\</path>
         <kind>archive</kind>
         <file>rts430_eabi.lib</file>
         <name>setvbuf.c.obj</name>
      </input_file>
      <input_file id="fl-55">
         <path>C:\ti\ccsv8\tools\compiler\ti-cgt-msp430_18.1.2.LTS\lib\</path>
         <kind>archive</kind>
         <file>rts430_eabi.lib</file>
         <name>hostclose.c.obj</name>
      </input_file>
      <input_file id="fl-56">
         <path>C:\ti\ccsv8\tools\compiler\ti-cgt-msp430_18.1.2.LTS\lib\</path>
         <kind>archive</kind>
         <file>rts430_eabi.lib</file>
         <name>hostlseek.c.obj</name>
      </input_file>
      <input_file id="fl-57">
         <path>C:\ti\ccsv8\tools\compiler\ti-cgt-msp430_18.1.2.LTS\lib\</path>
         <kind>archive</kind>
         <file>rts430_eabi.lib</file>
         <name>hostopen.c.obj</name>
      </input_file>
      <input_file id="fl-58">
         <path>C:\ti\ccsv8\tools\compiler\ti-cgt-msp430_18.1.2.LTS\lib\</path>
         <kind>archive</kind>
         <file>rts430_eabi.lib</file>
         <name>hostread.c.obj</name>
      </input_file>
      <input_file id="fl-59">
         <path>C:\ti\ccsv8\tools\compiler\ti-cgt-msp430_18.1.2.LTS\lib\</path>
         <kind>archive</kind>
         <file>rts430_eabi.lib</file>
         <name>hostrename.c.obj</name>
      </input_file>
      <input_file id="fl-5a">
         <path>C:\ti\ccsv8\tools\compiler\ti-cgt-msp430_18.1.2.LTS\lib\</path>
         <kind>archive</kind>
         <file>rts430_eabi.lib</file>
         <name>hostunlink.c.obj</name>
      </input_file>
      <input_file id="fl-5b">
         <path>C:\ti\ccsv8\tools\compiler\ti-cgt-msp430_18.1.2.LTS\lib\</path>
         <kind>archive</kind>
         <file>rts430_eabi.lib</file>
         <name>hostwrite.c.obj</name>
      </input_file>
      <input_file id="fl-5c">
         <path>C:\ti\ccsv8\tools\compiler\ti-cgt-msp430_18.1.2.LTS\lib\</path>
         <kind>archive</kind>
         <file>rts430_eabi.lib</file>
         <name>trgmsg.c.obj</name>
      </input_file>
      <input_file id="fl-5d">
         <path>C:\ti\ccsv8\tools\compiler\ti-cgt-msp430_18.1.2.LTS\lib\</path>
         <kind>archive</kind>
         <file>rts430_eabi.lib</file>
         <name>asr16.asm.obj</name>
      </input_file>
      <input_file id="fl-5e">
         <path>C:\ti\ccsv8\tools\compiler\ti-cgt-msp430_18.1.2.LTS\lib\</path>
         <kind>archive</kind>
         <file>rts430_eabi.lib</file>
         <name>lsl32.asm.obj</name>
      </input_file>
      <input_file id="fl-5f">
         <path>C:\ti\ccsv8\tools\compiler\ti-cgt-msp430_18.1.2.LTS\lib\</path>
         <kind>archive</kind>
         <file>rts430_eabi.lib</file>
         <name>memory.c.obj</name>
      </input_file>
      <input_file id="fl-60">
         <path>C:\ti\ccsv8\tools\compiler\ti-cgt-msp430_18.1.2.LTS\lib\</path>
         <kind>archive</kind>
         <file>rts430_eabi.lib</file>
         <name>fopen.c.obj</name>
      </input_file>
      <input_file id="fl-61">
         <path>C:\ti\ccsv8\tools\compiler\ti-cgt-msp430_18.1.2.LTS\lib\</path>
         <kind>archive</kind>
         <file>rts430_eabi.lib</file>
         <name>open.c.obj</name>
      </input_file>
      <input_file id="fl-62">
         <path>C:\ti\ccsv8\tools\compiler\ti-cgt-msp430_18.1.2.LTS\lib\</path>
         <kind>archive</kind>
         <file>rts430_eabi.lib</file>
         <name>strcpy.c.obj</name>
      </input_file>
      <input_file id="fl-63">
         <path>C:\ti\ccsv8\tools\compiler\ti-cgt-msp430_18.1.2.LTS\lib\</path>
         <kind>archive</kind>
         <file>rts430_eabi.lib</file>
         <name>fclose.c.obj</name>
      </input_file>
      <input_file id="fl-64">
         <path>C:\ti\ccsv8\tools\compiler\ti-cgt-msp430_18.1.2.LTS\lib\</path>
         <kind>archive</kind>
         <file>rts430_eabi.lib</file>
         <name>getdevice.c.obj</name>
      </input_file>
      <input_file id="fl-65">
         <path>C:\ti\ccsv8\tools\compiler\ti-cgt-msp430_18.1.2.LTS\lib\</path>
         <kind>archive</kind>
         <file>rts430_eabi.lib</file>
         <name>remove.c.obj</name>
      </input_file>
      <input_file id="fl-66">
         <path>C:\ti\ccsv8\tools\compiler\ti-cgt-msp430_18.1.2.LTS\lib\</path>
         <kind>archive</kind>
         <file>rts430_eabi.lib</file>
         <name>strchr.c.obj</name>
      </input_file>
      <input_file id="fl-67">
         <path>C:\ti\ccsv8\tools\compiler\ti-cgt-msp430_18.1.2.LTS\lib\</path>
         <kind>archive</kind>
         <file>rts430_eabi.lib</file>
         <name>strcmp.c.obj</name>
      </input_file>
      <input_file id="fl-68">
         <path>C:\ti\ccsv8\tools\compiler\ti-cgt-msp430_18.1.2.LTS\lib\</path>
         <kind>archive</kind>
         <file>rts430_eabi.lib</file>
         <name>strncpy.c.obj</name>
      </input_file>
      <input_file id="fl-69">
         <path>C:\ti\ccsv8\tools\compiler\ti-cgt-msp430_18.1.2.LTS\lib\</path>
         <kind>archive</kind>
         <file>rts430_eabi.lib</file>
         <name>unlink.c.obj</name>
      </input_file>
      <input_file id="fl-6a">
         <path>C:\ti\ccsv8\tools\compiler\ti-cgt-msp430_18.1.2.LTS\lib\</path>
         <kind>archive</kind>
         <file>rts430_eabi.lib</file>
         <name>close.c.obj</name>
      </input_file>
   </input_file_list>
   <object_component_list>
      <object_component id="oc-3ac">
         <name>.bss</name>
         <uninitialized>true</uninitialized>
         <run_address>0x4c4</run_address>
         <size>0x6</size>
         <input_file_ref idref="fl-5f"/>
      </object_component>
      <object_component id="oc-3ff">
         <name>.common:__TI_tmpnams</name>
         <uninitialized>true</uninitialized>
         <run_address>0x41c</run_address>
         <size>0xa0</size>
      </object_component>
      <object_component id="oc-40a">
         <name>.common:parmbuf</name>
         <uninitialized>true</uninitialized>
         <run_address>0x4bc</run_address>
         <size>0x8</size>
      </object_component>
      <object_component id="oc-257">
         <name>.data</name>
         <load_address>0x418</load_address>
         <run_address>0x418</run_address>
         <size>0x2</size>
         <input_file_ref idref="fl-3b"/>
      </object_component>
      <object_component id="oc-232">
         <name>.data:_lock</name>
         <load_address>0x412</load_address>
         <run_address>0x412</run_address>
         <size>0x2</size>
         <input_file_ref idref="fl-3c"/>
      </object_component>
      <object_component id="oc-24a">
         <name>.data:_unlock</name>
         <load_address>0x414</load_address>
         <run_address>0x414</run_address>
         <size>0x2</size>
         <input_file_ref idref="fl-3c"/>
      </object_component>
      <object_component id="oc-25d">
         <name>.data:__TI_cleanup_ptr</name>
         <load_address>0x40e</load_address>
         <run_address>0x40e</run_address>
         <size>0x2</size>
         <input_file_ref idref="fl-44"/>
      </object_component>
      <object_component id="oc-25a">
         <name>.data:__TI_dtors_ptr</name>
         <load_address>0x410</load_address>
         <run_address>0x410</run_address>
         <size>0x2</size>
         <input_file_ref idref="fl-44"/>
      </object_component>
      <object_component id="oc-235">
         <name>.data:_ftable</name>
         <load_address>0x320</load_address>
         <run_address>0x320</run_address>
         <size>0x78</size>
         <input_file_ref idref="fl-46"/>
      </object_component>
      <object_component id="oc-3c0">
         <name>.data</name>
         <load_address>0x416</load_address>
         <run_address>0x416</run_address>
         <size>0x2</size>
         <input_file_ref idref="fl-46"/>
      </object_component>
      <object_component id="oc-392">
         <name>.data:_device</name>
         <load_address>0x398</load_address>
         <run_address>0x398</run_address>
         <size>0x4e</size>
         <input_file_ref idref="fl-4d"/>
      </object_component>
      <object_component id="oc-356">
         <name>.data:_stream</name>
         <load_address>0x3e6</load_address>
         <run_address>0x3e6</run_address>
         <size>0x28</size>
         <input_file_ref idref="fl-4d"/>
      </object_component>
      <object_component id="oc-3b0">
         <name>.data</name>
         <load_address>0x41a</load_address>
         <run_address>0x41a</run_address>
         <size>0x2</size>
         <input_file_ref idref="fl-5f"/>
      </object_component>
      <object_component id="oc-f9">
         <name>.sysmem</name>
         <uninitialized>true</uninitialized>
         <run_address>0x4cc</run_address>
         <size>0x4</size>
         <input_file_ref idref="fl-5f"/>
      </object_component>
      <object_component id="oc-4cd">
         <name>.sysmem</name>
         <uninitialized>true</uninitialized>
         <run_address>0x4cc</run_address>
         <size>0x0</size>
      </object_component>
      <object_component id="oc-f5">
         <name>.stack</name>
         <uninitialized>true</uninitialized>
         <run_address>0x9b0</run_address>
         <size>0x2</size>
         <input_file_ref idref="fl-32"/>
      </object_component>
      <object_component id="oc-4cc">
         <name>.stack</name>
         <uninitialized>true</uninitialized>
         <run_address>0x9b0</run_address>
         <size>0x0</size>
      </object_component>
      <object_component id="oc-2a5">
         <name>.text:_setfield</name>
         <load_address>0x1100</load_address>
         <run_address>0x1100</run_address>
         <size>0x116</size>
         <input_file_ref idref="fl-45"/>
      </object_component>
      <object_component id="oc-244">
         <name>.text:__TI_printfi_minimal</name>
         <load_address>0x1216</load_address>
         <run_address>0x1216</run_address>
         <size>0xf0</size>
         <input_file_ref idref="fl-45"/>
      </object_component>
      <object_component id="oc-291">
         <name>.text:fputs</name>
         <load_address>0x1306</load_address>
         <run_address>0x1306</run_address>
         <size>0xea</size>
         <input_file_ref idref="fl-48"/>
      </object_component>
      <object_component id="oc-34a">
         <name>.text:setvbuf</name>
         <load_address>0x13f0</load_address>
         <run_address>0x13f0</run_address>
         <size>0xd0</size>
         <input_file_ref idref="fl-54"/>
      </object_component>
      <object_component id="oc-314">
         <name>.text:_pproc_diouxp</name>
         <load_address>0x14c0</load_address>
         <run_address>0x14c0</run_address>
         <size>0xca</size>
         <input_file_ref idref="fl-45"/>
      </object_component>
      <object_component id="oc-379">
         <name>.text:malloc</name>
         <load_address>0x158a</load_address>
         <run_address>0x158a</run_address>
         <size>0xb2</size>
         <input_file_ref idref="fl-5f"/>
      </object_component>
      <object_component id="oc-1d0">
         <name>.text:LCD_init</name>
         <load_address>0x163c</load_address>
         <run_address>0x163c</run_address>
         <size>0x9c</size>
         <input_file_ref idref="fl-2"/>
      </object_component>
      <object_component id="oc-298">
         <name>.text:fputc</name>
         <load_address>0x16d8</load_address>
         <run_address>0x16d8</run_address>
         <size>0x90</size>
         <input_file_ref idref="fl-47"/>
      </object_component>
      <object_component id="oc-3de">
         <name>.text:HOSTlseek</name>
         <load_address>0x1768</load_address>
         <run_address>0x1768</run_address>
         <size>0x88</size>
         <input_file_ref idref="fl-56"/>
      </object_component>
      <object_component id="oc-373">
         <name>.text:free</name>
         <load_address>0x17f0</load_address>
         <run_address>0x17f0</run_address>
         <size>0x80</size>
         <input_file_ref idref="fl-5f"/>
      </object_component>
      <object_component id="oc-33">
         <name>.text:decompress:lzss:__TI_decompress_lzss</name>
         <load_address>0x1870</load_address>
         <run_address>0x1870</run_address>
         <size>0x7c</size>
         <input_file_ref idref="fl-3a"/>
      </object_component>
      <object_component id="oc-2ef">
         <name>.text:__TI_wrt_ok</name>
         <load_address>0x18ec</load_address>
         <run_address>0x18ec</run_address>
         <size>0x7a</size>
         <input_file_ref idref="fl-50"/>
      </object_component>
      <object_component id="oc-3ba">
         <name>.text:__TI_closefile</name>
         <load_address>0x1966</load_address>
         <run_address>0x1966</run_address>
         <size>0x72</size>
         <input_file_ref idref="fl-63"/>
      </object_component>
      <object_component id="oc-344">
         <name>.text:fseek</name>
         <load_address>0x19d8</load_address>
         <run_address>0x19d8</run_address>
         <size>0x70</size>
         <input_file_ref idref="fl-52"/>
      </object_component>
      <object_component id="oc-3ea">
         <name>.text:HOSTrename</name>
         <load_address>0x1a48</load_address>
         <run_address>0x1a48</run_address>
         <size>0x6a</size>
         <input_file_ref idref="fl-59"/>
      </object_component>
      <object_component id="oc-3c6">
         <name>.text:HOSTopen</name>
         <load_address>0x1ab2</load_address>
         <run_address>0x1ab2</run_address>
         <size>0x66</size>
         <input_file_ref idref="fl-57"/>
      </object_component>
      <object_component id="oc-3d8">
         <name>.text:HOSTwrite</name>
         <load_address>0x1b18</load_address>
         <run_address>0x1b18</run_address>
         <size>0x62</size>
         <input_file_ref idref="fl-5b"/>
      </object_component>
      <object_component id="oc-2fb">
         <name>.text:__TI_doflush</name>
         <load_address>0x1b7a</load_address>
         <run_address>0x1b7a</run_address>
         <size>0x62</size>
         <input_file_ref idref="fl-51"/>
      </object_component>
      <object_component id="oc-3d2">
         <name>.text:HOSTread</name>
         <load_address>0x1bdc</load_address>
         <run_address>0x1bdc</run_address>
         <size>0x60</size>
         <input_file_ref idref="fl-58"/>
      </object_component>
      <object_component id="oc-433">
         <name>.text:getdevice</name>
         <load_address>0x1c3c</load_address>
         <run_address>0x1c3c</run_address>
         <size>0x58</size>
         <input_file_ref idref="fl-64"/>
      </object_component>
      <object_component id="oc-24f">
         <name>.text:DisplayCgrom</name>
         <load_address>0x1c94</load_address>
         <run_address>0x1c94</run_address>
         <size>0x56</size>
         <input_file_ref idref="fl-2"/>
      </object_component>
      <object_component id="oc-18f">
         <name>.text:main</name>
         <load_address>0x1cea</load_address>
         <run_address>0x1cea</run_address>
         <size>0x50</size>
         <input_file_ref idref="fl-2"/>
      </object_component>
      <object_component id="oc-101">
         <name>.text</name>
         <load_address>0x1d3a</load_address>
         <run_address>0x1d3a</run_address>
         <size>0x4c</size>
         <input_file_ref idref="fl-42"/>
      </object_component>
      <object_component id="oc-3f9">
         <name>.text:close</name>
         <load_address>0x1d86</load_address>
         <run_address>0x1d86</run_address>
         <size>0x4a</size>
         <input_file_ref idref="fl-6a"/>
      </object_component>
      <object_component id="oc-3cc">
         <name>.text:HOSTclose</name>
         <load_address>0x1dd0</load_address>
         <run_address>0x1dd0</run_address>
         <size>0x44</size>
         <input_file_ref idref="fl-55"/>
      </object_component>
      <object_component id="oc-1ea">
         <name>.text:exit</name>
         <load_address>0x1e14</load_address>
         <run_address>0x1e14</run_address>
         <size>0x44</size>
         <input_file_ref idref="fl-3b"/>
      </object_component>
      <object_component id="oc-1f0">
         <name>.text:__TI_auto_init_nobinit_nopinit:__TI_auto_init_nobinit_nopinit</name>
         <load_address>0x1e58</load_address>
         <run_address>0x1e58</run_address>
         <size>0x42</size>
         <input_file_ref idref="fl-33"/>
      </object_component>
      <object_component id="oc-3e4">
         <name>.text:HOSTunlink</name>
         <load_address>0x1e9a</load_address>
         <run_address>0x1e9a</run_address>
         <size>0x40</size>
         <input_file_ref idref="fl-5a"/>
      </object_component>
      <object_component id="oc-22b">
         <name>.text:LCD_write_com</name>
         <load_address>0x1eda</load_address>
         <run_address>0x1eda</run_address>
         <size>0x3e</size>
         <input_file_ref idref="fl-2"/>
      </object_component>
      <object_component id="oc-2c0">
         <name>.text:LCD_write_data</name>
         <load_address>0x1f18</load_address>
         <run_address>0x1f18</run_address>
         <size>0x3e</size>
         <input_file_ref idref="fl-2"/>
      </object_component>
      <object_component id="oc-420">
         <name>.text:l_lsl_const</name>
         <load_address>0x1f56</load_address>
         <run_address>0x1f56</run_address>
         <size>0x3e</size>
         <input_file_ref idref="fl-5e"/>
      </object_component>
      <object_component id="oc-1d7">
         <name>.text:printf</name>
         <load_address>0x1f94</load_address>
         <run_address>0x1f94</run_address>
         <size>0x3c</size>
         <input_file_ref idref="fl-3f"/>
      </object_component>
      <object_component id="oc-3b3">
         <name>.text:minit</name>
         <load_address>0x1fd0</load_address>
         <run_address>0x1fd0</run_address>
         <size>0x38</size>
         <input_file_ref idref="fl-5f"/>
      </object_component>
      <object_component id="oc-37f">
         <name>.text:__TI_cleanup</name>
         <load_address>0x2008</load_address>
         <run_address>0x2008</run_address>
         <size>0x34</size>
         <input_file_ref idref="fl-60"/>
      </object_component>
      <object_component id="oc-462">
         <name>.text:finddevice</name>
         <load_address>0x203c</load_address>
         <run_address>0x203c</run_address>
         <size>0x34</size>
         <input_file_ref idref="fl-64"/>
      </object_component>
      <object_component id="oc-1dd">
         <name>.text:Display</name>
         <load_address>0x2070</load_address>
         <run_address>0x2070</run_address>
         <size>0x32</size>
         <input_file_ref idref="fl-2"/>
      </object_component>
      <object_component id="oc-1c4">
         <name>.text:Clock_Init</name>
         <load_address>0x20a2</load_address>
         <run_address>0x20a2</run_address>
         <size>0x2e</size>
         <input_file_ref idref="fl-2"/>
      </object_component>
      <object_component id="oc-40d">
         <name>.text:__TI_writemsg</name>
         <load_address>0x20d0</load_address>
         <run_address>0x20d0</run_address>
         <size>0x2e</size>
         <input_file_ref idref="fl-5c"/>
      </object_component>
      <object_component id="oc-413">
         <name>.text:__TI_readmsg</name>
         <load_address>0x20fe</load_address>
         <run_address>0x20fe</run_address>
         <size>0x2c</size>
         <input_file_ref idref="fl-5c"/>
      </object_component>
      <object_component id="oc-fc">
         <name>.text</name>
         <load_address>0x212a</load_address>
         <run_address>0x212a</run_address>
         <size>0x2c</size>
         <input_file_ref idref="fl-41"/>
      </object_component>
      <object_component id="oc-45c">
         <name>.text:strncpy</name>
         <load_address>0x2156</load_address>
         <run_address>0x2156</run_address>
         <size>0x2c</size>
         <input_file_ref idref="fl-68"/>
      </object_component>
      <object_component id="oc-400">
         <name>.text:unlink</name>
         <load_address>0x2182</load_address>
         <run_address>0x2182</run_address>
         <size>0x28</size>
         <input_file_ref idref="fl-69"/>
      </object_component>
      <object_component id="oc-36b">
         <name>.text:lseek</name>
         <load_address>0x21aa</load_address>
         <run_address>0x21aa</run_address>
         <size>0x26</size>
         <input_file_ref idref="fl-53"/>
      </object_component>
      <object_component id="oc-301">
         <name>.text:write</name>
         <load_address>0x21d0</load_address>
         <run_address>0x21d0</run_address>
         <size>0x24</size>
         <input_file_ref idref="fl-4d"/>
      </object_component>
      <object_component id="oc-1ca">
         <name>.text:Port_Init</name>
         <load_address>0x21f4</load_address>
         <run_address>0x21f4</run_address>
         <size>0x1c</size>
         <input_file_ref idref="fl-2"/>
      </object_component>
      <object_component id="oc-13a">
         <name>.text:_c_int00_noargs</name>
         <load_address>0x2210</load_address>
         <run_address>0x2210</run_address>
         <size>0x1c</size>
         <input_file_ref idref="fl-32"/>
      </object_component>
      <object_component id="oc-31a">
         <name>.text:memccpy</name>
         <load_address>0x222c</load_address>
         <run_address>0x222c</run_address>
         <size>0x1a</size>
         <input_file_ref idref="fl-49"/>
      </object_component>
      <object_component id="oc-456">
         <name>.text:strchr</name>
         <load_address>0x2246</load_address>
         <run_address>0x2246</run_address>
         <size>0x1a</size>
         <input_file_ref idref="fl-66"/>
      </object_component>
      <object_component id="oc-47b">
         <name>.text:strcmp</name>
         <load_address>0x2260</load_address>
         <run_address>0x2260</run_address>
         <size>0x18</size>
         <input_file_ref idref="fl-67"/>
      </object_component>
      <object_component id="oc-363">
         <name>.text</name>
         <load_address>0x2278</load_address>
         <run_address>0x2278</run_address>
         <size>0x16</size>
         <input_file_ref idref="fl-4e"/>
      </object_component>
      <object_component id="oc-128">
         <name>.text:decompress:ZI:__TI_zero_init_nomemset:__TI_zero_init_nomemset</name>
         <load_address>0x228e</load_address>
         <run_address>0x228e</run_address>
         <size>0x14</size>
         <input_file_ref idref="fl-34"/>
      </object_component>
      <object_component id="oc-2f5">
         <name>.text:memchr</name>
         <load_address>0x22a2</load_address>
         <run_address>0x22a2</run_address>
         <size>0x14</size>
         <input_file_ref idref="fl-4a"/>
      </object_component>
      <object_component id="oc-30d">
         <name>.text:memset</name>
         <load_address>0x22b6</load_address>
         <run_address>0x22b6</run_address>
         <size>0x14</size>
         <input_file_ref idref="fl-4b"/>
      </object_component>
      <object_component id="oc-2de">
         <name>.text</name>
         <load_address>0x22ca</load_address>
         <run_address>0x22ca</run_address>
         <size>0x14</size>
         <input_file_ref idref="fl-2d"/>
      </object_component>
      <object_component id="oc-39">
         <name>.text:decompress:none:__TI_decompress_none</name>
         <load_address>0x22de</load_address>
         <run_address>0x22de</run_address>
         <size>0x12</size>
         <input_file_ref idref="fl-39"/>
      </object_component>
      <object_component id="oc-116">
         <name>.text:memcpy</name>
         <load_address>0x22f0</load_address>
         <run_address>0x22f0</run_address>
         <size>0x12</size>
         <input_file_ref idref="fl-3e"/>
      </object_component>
      <object_component id="oc-106">
         <name>.text</name>
         <load_address>0x2302</load_address>
         <run_address>0x2302</run_address>
         <size>0x10</size>
         <input_file_ref idref="fl-40"/>
      </object_component>
      <object_component id="oc-429">
         <name>.text:strcpy</name>
         <load_address>0x2312</load_address>
         <run_address>0x2312</run_address>
         <size>0x10</size>
         <input_file_ref idref="fl-62"/>
      </object_component>
      <object_component id="oc-29f">
         <name>.text:strlen</name>
         <load_address>0x2322</load_address>
         <run_address>0x2322</run_address>
         <size>0xe</size>
         <input_file_ref idref="fl-4c"/>
      </object_component>
      <object_component id="oc-1be">
         <name>.text:WDT_Init</name>
         <load_address>0x2330</load_address>
         <run_address>0x2330</run_address>
         <size>0x8</size>
         <input_file_ref idref="fl-2"/>
      </object_component>
      <object_component id="oc-123">
         <name>.text:_isr:__TI_ISR_TRAP</name>
         <load_address>0x2338</load_address>
         <run_address>0x2338</run_address>
         <size>0x8</size>
         <input_file_ref idref="fl-2c"/>
      </object_component>
      <object_component id="oc-23e">
         <name>.text:_outc</name>
         <load_address>0x2340</load_address>
         <run_address>0x2340</run_address>
         <size>0x6</size>
         <input_file_ref idref="fl-3f"/>
      </object_component>
      <object_component id="oc-1e4">
         <name>.text:abort</name>
         <load_address>0x2346</load_address>
         <run_address>0x2346</run_address>
         <size>0x6</size>
         <input_file_ref idref="fl-3b"/>
      </object_component>
      <object_component id="oc-238">
         <name>.text:_outs</name>
         <load_address>0x234c</load_address>
         <run_address>0x234c</run_address>
         <size>0x4</size>
         <input_file_ref idref="fl-3f"/>
      </object_component>
      <object_component id="oc-189">
         <name>.text:_system_pre_init</name>
         <load_address>0x2350</load_address>
         <run_address>0x2350</run_address>
         <size>0x4</size>
         <input_file_ref idref="fl-37"/>
      </object_component>
      <object_component id="oc-284">
         <name>.text:_nop</name>
         <load_address>0x2354</load_address>
         <run_address>0x2354</run_address>
         <size>0x2</size>
         <input_file_ref idref="fl-3c"/>
      </object_component>
      <object_component id="oc-262">
         <name>.text:_system_post_cinit</name>
         <load_address>0x2356</load_address>
         <run_address>0x2356</run_address>
         <size>0x2</size>
         <input_file_ref idref="fl-38"/>
      </object_component>
      <object_component id="oc-4cb">
         <name>.cinit..data.load</name>
         <load_address>0x23bc</load_address>
         <run_address>0x23bc</run_address>
         <size>0x44</size>
      </object_component>
      <object_component id="oc-4c8">
         <name>__TI_handler_table</name>
         <load_address>0x2400</load_address>
         <run_address>0x2400</run_address>
         <size>0x6</size>
      </object_component>
      <object_component id="oc-4ca">
         <name>.cinit..bss.load</name>
         <load_address>0x2406</load_address>
         <run_address>0x2406</run_address>
         <size>0x4</size>
      </object_component>
      <object_component id="oc-4c9">
         <name>__TI_cinit_table</name>
         <load_address>0x240a</load_address>
         <run_address>0x240a</run_address>
         <size>0x8</size>
      </object_component>
      <object_component id="oc-1d6">
         <name>.const:.string</name>
         <load_address>0x2358</load_address>
         <run_address>0x2358</run_address>
         <size>0x50</size>
         <input_file_ref idref="fl-2"/>
      </object_component>
      <object_component id="oc-313">
         <name>.const:.string</name>
         <load_address>0x23a8</load_address>
         <run_address>0x23a8</run_address>
         <size>0x14</size>
         <input_file_ref idref="fl-45"/>
      </object_component>
      <object_component id="oc-43f">
         <name>.cio</name>
         <uninitialized>true</uninitialized>
         <run_address>0x200</run_address>
         <size>0x120</size>
         <input_file_ref idref="fl-5c"/>
      </object_component>
      <object_component id="oc-48d">
         <name>.binit</name>
         <load_address>0x1100</load_address>
         <run_address>0x1100</run_address>
         <size>0x0</size>
      </object_component>
      <object_component id="oc-3f">
         <name>.int00</name>
         <load_address>0xffe0</load_address>
         <run_address>0xffe0</run_address>
         <size>0x2</size>
         <input_file_ref idref="fl-1d"/>
      </object_component>
      <object_component id="oc-40">
         <name>.int01</name>
         <load_address>0xffe2</load_address>
         <run_address>0xffe2</run_address>
         <size>0x2</size>
         <input_file_ref idref="fl-1e"/>
      </object_component>
      <object_component id="oc-41">
         <name>.int02</name>
         <load_address>0xffe4</load_address>
         <run_address>0xffe4</run_address>
         <size>0x2</size>
         <input_file_ref idref="fl-1f"/>
      </object_component>
      <object_component id="oc-42">
         <name>.int03</name>
         <load_address>0xffe6</load_address>
         <run_address>0xffe6</run_address>
         <size>0x2</size>
         <input_file_ref idref="fl-20"/>
      </object_component>
      <object_component id="oc-43">
         <name>.int04</name>
         <load_address>0xffe8</load_address>
         <run_address>0xffe8</run_address>
         <size>0x2</size>
         <input_file_ref idref="fl-21"/>
      </object_component>
      <object_component id="oc-44">
         <name>.int05</name>
         <load_address>0xffea</load_address>
         <run_address>0xffea</run_address>
         <size>0x2</size>
         <input_file_ref idref="fl-22"/>
      </object_component>
      <object_component id="oc-45">
         <name>.int06</name>
         <load_address>0xffec</load_address>
         <run_address>0xffec</run_address>
         <size>0x2</size>
         <input_file_ref idref="fl-23"/>
      </object_component>
      <object_component id="oc-46">
         <name>.int07</name>
         <load_address>0xffee</load_address>
         <run_address>0xffee</run_address>
         <size>0x2</size>
         <input_file_ref idref="fl-24"/>
      </object_component>
      <object_component id="oc-47">
         <name>.int08</name>
         <load_address>0xfff0</load_address>
         <run_address>0xfff0</run_address>
         <size>0x2</size>
         <input_file_ref idref="fl-25"/>
      </object_component>
      <object_component id="oc-48">
         <name>.int09</name>
         <load_address>0xfff2</load_address>
         <run_address>0xfff2</run_address>
         <size>0x2</size>
         <input_file_ref idref="fl-26"/>
      </object_component>
      <object_component id="oc-49">
         <name>.int10</name>
         <load_address>0xfff4</load_address>
         <run_address>0xfff4</run_address>
         <size>0x2</size>
         <input_file_ref idref="fl-27"/>
      </object_component>
      <object_component id="oc-4a">
         <name>.int11</name>
         <load_address>0xfff6</load_address>
         <run_address>0xfff6</run_address>
         <size>0x2</size>
         <input_file_ref idref="fl-28"/>
      </object_component>
      <object_component id="oc-4b">
         <name>.int12</name>
         <load_address>0xfff8</load_address>
         <run_address>0xfff8</run_address>
         <size>0x2</size>
         <input_file_ref idref="fl-29"/>
      </object_component>
      <object_component id="oc-4c">
         <name>.int13</name>
         <load_address>0xfffa</load_address>
         <run_address>0xfffa</run_address>
         <size>0x2</size>
         <input_file_ref idref="fl-2a"/>
      </object_component>
      <object_component id="oc-4d">
         <name>.int14</name>
         <load_address>0xfffc</load_address>
         <run_address>0xfffc</run_address>
         <size>0x2</size>
         <input_file_ref idref="fl-2b"/>
      </object_component>
      <object_component id="oc-f8">
         <name>.reset</name>
         <load_address>0xfffe</load_address>
         <run_address>0xfffe</run_address>
         <size>0x2</size>
         <input_file_ref idref="fl-32"/>
      </object_component>
      <object_component id="oc-2c7">
         <name>.debug_info</name>
         <load_address>0x0</load_address>
         <run_address>0x0</run_address>
         <size>0x2be</size>
         <input_file_ref idref="fl-2"/>
      </object_component>
      <object_component id="oc-1bf">
         <name>.debug_info</name>
         <load_address>0x2be</load_address>
         <run_address>0x2be</run_address>
         <size>0xf5</size>
         <input_file_ref idref="fl-2"/>
      </object_component>
      <object_component id="oc-1c5">
         <name>.debug_info</name>
         <load_address>0x3b3</load_address>
         <run_address>0x3b3</run_address>
         <size>0x104</size>
         <input_file_ref idref="fl-2"/>
      </object_component>
      <object_component id="oc-1cb">
         <name>.debug_info</name>
         <load_address>0x4b7</load_address>
         <run_address>0x4b7</run_address>
         <size>0xf3</size>
         <input_file_ref idref="fl-2"/>
      </object_component>
      <object_component id="oc-22d">
         <name>.debug_info</name>
         <load_address>0x5aa</load_address>
         <run_address>0x5aa</run_address>
         <size>0x119</size>
         <input_file_ref idref="fl-2"/>
      </object_component>
      <object_component id="oc-1d2">
         <name>.debug_info</name>
         <load_address>0x6c3</load_address>
         <run_address>0x6c3</run_address>
         <size>0x141</size>
         <input_file_ref idref="fl-2"/>
      </object_component>
      <object_component id="oc-2c2">
         <name>.debug_info</name>
         <load_address>0x804</load_address>
         <run_address>0x804</run_address>
         <size>0x11f</size>
         <input_file_ref idref="fl-2"/>
      </object_component>
      <object_component id="oc-250">
         <name>.debug_info</name>
         <load_address>0x923</load_address>
         <run_address>0x923</run_address>
         <size>0x14d</size>
         <input_file_ref idref="fl-2"/>
      </object_component>
      <object_component id="oc-1de">
         <name>.debug_info</name>
         <load_address>0xa70</load_address>
         <run_address>0xa70</run_address>
         <size>0x13b</size>
         <input_file_ref idref="fl-2"/>
      </object_component>
      <object_component id="oc-191">
         <name>.debug_info</name>
         <load_address>0xbab</load_address>
         <run_address>0xbab</run_address>
         <size>0x13d</size>
         <input_file_ref idref="fl-2"/>
      </object_component>
      <object_component id="oc-335">
         <name>.debug_info</name>
         <load_address>0xce8</load_address>
         <run_address>0xce8</run_address>
         <size>0x26b</size>
         <input_file_ref idref="fl-2"/>
      </object_component>
      <object_component id="oc-111">
         <name>.debug_info</name>
         <load_address>0xf53</load_address>
         <run_address>0xf53</run_address>
         <size>0x84</size>
         <input_file_ref idref="fl-2"/>
      </object_component>
      <object_component id="oc-32d">
         <name>.debug_info</name>
         <load_address>0xfd7</load_address>
         <run_address>0xfd7</run_address>
         <size>0x275</size>
         <input_file_ref idref="fl-2"/>
      </object_component>
      <object_component id="oc-2ad">
         <name>.debug_info</name>
         <load_address>0x124c</load_address>
         <run_address>0x124c</run_address>
         <size>0x2c</size>
         <input_file_ref idref="fl-2"/>
      </object_component>
      <object_component id="oc-126">
         <name>.debug_info</name>
         <load_address>0x1278</load_address>
         <run_address>0x1278</run_address>
         <size>0x107</size>
         <input_file_ref idref="fl-2c"/>
      </object_component>
      <object_component id="oc-2df">
         <name>.debug_info</name>
         <load_address>0x137f</load_address>
         <run_address>0x137f</run_address>
         <size>0x117</size>
         <input_file_ref idref="fl-2d"/>
      </object_component>
      <object_component id="oc-f6">
         <name>.debug_info</name>
         <load_address>0x1496</load_address>
         <run_address>0x1496</run_address>
         <size>0xf5</size>
         <input_file_ref idref="fl-32"/>
      </object_component>
      <object_component id="oc-13e">
         <name>.debug_info</name>
         <load_address>0x158b</load_address>
         <run_address>0x158b</run_address>
         <size>0x16f</size>
         <input_file_ref idref="fl-32"/>
      </object_component>
      <object_component id="oc-269">
         <name>.debug_info</name>
         <load_address>0x16fa</load_address>
         <run_address>0x16fa</run_address>
         <size>0x472</size>
         <input_file_ref idref="fl-33"/>
      </object_component>
      <object_component id="oc-1f1">
         <name>.debug_info</name>
         <load_address>0x1b6c</load_address>
         <run_address>0x1b6c</run_address>
         <size>0x1d5</size>
         <input_file_ref idref="fl-33"/>
      </object_component>
      <object_component id="oc-2d4">
         <name>.debug_info</name>
         <load_address>0x1d41</load_address>
         <run_address>0x1d41</run_address>
         <size>0x39</size>
         <input_file_ref idref="fl-33"/>
      </object_component>
      <object_component id="oc-2e5">
         <name>.debug_info</name>
         <load_address>0x1d7a</load_address>
         <run_address>0x1d7a</run_address>
         <size>0x2c</size>
         <input_file_ref idref="fl-33"/>
      </object_component>
      <object_component id="oc-274">
         <name>.debug_info</name>
         <load_address>0x1da6</load_address>
         <run_address>0x1da6</run_address>
         <size>0x2c</size>
         <input_file_ref idref="fl-33"/>
      </object_component>
      <object_component id="oc-2d9">
         <name>.debug_info</name>
         <load_address>0x1dd2</load_address>
         <run_address>0x1dd2</run_address>
         <size>0xcd</size>
         <input_file_ref idref="fl-33"/>
      </object_component>
      <object_component id="oc-187">
         <name>.debug_info</name>
         <load_address>0x1e9f</load_address>
         <run_address>0x1e9f</run_address>
         <size>0x1b4</size>
         <input_file_ref idref="fl-34"/>
      </object_component>
      <object_component id="oc-12a">
         <name>.debug_info</name>
         <load_address>0x2053</load_address>
         <run_address>0x2053</run_address>
         <size>0x1c7</size>
         <input_file_ref idref="fl-34"/>
      </object_component>
      <object_component id="oc-182">
         <name>.debug_info</name>
         <load_address>0x221a</load_address>
         <run_address>0x221a</run_address>
         <size>0x46</size>
         <input_file_ref idref="fl-34"/>
      </object_component>
      <object_component id="oc-174">
         <name>.debug_info</name>
         <load_address>0x2260</load_address>
         <run_address>0x2260</run_address>
         <size>0x2c</size>
         <input_file_ref idref="fl-34"/>
      </object_component>
      <object_component id="oc-18c">
         <name>.debug_info</name>
         <load_address>0x228c</load_address>
         <run_address>0x228c</run_address>
         <size>0x148</size>
         <input_file_ref idref="fl-37"/>
      </object_component>
      <object_component id="oc-264">
         <name>.debug_info</name>
         <load_address>0x23d4</load_address>
         <run_address>0x23d4</run_address>
         <size>0x145</size>
         <input_file_ref idref="fl-38"/>
      </object_component>
      <object_component id="oc-122">
         <name>.debug_info</name>
         <load_address>0x2519</load_address>
         <run_address>0x2519</run_address>
         <size>0x175</size>
         <input_file_ref idref="fl-39"/>
      </object_component>
      <object_component id="oc-3a">
         <name>.debug_info</name>
         <load_address>0x268e</load_address>
         <run_address>0x268e</run_address>
         <size>0x1df</size>
         <input_file_ref idref="fl-39"/>
      </object_component>
      <object_component id="oc-11d">
         <name>.debug_info</name>
         <load_address>0x286d</load_address>
         <run_address>0x286d</run_address>
         <size>0x46</size>
         <input_file_ref idref="fl-39"/>
      </object_component>
      <object_component id="oc-179">
         <name>.debug_info</name>
         <load_address>0x28b3</load_address>
         <run_address>0x28b3</run_address>
         <size>0x2c</size>
         <input_file_ref idref="fl-39"/>
      </object_component>
      <object_component id="oc-171">
         <name>.debug_info</name>
         <load_address>0x28df</load_address>
         <run_address>0x28df</run_address>
         <size>0x16b</size>
         <input_file_ref idref="fl-3a"/>
      </object_component>
      <object_component id="oc-35">
         <name>.debug_info</name>
         <load_address>0x2a4a</load_address>
         <run_address>0x2a4a</run_address>
         <size>0x287</size>
         <input_file_ref idref="fl-3a"/>
      </object_component>
      <object_component id="oc-10c">
         <name>.debug_info</name>
         <load_address>0x2cd1</load_address>
         <run_address>0x2cd1</run_address>
         <size>0x60</size>
         <input_file_ref idref="fl-3a"/>
      </object_component>
      <object_component id="oc-1b2">
         <name>.debug_info</name>
         <load_address>0x2d31</load_address>
         <run_address>0x2d31</run_address>
         <size>0x46</size>
         <input_file_ref idref="fl-3a"/>
      </object_component>
      <object_component id="oc-16c">
         <name>.debug_info</name>
         <load_address>0x2d77</load_address>
         <run_address>0x2d77</run_address>
         <size>0x39</size>
         <input_file_ref idref="fl-3a"/>
      </object_component>
      <object_component id="oc-261">
         <name>.debug_info</name>
         <load_address>0x2db0</load_address>
         <run_address>0x2db0</run_address>
         <size>0x223</size>
         <input_file_ref idref="fl-3b"/>
      </object_component>
      <object_component id="oc-258">
         <name>.debug_info</name>
         <load_address>0x2fd3</load_address>
         <run_address>0x2fd3</run_address>
         <size>0x127</size>
         <input_file_ref idref="fl-3b"/>
      </object_component>
      <object_component id="oc-1e7">
         <name>.debug_info</name>
         <load_address>0x30fa</load_address>
         <run_address>0x30fa</run_address>
         <size>0x117</size>
         <input_file_ref idref="fl-3b"/>
      </object_component>
      <object_component id="oc-1eb">
         <name>.debug_info</name>
         <load_address>0x3211</load_address>
         <run_address>0x3211</run_address>
         <size>0x18c</size>
         <input_file_ref idref="fl-3b"/>
      </object_component>
      <object_component id="oc-28c">
         <name>.debug_info</name>
         <load_address>0x339d</load_address>
         <run_address>0x339d</run_address>
         <size>0x158</size>
         <input_file_ref idref="fl-3c"/>
      </object_component>
      <object_component id="oc-233">
         <name>.debug_info</name>
         <load_address>0x34f5</load_address>
         <run_address>0x34f5</run_address>
         <size>0xf4</size>
         <input_file_ref idref="fl-3c"/>
      </object_component>
      <object_component id="oc-24b">
         <name>.debug_info</name>
         <load_address>0x35e9</load_address>
         <run_address>0x35e9</run_address>
         <size>0xf8</size>
         <input_file_ref idref="fl-3c"/>
      </object_component>
      <object_component id="oc-288">
         <name>.debug_info</name>
         <load_address>0x36e1</load_address>
         <run_address>0x36e1</run_address>
         <size>0x123</size>
         <input_file_ref idref="fl-3c"/>
      </object_component>
      <object_component id="oc-173">
         <name>.debug_info</name>
         <load_address>0x3804</load_address>
         <run_address>0x3804</run_address>
         <size>0x176</size>
         <input_file_ref idref="fl-3e"/>
      </object_component>
      <object_component id="oc-118">
         <name>.debug_info</name>
         <load_address>0x397a</load_address>
         <run_address>0x397a</run_address>
         <size>0x16f</size>
         <input_file_ref idref="fl-3e"/>
      </object_component>
      <object_component id="oc-24e">
         <name>.debug_info</name>
         <load_address>0x3ae9</load_address>
         <run_address>0x3ae9</run_address>
         <size>0x2b2</size>
         <input_file_ref idref="fl-3f"/>
      </object_component>
      <object_component id="oc-23f">
         <name>.debug_info</name>
         <load_address>0x3d9b</load_address>
         <run_address>0x3d9b</run_address>
         <size>0x157</size>
         <input_file_ref idref="fl-3f"/>
      </object_component>
      <object_component id="oc-239">
         <name>.debug_info</name>
         <load_address>0x3ef2</load_address>
         <run_address>0x3ef2</run_address>
         <size>0x15b</size>
         <input_file_ref idref="fl-3f"/>
      </object_component>
      <object_component id="oc-1d8">
         <name>.debug_info</name>
         <load_address>0x404d</load_address>
         <run_address>0x404d</run_address>
         <size>0x179</size>
         <input_file_ref idref="fl-3f"/>
      </object_component>
      <object_component id="oc-2bb">
         <name>.debug_info</name>
         <load_address>0x41c6</load_address>
         <run_address>0x41c6</run_address>
         <size>0xb2</size>
         <input_file_ref idref="fl-3f"/>
      </object_component>
      <object_component id="oc-108">
         <name>.debug_info</name>
         <load_address>0x4278</load_address>
         <run_address>0x4278</run_address>
         <size>0x126</size>
         <input_file_ref idref="fl-40"/>
      </object_component>
      <object_component id="oc-fe">
         <name>.debug_info</name>
         <load_address>0x439e</load_address>
         <run_address>0x439e</run_address>
         <size>0x118</size>
         <input_file_ref idref="fl-41"/>
      </object_component>
      <object_component id="oc-102">
         <name>.debug_info</name>
         <load_address>0x44b6</load_address>
         <run_address>0x44b6</run_address>
         <size>0x118</size>
         <input_file_ref idref="fl-42"/>
      </object_component>
      <object_component id="oc-2cc">
         <name>.debug_info</name>
         <load_address>0x45ce</load_address>
         <run_address>0x45ce</run_address>
         <size>0xf8</size>
         <input_file_ref idref="fl-44"/>
      </object_component>
      <object_component id="oc-25e">
         <name>.debug_info</name>
         <load_address>0x46c6</load_address>
         <run_address>0x46c6</run_address>
         <size>0x10f</size>
         <input_file_ref idref="fl-44"/>
      </object_component>
      <object_component id="oc-25b">
         <name>.debug_info</name>
         <load_address>0x47d5</load_address>
         <run_address>0x47d5</run_address>
         <size>0x10b</size>
         <input_file_ref idref="fl-44"/>
      </object_component>
      <object_component id="oc-2ac">
         <name>.debug_info</name>
         <load_address>0x48e0</load_address>
         <run_address>0x48e0</run_address>
         <size>0x397</size>
         <input_file_ref idref="fl-45"/>
      </object_component>
      <object_component id="oc-318">
         <name>.debug_info</name>
         <load_address>0x4c77</load_address>
         <run_address>0x4c77</run_address>
         <size>0x2bc</size>
         <input_file_ref idref="fl-45"/>
      </object_component>
      <object_component id="oc-2a9">
         <name>.debug_info</name>
         <load_address>0x4f33</load_address>
         <run_address>0x4f33</run_address>
         <size>0x284</size>
         <input_file_ref idref="fl-45"/>
      </object_component>
      <object_component id="oc-248">
         <name>.debug_info</name>
         <load_address>0x51b7</load_address>
         <run_address>0x51b7</run_address>
         <size>0x2fc</size>
         <input_file_ref idref="fl-45"/>
      </object_component>
      <object_component id="oc-2b2">
         <name>.debug_info</name>
         <load_address>0x54b3</load_address>
         <run_address>0x54b3</run_address>
         <size>0x86</size>
         <input_file_ref idref="fl-45"/>
      </object_component>
      <object_component id="oc-328">
         <name>.debug_info</name>
         <load_address>0x5539</load_address>
         <run_address>0x5539</run_address>
         <size>0x39</size>
         <input_file_ref idref="fl-45"/>
      </object_component>
      <object_component id="oc-323">
         <name>.debug_info</name>
         <load_address>0x5572</load_address>
         <run_address>0x5572</run_address>
         <size>0x2c</size>
         <input_file_ref idref="fl-45"/>
      </object_component>
      <object_component id="oc-28f">
         <name>.debug_info</name>
         <load_address>0x559e</load_address>
         <run_address>0x559e</run_address>
         <size>0x133</size>
         <input_file_ref idref="fl-46"/>
      </object_component>
      <object_component id="oc-236">
         <name>.debug_info</name>
         <load_address>0x56d1</load_address>
         <run_address>0x56d1</run_address>
         <size>0xf7</size>
         <input_file_ref idref="fl-46"/>
      </object_component>
      <object_component id="oc-3c1">
         <name>.debug_info</name>
         <load_address>0x57c8</load_address>
         <run_address>0x57c8</run_address>
         <size>0xff</size>
         <input_file_ref idref="fl-46"/>
      </object_component>
      <object_component id="oc-30a">
         <name>.debug_info</name>
         <load_address>0x58c7</load_address>
         <run_address>0x58c7</run_address>
         <size>0x250</size>
         <input_file_ref idref="fl-47"/>
      </object_component>
      <object_component id="oc-29a">
         <name>.debug_info</name>
         <load_address>0x5b17</load_address>
         <run_address>0x5b17</run_address>
         <size>0x1c5</size>
         <input_file_ref idref="fl-47"/>
      </object_component>
      <object_component id="oc-308">
         <name>.debug_info</name>
         <load_address>0x5cdc</load_address>
         <run_address>0x5cdc</run_address>
         <size>0x2c9</size>
         <input_file_ref idref="fl-48"/>
      </object_component>
      <object_component id="oc-292">
         <name>.debug_info</name>
         <load_address>0x5fa5</load_address>
         <run_address>0x5fa5</run_address>
         <size>0x2bc</size>
         <input_file_ref idref="fl-48"/>
      </object_component>
      <object_component id="oc-36a">
         <name>.debug_info</name>
         <load_address>0x6261</load_address>
         <run_address>0x6261</run_address>
         <size>0x163</size>
         <input_file_ref idref="fl-49"/>
      </object_component>
      <object_component id="oc-31c">
         <name>.debug_info</name>
         <load_address>0x63c4</load_address>
         <run_address>0x63c4</run_address>
         <size>0x1ab</size>
         <input_file_ref idref="fl-49"/>
      </object_component>
      <object_component id="oc-353">
         <name>.debug_info</name>
         <load_address>0x656f</load_address>
         <run_address>0x656f</run_address>
         <size>0x16d</size>
         <input_file_ref idref="fl-4a"/>
      </object_component>
      <object_component id="oc-2f6">
         <name>.debug_info</name>
         <load_address>0x66dc</load_address>
         <run_address>0x66dc</run_address>
         <size>0x235</size>
         <input_file_ref idref="fl-4a"/>
      </object_component>
      <object_component id="oc-362">
         <name>.debug_info</name>
         <load_address>0x6911</load_address>
         <run_address>0x6911</run_address>
         <size>0x162</size>
         <input_file_ref idref="fl-4b"/>
      </object_component>
      <object_component id="oc-310">
         <name>.debug_info</name>
         <load_address>0x6a73</load_address>
         <run_address>0x6a73</run_address>
         <size>0x25a</size>
         <input_file_ref idref="fl-4b"/>
      </object_component>
      <object_component id="oc-30c">
         <name>.debug_info</name>
         <load_address>0x6ccd</load_address>
         <run_address>0x6ccd</run_address>
         <size>0x157</size>
         <input_file_ref idref="fl-4c"/>
      </object_component>
      <object_component id="oc-2a0">
         <name>.debug_info</name>
         <load_address>0x6e24</load_address>
         <run_address>0x6e24</run_address>
         <size>0x215</size>
         <input_file_ref idref="fl-4c"/>
      </object_component>
      <object_component id="oc-35a">
         <name>.debug_info</name>
         <load_address>0x7039</load_address>
         <run_address>0x7039</run_address>
         <size>0x39d</size>
         <input_file_ref idref="fl-4d"/>
      </object_component>
      <object_component id="oc-393">
         <name>.debug_info</name>
         <load_address>0x73d6</load_address>
         <run_address>0x73d6</run_address>
         <size>0xf8</size>
         <input_file_ref idref="fl-4d"/>
      </object_component>
      <object_component id="oc-357">
         <name>.debug_info</name>
         <load_address>0x74ce</load_address>
         <run_address>0x74ce</run_address>
         <size>0xf8</size>
         <input_file_ref idref="fl-4d"/>
      </object_component>
      <object_component id="oc-305">
         <name>.debug_info</name>
         <load_address>0x75c6</load_address>
         <run_address>0x75c6</run_address>
         <size>0x17e</size>
         <input_file_ref idref="fl-4d"/>
      </object_component>
      <object_component id="oc-399">
         <name>.debug_info</name>
         <load_address>0x7744</load_address>
         <run_address>0x7744</run_address>
         <size>0x120</size>
         <input_file_ref idref="fl-4d"/>
      </object_component>
      <object_component id="oc-39e">
         <name>.debug_info</name>
         <load_address>0x7864</load_address>
         <run_address>0x7864</run_address>
         <size>0x2c</size>
         <input_file_ref idref="fl-4d"/>
      </object_component>
      <object_component id="oc-364">
         <name>.debug_info</name>
         <load_address>0x7890</load_address>
         <run_address>0x7890</run_address>
         <size>0x119</size>
         <input_file_ref idref="fl-4e"/>
      </object_component>
      <object_component id="oc-351">
         <name>.debug_info</name>
         <load_address>0x79a9</load_address>
         <run_address>0x79a9</run_address>
         <size>0x1cd</size>
         <input_file_ref idref="fl-50"/>
      </object_component>
      <object_component id="oc-2f0">
         <name>.debug_info</name>
         <load_address>0x7b76</load_address>
         <run_address>0x7b76</run_address>
         <size>0x18b</size>
         <input_file_ref idref="fl-50"/>
      </object_component>
      <object_component id="oc-387">
         <name>.debug_info</name>
         <load_address>0x7d01</load_address>
         <run_address>0x7d01</run_address>
         <size>0xbf</size>
         <input_file_ref idref="fl-50"/>
      </object_component>
      <object_component id="oc-355">
         <name>.debug_info</name>
         <load_address>0x7dc0</load_address>
         <run_address>0x7dc0</run_address>
         <size>0x214</size>
         <input_file_ref idref="fl-51"/>
      </object_component>
      <object_component id="oc-2fe">
         <name>.debug_info</name>
         <load_address>0x7fd4</load_address>
         <run_address>0x7fd4</run_address>
         <size>0x179</size>
         <input_file_ref idref="fl-51"/>
      </object_component>
      <object_component id="oc-372">
         <name>.debug_info</name>
         <load_address>0x814d</load_address>
         <run_address>0x814d</run_address>
         <size>0x1f1</size>
         <input_file_ref idref="fl-52"/>
      </object_component>
      <object_component id="oc-345">
         <name>.debug_info</name>
         <load_address>0x833e</load_address>
         <run_address>0x833e</run_address>
         <size>0x1d4</size>
         <input_file_ref idref="fl-52"/>
      </object_component>
      <object_component id="oc-3a9">
         <name>.debug_info</name>
         <load_address>0x8512</load_address>
         <run_address>0x8512</run_address>
         <size>0x264</size>
         <input_file_ref idref="fl-53"/>
      </object_component>
      <object_component id="oc-36c">
         <name>.debug_info</name>
         <load_address>0x8776</load_address>
         <run_address>0x8776</run_address>
         <size>0x184</size>
         <input_file_ref idref="fl-53"/>
      </object_component>
      <object_component id="oc-386">
         <name>.debug_info</name>
         <load_address>0x88fa</load_address>
         <run_address>0x88fa</run_address>
         <size>0x241</size>
         <input_file_ref idref="fl-54"/>
      </object_component>
      <object_component id="oc-34b">
         <name>.debug_info</name>
         <load_address>0x8b3b</load_address>
         <run_address>0x8b3b</run_address>
         <size>0x1f3</size>
         <input_file_ref idref="fl-54"/>
      </object_component>
      <object_component id="oc-41b">
         <name>.debug_info</name>
         <load_address>0x8d2e</load_address>
         <run_address>0x8d2e</run_address>
         <size>0x240</size>
         <input_file_ref idref="fl-55"/>
      </object_component>
      <object_component id="oc-3cd">
         <name>.debug_info</name>
         <load_address>0x8f6e</load_address>
         <run_address>0x8f6e</run_address>
         <size>0x1b1</size>
         <input_file_ref idref="fl-55"/>
      </object_component>
      <object_component id="oc-426">
         <name>.debug_info</name>
         <load_address>0x911f</load_address>
         <run_address>0x911f</run_address>
         <size>0x245</size>
         <input_file_ref idref="fl-56"/>
      </object_component>
      <object_component id="oc-3e0">
         <name>.debug_info</name>
         <load_address>0x9364</load_address>
         <run_address>0x9364</run_address>
         <size>0x21b</size>
         <input_file_ref idref="fl-56"/>
      </object_component>
      <object_component id="oc-40b">
         <name>.debug_info</name>
         <load_address>0x957f</load_address>
         <run_address>0x957f</run_address>
         <size>0x270</size>
         <input_file_ref idref="fl-57"/>
      </object_component>
      <object_component id="oc-3ca">
         <name>.debug_info</name>
         <load_address>0x97ef</load_address>
         <run_address>0x97ef</run_address>
         <size>0x201</size>
         <input_file_ref idref="fl-57"/>
      </object_component>
      <object_component id="oc-41d">
         <name>.debug_info</name>
         <load_address>0x99f0</load_address>
         <run_address>0x99f0</run_address>
         <size>0x244</size>
         <input_file_ref idref="fl-58"/>
      </object_component>
      <object_component id="oc-3d3">
         <name>.debug_info</name>
         <load_address>0x9c34</load_address>
         <run_address>0x9c34</run_address>
         <size>0x1f0</size>
         <input_file_ref idref="fl-58"/>
      </object_component>
      <object_component id="oc-430">
         <name>.debug_info</name>
         <load_address>0x9e24</load_address>
         <run_address>0x9e24</run_address>
         <size>0x2a2</size>
         <input_file_ref idref="fl-59"/>
      </object_component>
      <object_component id="oc-3eb">
         <name>.debug_info</name>
         <load_address>0xa0c6</load_address>
         <run_address>0xa0c6</run_address>
         <size>0x22b</size>
         <input_file_ref idref="fl-59"/>
      </object_component>
      <object_component id="oc-428">
         <name>.debug_info</name>
         <load_address>0xa2f1</load_address>
         <run_address>0xa2f1</run_address>
         <size>0x263</size>
         <input_file_ref idref="fl-5a"/>
      </object_component>
      <object_component id="oc-3e6">
         <name>.debug_info</name>
         <load_address>0xa554</load_address>
         <run_address>0xa554</run_address>
         <size>0x1bb</size>
         <input_file_ref idref="fl-5a"/>
      </object_component>
      <object_component id="oc-41f">
         <name>.debug_info</name>
         <load_address>0xa70f</load_address>
         <run_address>0xa70f</run_address>
         <size>0x245</size>
         <input_file_ref idref="fl-5b"/>
      </object_component>
      <object_component id="oc-3dc">
         <name>.debug_info</name>
         <load_address>0xa954</load_address>
         <run_address>0xa954</run_address>
         <size>0x1f5</size>
         <input_file_ref idref="fl-5b"/>
      </object_component>
      <object_component id="oc-443">
         <name>.debug_info</name>
         <load_address>0xab49</load_address>
         <run_address>0xab49</run_address>
         <size>0x188</size>
         <input_file_ref idref="fl-5c"/>
      </object_component>
      <object_component id="oc-440">
         <name>.debug_info</name>
         <load_address>0xacd1</load_address>
         <run_address>0xacd1</run_address>
         <size>0xfb</size>
         <input_file_ref idref="fl-5c"/>
      </object_component>
      <object_component id="oc-40f">
         <name>.debug_info</name>
         <load_address>0xadcc</load_address>
         <run_address>0xadcc</run_address>
         <size>0x1d4</size>
         <input_file_ref idref="fl-5c"/>
      </object_component>
      <object_component id="oc-414">
         <name>.debug_info</name>
         <load_address>0xafa0</load_address>
         <run_address>0xafa0</run_address>
         <size>0x18f</size>
         <input_file_ref idref="fl-5c"/>
      </object_component>
      <object_component id="oc-422">
         <name>.debug_info</name>
         <load_address>0xb12f</load_address>
         <run_address>0xb12f</run_address>
         <size>0x11e</size>
         <input_file_ref idref="fl-5e"/>
      </object_component>
      <object_component id="oc-168">
         <name>.debug_info</name>
         <load_address>0xb24d</load_address>
         <run_address>0xb24d</run_address>
         <size>0x210</size>
         <input_file_ref idref="fl-5f"/>
      </object_component>
      <object_component id="oc-fa">
         <name>.debug_info</name>
         <load_address>0xb45d</load_address>
         <run_address>0xb45d</run_address>
         <size>0x101</size>
         <input_file_ref idref="fl-5f"/>
      </object_component>
      <object_component id="oc-3ad">
         <name>.debug_info</name>
         <load_address>0xb55e</load_address>
         <run_address>0xb55e</run_address>
         <size>0x138</size>
         <input_file_ref idref="fl-5f"/>
      </object_component>
      <object_component id="oc-3b1">
         <name>.debug_info</name>
         <load_address>0xb696</load_address>
         <run_address>0xb696</run_address>
         <size>0xfe</size>
         <input_file_ref idref="fl-5f"/>
      </object_component>
      <object_component id="oc-374">
         <name>.debug_info</name>
         <load_address>0xb794</load_address>
         <run_address>0xb794</run_address>
         <size>0x1a0</size>
         <input_file_ref idref="fl-5f"/>
      </object_component>
      <object_component id="oc-3b4">
         <name>.debug_info</name>
         <load_address>0xb934</load_address>
         <run_address>0xb934</run_address>
         <size>0x130</size>
         <input_file_ref idref="fl-5f"/>
      </object_component>
      <object_component id="oc-37a">
         <name>.debug_info</name>
         <load_address>0xba64</load_address>
         <run_address>0xba64</run_address>
         <size>0x1c1</size>
         <input_file_ref idref="fl-5f"/>
      </object_component>
      <object_component id="oc-223">
         <name>.debug_info</name>
         <load_address>0xbc25</load_address>
         <run_address>0xbc25</run_address>
         <size>0x2c</size>
         <input_file_ref idref="fl-5f"/>
      </object_component>
      <object_component id="oc-1ad">
         <name>.debug_info</name>
         <load_address>0xbc51</load_address>
         <run_address>0xbc51</run_address>
         <size>0x6f</size>
         <input_file_ref idref="fl-5f"/>
      </object_component>
      <object_component id="oc-380">
         <name>.debug_info</name>
         <load_address>0xbcc0</load_address>
         <run_address>0xbcc0</run_address>
         <size>0x16b</size>
         <input_file_ref idref="fl-60"/>
      </object_component>
      <object_component id="oc-451">
         <name>.debug_info</name>
         <load_address>0xbe2b</load_address>
         <run_address>0xbe2b</run_address>
         <size>0x171</size>
         <input_file_ref idref="fl-62"/>
      </object_component>
      <object_component id="oc-42d">
         <name>.debug_info</name>
         <load_address>0xbf9c</load_address>
         <run_address>0xbf9c</run_address>
         <size>0x231</size>
         <input_file_ref idref="fl-62"/>
      </object_component>
      <object_component id="oc-407">
         <name>.debug_info</name>
         <load_address>0xc1cd</load_address>
         <run_address>0xc1cd</run_address>
         <size>0x272</size>
         <input_file_ref idref="fl-63"/>
      </object_component>
      <object_component id="oc-3bc">
         <name>.debug_info</name>
         <load_address>0xc43f</load_address>
         <run_address>0xc43f</run_address>
         <size>0x1fe</size>
         <input_file_ref idref="fl-63"/>
      </object_component>
      <object_component id="oc-469">
         <name>.debug_info</name>
         <load_address>0xc63d</load_address>
[...]
         <value>0xfff6</value>
         <object_component_ref idref="oc-4a"/>
      </symbol>
      <symbol id="sm-177">
         <name>__TI_int12</name>
         <value>0xfff8</value>
         <object_component_ref idref="oc-4b"/>
      </symbol>
      <symbol id="sm-17a">
         <name>__TI_int13</name>
         <value>0xfffa</value>
         <object_component_ref idref="oc-4c"/>
      </symbol>
      <symbol id="sm-17d">
         <name>__TI_int14</name>
         <value>0xfffc</value>
         <object_component_ref idref="oc-4d"/>
      </symbol>
      <symbol id="sm-185">
         <name>__TI_ISR_TRAP</name>
         <value>0x2338</value>
         <object_component_ref idref="oc-123"/>
      </symbol>
      <symbol id="sm-18d">
         <name>__mspabi_mpyi_hw</name>
         <value>0x22ca</value>
         <object_component_ref idref="oc-2de"/>
      </symbol>
      <symbol id="sm-1a1">
         <name>_stack</name>
         <value>0x9b0</value>
         <object_component_ref idref="oc-f5"/>
      </symbol>
      <symbol id="sm-1a2">
         <name>_c_int00_noargs</name>
         <value>0x2210</value>
         <object_component_ref idref="oc-13a"/>
      </symbol>
      <symbol id="sm-1a3">
         <name>_reset_vector</name>
         <value>0xfffe</value>
         <object_component_ref idref="oc-f8"/>
      </symbol>
      <symbol id="sm-1c5">
         <name>__TI_auto_init_nobinit_nopinit</name>
         <value>0x1e58</value>
         <object_component_ref idref="oc-1f0"/>
      </symbol>
      <symbol id="sm-1dd">
         <name>__TI_zero_init_nomemset</name>
         <value>0x228e</value>
         <object_component_ref idref="oc-128"/>
      </symbol>
      <symbol id="sm-1e8">
         <name>_system_pre_init</name>
         <value>0x2350</value>
         <object_component_ref idref="oc-189"/>
      </symbol>
      <symbol id="sm-1f1">
         <name>_system_post_cinit</name>
         <value>0x2356</value>
         <object_component_ref idref="oc-262"/>
      </symbol>
      <symbol id="sm-207">
         <name>__TI_decompress_none</name>
         <value>0x22de</value>
         <object_component_ref idref="oc-39"/>
      </symbol>
      <symbol id="sm-22a">
         <name>__TI_decompress_lzss</name>
         <value>0x1870</value>
         <object_component_ref idref="oc-33"/>
      </symbol>
      <symbol id="sm-247">
         <name>C$$EXIT</name>
         <value>0x2346</value>
         <object_component_ref idref="oc-1e4"/>
      </symbol>
      <symbol id="sm-248">
         <name>abort</name>
         <value>0x2346</value>
         <object_component_ref idref="oc-1e4"/>
      </symbol>
      <symbol id="sm-249">
         <name>__TI_enable_exit_profile_output</name>
         <value>0x418</value>
         <object_component_ref idref="oc-257"/>
      </symbol>
      <symbol id="sm-24a">
         <name>exit</name>
         <value>0x1e14</value>
         <object_component_ref idref="oc-1ea"/>
      </symbol>
      <symbol id="sm-260">
         <name>_nop</name>
         <value>0x2354</value>
         <object_component_ref idref="oc-284"/>
      </symbol>
      <symbol id="sm-261">
         <name>_lock</name>
         <value>0x412</value>
         <object_component_ref idref="oc-232"/>
      </symbol>
      <symbol id="sm-262">
         <name>_unlock</name>
         <value>0x414</value>
         <object_component_ref idref="oc-24a"/>
      </symbol>
      <symbol id="sm-271">
         <name>memcpy</name>
         <value>0x22f0</value>
         <object_component_ref idref="oc-116"/>
      </symbol>
      <symbol id="sm-294">
         <name>printf</name>
         <value>0x1f94</value>
         <object_component_ref idref="oc-1d7"/>
      </symbol>
      <symbol id="sm-29d">
         <name>__mspabi_func_epilog_2</name>
         <value>0x230c</value>
         <object_component_ref idref="oc-106"/>
      </symbol>
      <symbol id="sm-29e">
         <name>__mspabi_func_epilog_3</name>
         <value>0x230a</value>
         <object_component_ref idref="oc-106"/>
      </symbol>
      <symbol id="sm-29f">
         <name>__mspabi_func_epilog_1</name>
         <value>0x230e</value>
         <object_component_ref idref="oc-106"/>
      </symbol>
      <symbol id="sm-2a0">
         <name>__mspabi_func_epilog_6</name>
         <value>0x2304</value>
         <object_component_ref idref="oc-106"/>
      </symbol>
      <symbol id="sm-2a1">
         <name>__mspabi_func_epilog_7</name>
         <value>0x2302</value>
         <object_component_ref idref="oc-106"/>
      </symbol>
      <symbol id="sm-2a2">
         <name>__mspabi_func_epilog_4</name>
         <value>0x2308</value>
         <object_component_ref idref="oc-106"/>
      </symbol>
      <symbol id="sm-2a3">
         <name>__mspabi_func_epilog_5</name>
         <value>0x2306</value>
         <object_component_ref idref="oc-106"/>
      </symbol>
      <symbol id="sm-2ab">
         <name>__mspabi_slli</name>
         <value>0x212a</value>
         <object_component_ref idref="oc-fc"/>
      </symbol>
      <symbol id="sm-2ac">
         <name>__mspabi_slli_9</name>
         <value>0x2142</value>
         <object_component_ref idref="oc-fc"/>
      </symbol>
      <symbol id="sm-2ad">
         <name>__mspabi_slli_8</name>
         <value>0x2144</value>
         <object_component_ref idref="oc-fc"/>
      </symbol>
      <symbol id="sm-2ae">
         <name>__mspabi_slli_7</name>
         <value>0x2146</value>
         <object_component_ref idref="oc-fc"/>
      </symbol>
      <symbol id="sm-2af">
         <name>__mspabi_slli_6</name>
         <value>0x2148</value>
         <object_component_ref idref="oc-fc"/>
      </symbol>
      <symbol id="sm-2b0">
         <name>__mspabi_slli_5</name>
         <value>0x214a</value>
         <object_component_ref idref="oc-fc"/>
      </symbol>
      <symbol id="sm-2b1">
         <name>__mspabi_slli_4</name>
         <value>0x214c</value>
         <object_component_ref idref="oc-fc"/>
      </symbol>
      <symbol id="sm-2b2">
         <name>__mspabi_slli_3</name>
         <value>0x214e</value>
         <object_component_ref idref="oc-fc"/>
      </symbol>
      <symbol id="sm-2b3">
         <name>__mspabi_slli_2</name>
         <value>0x2150</value>
         <object_component_ref idref="oc-fc"/>
      </symbol>
      <symbol id="sm-2b4">
         <name>__mspabi_slli_1</name>
         <value>0x2152</value>
         <object_component_ref idref="oc-fc"/>
      </symbol>
      <symbol id="sm-2b5">
         <name>__mspabi_slli_15</name>
         <value>0x2136</value>
         <object_component_ref idref="oc-fc"/>
      </symbol>
      <symbol id="sm-2b6">
         <name>__mspabi_slli_14</name>
         <value>0x2138</value>
         <object_component_ref idref="oc-fc"/>
      </symbol>
      <symbol id="sm-2b7">
         <name>__mspabi_slli_13</name>
         <value>0x213a</value>
         <object_component_ref idref="oc-fc"/>
      </symbol>
      <symbol id="sm-2b8">
         <name>__mspabi_slli_12</name>
         <value>0x213c</value>
         <object_component_ref idref="oc-fc"/>
      </symbol>
      <symbol id="sm-2b9">
         <name>__mspabi_slli_11</name>
         <value>0x213e</value>
         <object_component_ref idref="oc-fc"/>
      </symbol>
      <symbol id="sm-2ba">
         <name>__mspabi_slli_10</name>
         <value>0x2140</value>
         <object_component_ref idref="oc-fc"/>
      </symbol>
      <symbol id="sm-2c2">
         <name>__mspabi_srli_8</name>
         <value>0x1d64</value>
         <object_component_ref idref="oc-101"/>
      </symbol>
      <symbol id="sm-2c3">
         <name>__mspabi_srli_9</name>
         <value>0x1d60</value>
         <object_component_ref idref="oc-101"/>
      </symbol>
      <symbol id="sm-2c4">
         <name>__mspabi_srli_6</name>
         <value>0x1d6c</value>
         <object_component_ref idref="oc-101"/>
      </symbol>
      <symbol id="sm-2c5">
         <name>__mspabi_srli_7</name>
         <value>0x1d68</value>
         <object_component_ref idref="oc-101"/>
      </symbol>
      <symbol id="sm-2c6">
         <name>__mspabi_srli_4</name>
         <value>0x1d74</value>
         <object_component_ref idref="oc-101"/>
      </symbol>
      <symbol id="sm-2c7">
         <name>__mspabi_srli_5</name>
         <value>0x1d70</value>
         <object_component_ref idref="oc-101"/>
      </symbol>
      <symbol id="sm-2c8">
         <name>__mspabi_srli_2</name>
         <value>0x1d7c</value>
         <object_component_ref idref="oc-101"/>
      </symbol>
      <symbol id="sm-2c9">
         <name>__mspabi_srli_3</name>
         <value>0x1d78</value>
         <object_component_ref idref="oc-101"/>
      </symbol>
      <symbol id="sm-2ca">
         <name>__mspabi_srli_1</name>
         <value>0x1d80</value>
         <object_component_ref idref="oc-101"/>
      </symbol>
      <symbol id="sm-2cb">
         <name>__mspabi_srli</name>
         <value>0x1d3a</value>
         <object_component_ref idref="oc-101"/>
      </symbol>
      <symbol id="sm-2cc">
         <name>__mspabi_srli_15</name>
         <value>0x1d48</value>
         <object_component_ref idref="oc-101"/>
      </symbol>
      <symbol id="sm-2cd">
         <name>__mspabi_srli_14</name>
         <value>0x1d4c</value>
         <object_component_ref idref="oc-101"/>
      </symbol>
      <symbol id="sm-2ce">
         <name>__mspabi_srli_13</name>
         <value>0x1d50</value>
         <object_component_ref idref="oc-101"/>
      </symbol>
      <symbol id="sm-2cf">
         <name>__mspabi_srli_12</name>
         <value>0x1d54</value>
         <object_component_ref idref="oc-101"/>
      </symbol>
      <symbol id="sm-2d0">
         <name>__mspabi_srli_11</name>
         <value>0x1d58</value>
         <object_component_ref idref="oc-101"/>
      </symbol>
      <symbol id="sm-2d1">
         <name>__mspabi_srli_10</name>
         <value>0x1d5c</value>
         <object_component_ref idref="oc-101"/>
      </symbol>
      <symbol id="sm-2e1">
         <name>__TI_dtors_ptr</name>
         <value>0x410</value>
         <object_component_ref idref="oc-25a"/>
      </symbol>
      <symbol id="sm-2e2">
         <name>__TI_cleanup_ptr</name>
         <value>0x40e</value>
         <object_component_ref idref="oc-25d"/>
      </symbol>
      <symbol id="sm-330">
         <name>__TI_printfi_minimal</name>
         <value>0x1216</value>
         <object_component_ref idref="oc-244"/>
      </symbol>
      <symbol id="sm-340">
         <name>__TI_tmpnams</name>
         <value>0x41c</value>
      </symbol>
      <symbol id="sm-341">
         <name>_ftable</name>
         <value>0x320</value>
         <object_component_ref idref="oc-235"/>
      </symbol>
      <symbol id="sm-342">
         <name>__TI_ft_end</name>
         <value>0x416</value>
         <object_component_ref idref="oc-3c0"/>
      </symbol>
      <symbol id="sm-355">
         <name>putc</name>
         <value>0x16d8</value>
         <object_component_ref idref="oc-298"/>
      </symbol>
      <symbol id="sm-356">
         <name>fputc</name>
         <value>0x16d8</value>
         <object_component_ref idref="oc-298"/>
      </symbol>
      <symbol id="sm-36e">
         <name>fputs</name>
         <value>0x1306</value>
         <object_component_ref idref="oc-291"/>
      </symbol>
      <symbol id="sm-37d">
         <name>memccpy</name>
         <value>0x222c</value>
         <object_component_ref idref="oc-31a"/>
      </symbol>
      <symbol id="sm-38c">
         <name>memchr</name>
         <value>0x22a2</value>
         <object_component_ref idref="oc-2f5"/>
      </symbol>
      <symbol id="sm-39a">
         <name>memset</name>
         <value>0x22b6</value>
         <object_component_ref idref="oc-30d"/>
      </symbol>
      <symbol id="sm-3a7">
         <name>strlen</name>
         <value>0x2322</value>
         <object_component_ref idref="oc-29f"/>
      </symbol>
      <symbol id="sm-3c8">
         <name>_stream</name>
         <value>0x3e6</value>
         <object_component_ref idref="oc-356"/>
      </symbol>
      <symbol id="sm-3c9">
         <name>_device</name>
         <value>0x398</value>
         <object_component_ref idref="oc-392"/>
      </symbol>
      <symbol id="sm-3ca">
         <name>write</name>
         <value>0x21d0</value>
         <object_component_ref idref="oc-301"/>
      </symbol>
      <symbol id="sm-3d4">
         <name>__mspabi_remu</name>
         <value>0x2278</value>
         <object_component_ref idref="oc-363"/>
      </symbol>
      <symbol id="sm-3d5">
         <name>__mspabi_divu</name>
         <value>0x2278</value>
         <object_component_ref idref="oc-363"/>
      </symbol>
      <symbol id="sm-3ee">
         <name>__TI_wrt_ok</name>
         <value>0x18ec</value>
         <object_component_ref idref="oc-2ef"/>
      </symbol>
      <symbol id="sm-3ff">
         <name>__TI_doflush</name>
         <value>0x1b7a</value>
         <object_component_ref idref="oc-2fb"/>
      </symbol>
      <symbol id="sm-40f">
         <name>fseek</name>
         <value>0x19d8</value>
         <object_component_ref idref="oc-344"/>
      </symbol>
      <symbol id="sm-41c">
         <name>lseek</name>
         <value>0x21aa</value>
         <object_component_ref idref="oc-36b"/>
      </symbol>
      <symbol id="sm-434">
         <name>setvbuf</name>
         <value>0x13f0</value>
         <object_component_ref idref="oc-34a"/>
      </symbol>
      <symbol id="sm-440">
         <name>HOSTclose</name>
         <value>0x1dd0</value>
         <object_component_ref idref="oc-3cc"/>
      </symbol>
      <symbol id="sm-44c">
         <name>HOSTlseek</name>
         <value>0x1768</value>
         <object_component_ref idref="oc-3de"/>
      </symbol>
      <symbol id="sm-45a">
         <name>parmbuf</name>
         <value>0x4bc</value>
      </symbol>
      <symbol id="sm-45b">
         <name>HOSTopen</name>
         <value>0x1ab2</value>
         <object_component_ref idref="oc-3c6"/>
      </symbol>
      <symbol id="sm-468">
         <name>HOSTread</name>
         <value>0x1bdc</value>
         <object_component_ref idref="oc-3d2"/>
      </symbol>
      <symbol id="sm-474">
         <name>HOSTrename</name>
         <value>0x1a48</value>
         <object_component_ref idref="oc-3ea"/>
      </symbol>
      <symbol id="sm-480">
         <name>HOSTunlink</name>
         <value>0x1e9a</value>
         <object_component_ref idref="oc-3e4"/>
      </symbol>
      <symbol id="sm-48d">
         <name>HOSTwrite</name>
         <value>0x1b18</value>
         <object_component_ref idref="oc-3d8"/>
      </symbol>
      <symbol id="sm-4ab">
         <name>__TI_readmsg</name>
         <value>0x20fe</value>
         <object_component_ref idref="oc-413"/>
      </symbol>
      <symbol id="sm-4ac">
         <name>C$$IO$$</name>
         <value>0x20fa</value>
         <object_component_ref idref="oc-40d"/>
      </symbol>
      <symbol id="sm-4ad">
         <name>_CIOBUF_</name>
         <value>0x200</value>
         <object_component_ref idref="oc-43f"/>
      </symbol>
      <symbol id="sm-4ae">
         <name>__TI_writemsg</name>
         <value>0x20d0</value>
         <object_component_ref idref="oc-40d"/>
      </symbol>
      <symbol id="sm-4b7">
         <name>__mspabi_slll_9</name>
         <value>0x1f6e</value>
         <object_component_ref idref="oc-420"/>
      </symbol>
      <symbol id="sm-4b8">
         <name>__mspabi_slll_8</name>
         <value>0x1f72</value>
         <object_component_ref idref="oc-420"/>
      </symbol>
      <symbol id="sm-4b9">
         <name>__mspabi_slll_7</name>
         <value>0x1f76</value>
         <object_component_ref idref="oc-420"/>
      </symbol>
      <symbol id="sm-4ba">
         <name>__mspabi_slll_6</name>
         <value>0x1f7a</value>
         <object_component_ref idref="oc-420"/>
      </symbol>
      <symbol id="sm-4bb">
         <name>__mspabi_slll_5</name>
         <value>0x1f7e</value>
         <object_component_ref idref="oc-420"/>
      </symbol>
      <symbol id="sm-4bc">
         <name>__mspabi_slll_4</name>
         <value>0x1f82</value>
         <object_component_ref idref="oc-420"/>
      </symbol>
      <symbol id="sm-4bd">
         <name>__mspabi_slll_3</name>
         <value>0x1f86</value>
         <object_component_ref idref="oc-420"/>
      </symbol>
      <symbol id="sm-4be">
         <name>__mspabi_slll_2</name>
         <value>0x1f8a</value>
         <object_component_ref idref="oc-420"/>
      </symbol>
      <symbol id="sm-4bf">
         <name>__mspabi_slll_1</name>
         <value>0x1f8e</value>
         <object_component_ref idref="oc-420"/>
      </symbol>
      <symbol id="sm-4c0">
         <name>__mspabi_slll_15</name>
         <value>0x1f56</value>
         <object_component_ref idref="oc-420"/>
      </symbol>
      <symbol id="sm-4c1">
         <name>__mspabi_slll_14</name>
         <value>0x1f5a</value>
         <object_component_ref idref="oc-420"/>
      </symbol>
      <symbol id="sm-4c2">
         <name>__mspabi_slll_13</name>
         <value>0x1f5e</value>
         <object_component_ref idref="oc-420"/>
      </symbol>
      <symbol id="sm-4c3">
         <name>__mspabi_slll_12</name>
         <value>0x1f62</value>
         <object_component_ref idref="oc-420"/>
      </symbol>
      <symbol id="sm-4c4">
         <name>__mspabi_slll_11</name>
         <value>0x1f66</value>
         <object_component_ref idref="oc-420"/>
      </symbol>
      <symbol id="sm-4c5">
         <name>__mspabi_slll_10</name>
         <value>0x1f6a</value>
         <object_component_ref idref="oc-420"/>
      </symbol>
      <symbol id="sm-516">
         <name>_sys_memory</name>
         <value>0x4cc</value>
         <object_component_ref idref="oc-f9"/>
      </symbol>
      <symbol id="sm-517">
         <name>free</name>
         <value>0x17f0</value>
         <object_component_ref idref="oc-373"/>
      </symbol>
      <symbol id="sm-518">
         <name>malloc</name>
         <value>0x158a</value>
         <object_component_ref idref="oc-379"/>
      </symbol>
      <symbol id="sm-519">
         <name>minit</name>
         <value>0x1fd0</value>
         <object_component_ref idref="oc-3b3"/>
      </symbol>
      <symbol id="sm-525">
         <name>__TI_cleanup</name>
         <value>0x2008</value>
         <object_component_ref idref="oc-37f"/>
      </symbol>
      <symbol id="sm-533">
         <name>strcpy</name>
         <value>0x2312</value>
         <object_component_ref idref="oc-429"/>
      </symbol>
      <symbol id="sm-543">
         <name>__TI_closefile</name>
         <value>0x1966</value>
         <object_component_ref idref="oc-3ba"/>
      </symbol>
      <symbol id="sm-561">
         <name>finddevice</name>
         <value>0x203c</value>
         <object_component_ref idref="oc-462"/>
      </symbol>
      <symbol id="sm-562">
         <name>getdevice</name>
         <value>0x1c3c</value>
         <object_component_ref idref="oc-433"/>
      </symbol>
      <symbol id="sm-572">
         <name>strchr</name>
         <value>0x2246</value>
         <object_component_ref idref="oc-456"/>
      </symbol>
      <symbol id="sm-580">
         <name>strcmp</name>
         <value>0x2260</value>
         <object_component_ref idref="oc-47b"/>
      </symbol>
      <symbol id="sm-590">
         <name>strncpy</name>
         <value>0x2156</value>
         <object_component_ref idref="oc-45c"/>
      </symbol>
      <symbol id="sm-59c">
         <name>unlink</name>
         <value>0x2182</value>
         <object_component_ref idref="oc-400"/>
      </symbol>
      <symbol id="sm-5ae">
         <name>close</name>
         <value>0x1d86</value>
         <object_component_ref idref="oc-3f9"/>
      </symbol>
      <symbol id="sm-5b0">
         <name>remove</name>
         <value>0x2182</value>
      </symbol>
   </symbol_table>
   <title>Link successful</title>
</link_info>
