<?xml version="1.0" encoding="ISO-8859-1" ?>
<link_info>
   <banner>MSP430 Linker PC v18.1.2.LTS</banner>
   <copyright>Copyright (c) 2003-2017 Texas Instruments Incorporated</copyright>
   <link_time>0x5bb706dc</link_time>
   <link_errors>0x2</link_errors>
   <output_file>TFT_adc.out</output_file>
   <entry_point>
      <name>_c_int00_noargs</name>
      <address>0x5a56</address>
   </entry_point>
   <input_file_list>
      <input_file id="fl-2">
         <path>.\</path>
         <kind>object</kind>
         <file>GUI.obj</file>
         <name>GUI.obj</name>
      </input_file>
      <input_file id="fl-3">
         <path>.\</path>
         <kind>object</kind>
         <file>TFT28.obj</file>
         <name>TFT28.obj</name>
      </input_file>
      <input_file id="fl-4">
         <path>.\</path>
         <kind>object</kind>
         <file>main.obj</file>
         <name>main.obj</name>
      </input_file>
      <input_file id="fl-9">
         <kind>object</kind>
         <file>&lt;internal&gt;</file>
         <name>&lt;internal&gt;</name>
      </input_file>
      <input_file id="fl-1f">
         <path>C:\ti\ccsv8\tools\compiler\ti-cgt-msp430_18.1.2.LTS\lib\</path>
         <kind>archive</kind>
         <file>rts430_eabi.lib</file>
         <name>s_cos.c.obj</name>
      </input_file>
      <input_file id="fl-20">
         <path>C:\ti\ccsv8\tools\compiler\ti-cgt-msp430_18.1.2.LTS\lib\</path>
         <kind>archive</kind>
         <file>rts430_eabi.lib</file>
         <name>s_sin.c.obj</name>
      </input_file>
      <input_file id="fl-21">
         <path>C:\ti\ccsv8\tools\compiler\ti-cgt-msp430_18.1.2.LTS\lib\</path>
         <kind>archive</kind>
         <file>rts430_eabi.lib</file>
         <name>asr16.asm.obj</name>
      </input_file>
      <input_file id="fl-22">
         <path>C:\ti\ccsv8\tools\compiler\ti-cgt-msp430_18.1.2.LTS\lib\</path>
         <kind>archive</kind>
         <file>rts430_eabi.lib</file>
         <name>div16s.asm.obj</name>
      </input_file>
      <input_file id="fl-23">
         <path>C:\ti\ccsv8\tools\compiler\ti-cgt-msp430_18.1.2.LTS\lib\</path>
         <kind>archive</kind>
         <file>rts430_eabi.lib</file>
         <name>div16u.asm.obj</name>
      </input_file>
      <input_file id="fl-24">
         <path>C:\ti\ccsv8\tools\compiler\ti-cgt-msp430_18.1.2.LTS\lib\</path>
         <kind>archive</kind>
         <file>rts430_eabi.lib</file>
         <name>div32u.asm.obj</name>
      </input_file>
      <input_file id="fl-25">
         <path>C:\ti\ccsv8\tools\compiler\ti-cgt-msp430_18.1.2.LTS\lib\</path>
         <kind>archive</kind>
         <file>rts430_eabi.lib</file>
         <name>epilog.asm.obj</name>
      </input_file>
      <input_file id="fl-26">
         <path>C:\ti\ccsv8\tools\compiler\ti-cgt-msp430_18.1.2.LTS\lib\</path>
         <kind>archive</kind>
         <file>rts430_eabi.lib</file>
         <name>int00.asm.obj</name>
      </input_file>
      <input_file id="fl-27">
         <path>C:\ti\ccsv8\tools\compiler\ti-cgt-msp430_18.1.2.LTS\lib\</path>
         <kind>archive</kind>
         <file>rts430_eabi.lib</file>
         <name>int01.asm.obj</name>
      </input_file>
      <input_file id="fl-28">
         <path>C:\ti\ccsv8\tools\compiler\ti-cgt-msp430_18.1.2.LTS\lib\</path>
         <kind>archive</kind>
         <file>rts430_eabi.lib</file>
         <name>int02.asm.obj</name>
      </input_file>
      <input_file id="fl-29">
         <path>C:\ti\ccsv8\tools\compiler\ti-cgt-msp430_18.1.2.LTS\lib\</path>
         <kind>archive</kind>
         <file>rts430_eabi.lib</file>
         <name>int03.asm.obj</name>
      </input_file>
      <input_file id="fl-2a">
         <path>C:\ti\ccsv8\tools\compiler\ti-cgt-msp430_18.1.2.LTS\lib\</path>
         <kind>archive</kind>
         <file>rts430_eabi.lib</file>
         <name>int04.asm.obj</name>
      </input_file>
      <input_file id="fl-2b">
         <path>C:\ti\ccsv8\tools\compiler\ti-cgt-msp430_18.1.2.LTS\lib\</path>
         <kind>archive</kind>
         <file>rts430_eabi.lib</file>
         <name>int05.asm.obj</name>
      </input_file>
      <input_file id="fl-2c">
         <path>C:\ti\ccsv8\tools\compiler\ti-cgt-msp430_18.1.2.LTS\lib\</path>
         <kind>archive</kind>
         <file>rts430_eabi.lib</file>
         <name>int06.asm.obj</name>
      </input_file>
      <input_file id="fl-2d">
         <path>C:\ti\ccsv8\tools\compiler\ti-cgt-msp430_18.1.2.LTS\lib\</path>
         <kind>archive</kind>
         <file>rts430_eabi.lib</file>
         <name>int07.asm.obj</name>
      </input_file>
      <input_file id="fl-2e">
         <path>C:\ti\ccsv8\tools\compiler\ti-cgt-msp430_18.1.2.LTS\lib\</path>
         <kind>archive</kind>
         <file>rts430_eabi.lib</file>
         <name>int08.asm.obj</name>
      </input_file>
      <input_file id="fl-2f">
         <path>C:\ti\ccsv8\tools\compiler\ti-cgt-msp430_18.1.2.LTS\lib\</path>
         <kind>archive</kind>
         <file>rts430_eabi.lib</file>
         <name>int09.asm.obj</name>
      </input_file>
      <input_file id="fl-30">
         <path>C:\ti\ccsv8\tools\compiler\ti-cgt-msp430_18.1.2.LTS\lib\</path>
         <kind>archive</kind>
         <file>rts430_eabi.lib</file>
         <name>int10.asm.obj</name>
      </input_file>
      <input_file id="fl-31">
         <path>C:\ti\ccsv8\tools\compiler\ti-cgt-msp430_18.1.2.LTS\lib\</path>
         <kind>archive</kind>
         <file>rts430_eabi.lib</file>
         <name>int11.asm.obj</name>
      </input_file>
      <input_file id="fl-32">
         <path>C:\ti\ccsv8\tools\compiler\ti-cgt-msp430_18.1.2.LTS\lib\</path>
         <kind>archive</kind>
         <file>rts430_eabi.lib</file>
         <name>int12.asm.obj</name>
      </input_file>
      <input_file id="fl-33">
         <path>C:\ti\ccsv8\tools\compiler\ti-cgt-msp430_18.1.2.LTS\lib\</path>
         <kind>archive</kind>
         <file>rts430_eabi.lib</file>
         <name>int13.asm.obj</name>
      </input_file>
      <input_file id="fl-34">
         <path>C:\ti\ccsv8\tools\compiler\ti-cgt-msp430_18.1.2.LTS\lib\</path>
         <kind>archive</kind>
         <file>rts430_eabi.lib</file>
         <name>int14.asm.obj</name>
      </input_file>
      <input_file id="fl-35">
         <path>C:\ti\ccsv8\tools\compiler\ti-cgt-msp430_18.1.2.LTS\lib\</path>
         <kind>archive</kind>
         <file>rts430_eabi.lib</file>
         <name>isr_trap.asm.obj</name>
      </input_file>
      <input_file id="fl-36">
         <path>C:\ti\ccsv8\tools\compiler\ti-cgt-msp430_18.1.2.LTS\lib\</path>
         <kind>archive</kind>
         <file>rts430_eabi.lib</file>
         <name>lsl16.asm.obj</name>
      </input_file>
      <input_file id="fl-37">
         <path>C:\ti\ccsv8\tools\compiler\ti-cgt-msp430_18.1.2.LTS\lib\</path>
         <kind>archive</kind>
         <file>rts430_eabi.lib</file>
         <name>lsr16.asm.obj</name>
      </input_file>
      <input_file id="fl-38">
         <path>C:\ti\ccsv8\tools\compiler\ti-cgt-msp430_18.1.2.LTS\lib\</path>
         <kind>archive</kind>
         <file>rts430_eabi.lib</file>
         <name>mult16.asm.obj</name>
      </input_file>
      <input_file id="fl-39">
         <path>C:\ti\ccsv8\tools\compiler\ti-cgt-msp430_18.1.2.LTS\lib\</path>
         <kind>archive</kind>
         <file>rts430_eabi.lib</file>
         <name>mult16_hw.asm.obj</name>
      </input_file>
      <input_file id="fl-3a">
         <path>C:\ti\ccsv8\tools\compiler\ti-cgt-msp430_18.1.2.LTS\lib\</path>
         <kind>archive</kind>
         <file>rts430_eabi.lib</file>
         <name>mult1632_hw.asm.obj</name>
      </input_file>
      <input_file id="fl-3b">
         <path>C:\ti\ccsv8\tools\compiler\ti-cgt-msp430_18.1.2.LTS\lib\</path>
         <kind>archive</kind>
         <file>rts430_eabi.lib</file>
         <name>mult32.asm.obj</name>
      </input_file>
      <input_file id="fl-3c">
         <path>C:\ti\ccsv8\tools\compiler\ti-cgt-msp430_18.1.2.LTS\lib\</path>
         <kind>archive</kind>
         <file>rts430_eabi.lib</file>
         <name>mult32_hw.asm.obj</name>
      </input_file>
      <input_file id="fl-3d">
         <path>C:\ti\ccsv8\tools\compiler\ti-cgt-msp430_18.1.2.LTS\lib\</path>
         <kind>archive</kind>
         <file>rts430_eabi.lib</file>
         <name>mult3264_hw.asm.obj</name>
      </input_file>
      <input_file id="fl-3e">
         <path>C:\ti\ccsv8\tools\compiler\ti-cgt-msp430_18.1.2.LTS\lib\</path>
         <kind>archive</kind>
         <file>rts430_eabi.lib</file>
         <name>mult64_hw.asm.obj</name>
      </input_file>
      <input_file id="fl-3f">
         <path>C:\ti\ccsv8\tools\compiler\ti-cgt-msp430_18.1.2.LTS\lib\</path>
         <kind>archive</kind>
         <file>rts430_eabi.lib</file>
         <name>boot.c.obj</name>
      </input_file>
      <input_file id="fl-40">
         <path>C:\ti\ccsv8\tools\compiler\ti-cgt-msp430_18.1.2.LTS\lib\</path>
         <kind>archive</kind>
         <file>rts430_eabi.lib</file>
         <name>autoinit.c.obj</name>
      </input_file>
      <input_file id="fl-41">
         <path>C:\ti\ccsv8\tools\compiler\ti-cgt-msp430_18.1.2.LTS\lib\</path>
         <kind>archive</kind>
         <file>rts430_eabi.lib</file>
         <name>copy_zero_init.c.obj</name>
      </input_file>
      <input_file id="fl-42">
         <path>C:\ti\ccsv8\tools\compiler\ti-cgt-msp430_18.1.2.LTS\lib\</path>
         <kind>archive</kind>
         <file>rts430_eabi.lib</file>
         <name>cpy_tbl.c.obj</name>
      </input_file>
      <input_file id="fl-43">
         <path>C:\ti\ccsv8\tools\compiler\ti-cgt-msp430_18.1.2.LTS\lib\</path>
         <kind>archive</kind>
         <file>rts430_eabi.lib</file>
         <name>mpu_init.c.obj</name>
      </input_file>
      <input_file id="fl-44">
         <path>C:\ti\ccsv8\tools\compiler\ti-cgt-msp430_18.1.2.LTS\lib\</path>
         <kind>archive</kind>
         <file>rts430_eabi.lib</file>
         <name>lsr64.c.obj</name>
      </input_file>
      <input_file id="fl-45">
         <path>C:\ti\ccsv8\tools\compiler\ti-cgt-msp430_18.1.2.LTS\lib\</path>
         <kind>archive</kind>
         <file>rts430_eabi.lib</file>
         <name>pre_init.c.obj</name>
      </input_file>
      <input_file id="fl-46">
         <path>C:\ti\ccsv8\tools\compiler\ti-cgt-msp430_18.1.2.LTS\lib\</path>
         <kind>archive</kind>
         <file>rts430_eabi.lib</file>
         <name>startup.c.obj</name>
      </input_file>
      <input_file id="fl-47">
         <path>C:\ti\ccsv8\tools\compiler\ti-cgt-msp430_18.1.2.LTS\lib\</path>
         <kind>archive</kind>
         <file>rts430_eabi.lib</file>
         <name>copy_decompress_none.c.obj</name>
      </input_file>
      <input_file id="fl-48">
         <path>C:\ti\ccsv8\tools\compiler\ti-cgt-msp430_18.1.2.LTS\lib\</path>
         <kind>archive</kind>
         <file>rts430_eabi.lib</file>
         <name>copy_decompress_lzss.c.obj</name>
      </input_file>
      <input_file id="fl-49">
         <path>C:\ti\ccsv8\tools\compiler\ti-cgt-msp430_18.1.2.LTS\lib\</path>
         <kind>archive</kind>
         <file>rts430_eabi.lib</file>
         <name>addd.c.obj</name>
      </input_file>
      <input_file id="fl-4a">
         <path>C:\ti\ccsv8\tools\compiler\ti-cgt-msp430_18.1.2.LTS\lib\</path>
         <kind>archive</kind>
         <file>rts430_eabi.lib</file>
         <name>cmpd.c.obj</name>
      </input_file>
      <input_file id="fl-4b">
         <path>C:\ti\ccsv8\tools\compiler\ti-cgt-msp430_18.1.2.LTS\lib\</path>
         <kind>archive</kind>
         <file>rts430_eabi.lib</file>
         <name>fixdi.c.obj</name>
      </input_file>
      <input_file id="fl-4c">
         <path>C:\ti\ccsv8\tools\compiler\ti-cgt-msp430_18.1.2.LTS\lib\</path>
         <kind>archive</kind>
         <file>rts430_eabi.lib</file>
         <name>fixdli.c.obj</name>
      </input_file>
      <input_file id="fl-4d">
         <path>C:\ti\ccsv8\tools\compiler\ti-cgt-msp430_18.1.2.LTS\lib\</path>
         <kind>archive</kind>
         <file>rts430_eabi.lib</file>
         <name>fixdu.c.obj</name>
      </input_file>
      <input_file id="fl-4e">
         <path>C:\ti\ccsv8\tools\compiler\ti-cgt-msp430_18.1.2.LTS\lib\</path>
         <kind>archive</kind>
         <file>rts430_eabi.lib</file>
         <name>fixdul.c.obj</name>
      </input_file>
      <input_file id="fl-4f">
         <path>C:\ti\ccsv8\tools\compiler\ti-cgt-msp430_18.1.2.LTS\lib\</path>
         <kind>archive</kind>
         <file>rts430_eabi.lib</file>
         <name>fltlid.c.obj</name>
      </input_file>
      <input_file id="fl-50">
         <path>C:\ti\ccsv8\tools\compiler\ti-cgt-msp430_18.1.2.LTS\lib\</path>
         <kind>archive</kind>
         <file>rts430_eabi.lib</file>
         <name>fltud.c.obj</name>
      </input_file>
      <input_file id="fl-51">
         <path>C:\ti\ccsv8\tools\compiler\ti-cgt-msp430_18.1.2.LTS\lib\</path>
         <kind>archive</kind>
         <file>rts430_eabi.lib</file>
         <name>fltuld.c.obj</name>
      </input_file>
      <input_file id="fl-52">
         <path>C:\ti\ccsv8\tools\compiler\ti-cgt-msp430_18.1.2.LTS\lib\</path>
         <kind>archive</kind>
         <file>rts430_eabi.lib</file>
         <name>frcaddd.c.obj</name>
      </input_file>
      <input_file id="fl-53">
         <path>C:\ti\ccsv8\tools\compiler\ti-cgt-msp430_18.1.2.LTS\lib\</path>
         <kind>archive</kind>
         <file>rts430_eabi.lib</file>
         <name>mpyd.c.obj</name>
      </input_file>
      <input_file id="fl-54">
         <path>C:\ti\ccsv8\tools\compiler\ti-cgt-msp430_18.1.2.LTS\lib\</path>
         <kind>archive</kind>
         <file>rts430_eabi.lib</file>
         <name>negd.c.obj</name>
      </input_file>
      <input_file id="fl-55">
         <path>C:\ti\ccsv8\tools\compiler\ti-cgt-msp430_18.1.2.LTS\lib\</path>
         <kind>archive</kind>
         <file>rts430_eabi.lib</file>
         <name>renormd.c.obj</name>
      </input_file>
      <input_file id="fl-56">
         <path>C:\ti\ccsv8\tools\compiler\ti-cgt-msp430_18.1.2.LTS\lib\</path>
         <kind>archive</kind>
         <file>rts430_eabi.lib</file>
         <name>subd.c.obj</name>
      </input_file>
      <input_file id="fl-57">
         <path>C:\ti\ccsv8\tools\compiler\ti-cgt-msp430_18.1.2.LTS\lib\</path>
         <kind>archive</kind>
         <file>rts430_eabi.lib</file>
         <name>exit.c.obj</name>
      </input_file>
      <input_file id="fl-58">
         <path>C:\ti\ccsv8\tools\compiler\ti-cgt-msp430_18.1.2.LTS\lib\</path>
         <kind>archive</kind>
         <file>rts430_eabi.lib</file>
         <name>_lock.c.obj</name>
      </input_file>
      <input_file id="fl-59">
         <path>C:\ti\ccsv8\tools\compiler\ti-cgt-msp430_18.1.2.LTS\lib\</path>
         <kind>archive</kind>
         <file>rts430_eabi.lib</file>
         <name>args_main.c.obj</name>
      </input_file>
      <input_file id="fl-5a">
         <path>C:\ti\ccsv8\tools\compiler\ti-cgt-msp430_18.1.2.LTS\lib\</path>
         <kind>archive</kind>
         <file>rts430_eabi.lib</file>
         <name>memcpy.c.obj</name>
      </input_file>
      <input_file id="fl-5b">
         <path>C:\ti\ccsv8\tools\compiler\ti-cgt-msp430_18.1.2.LTS\lib\</path>
         <kind>archive</kind>
         <file>rts430_eabi.lib</file>
         <name>abs.c.obj</name>
      </input_file>
      <input_file id="fl-5c">
         <path>C:\ti\ccsv8\tools\compiler\ti-cgt-msp430_18.1.2.LTS\lib\</path>
         <kind>archive</kind>
         <file>rts430_eabi.lib</file>
         <name>k_rem_pio2.c.obj</name>
      </input_file>
      <input_file id="fl-5d">
         <path>C:\ti\ccsv8\tools\compiler\ti-cgt-msp430_18.1.2.LTS\lib\</path>
         <kind>archive</kind>
         <file>rts430_eabi.lib</file>
         <name>k_cos.c.obj</name>
      </input_file>
      <input_file id="fl-5e">
         <path>C:\ti\ccsv8\tools\compiler\ti-cgt-msp430_18.1.2.LTS\lib\</path>
         <kind>archive</kind>
         <file>rts430_eabi.lib</file>
         <name>k_sin.c.obj</name>
      </input_file>
      <input_file id="fl-5f">
         <path>C:\ti\ccsv8\tools\compiler\ti-cgt-msp430_18.1.2.LTS\lib\</path>
         <kind>archive</kind>
         <file>rts430_eabi.lib</file>
         <name>s_floor.c.obj</name>
      </input_file>
      <input_file id="fl-60">
         <path>C:\ti\ccsv8\tools\compiler\ti-cgt-msp430_18.1.2.LTS\lib\</path>
         <kind>archive</kind>
         <file>rts430_eabi.lib</file>
         <name>s_scalbn.c.obj</name>
      </input_file>
      <input_file id="fl-61">
         <path>C:\ti\ccsv8\tools\compiler\ti-cgt-msp430_18.1.2.LTS\lib\</path>
         <kind>archive</kind>
         <file>rts430_eabi.lib</file>
         <name>asr32.asm.obj</name>
      </input_file>
      <input_file id="fl-62">
         <path>C:\ti\ccsv8\tools\compiler\ti-cgt-msp430_18.1.2.LTS\lib\</path>
         <kind>archive</kind>
         <file>rts430_eabi.lib</file>
         <name>lsl32.asm.obj</name>
      </input_file>
      <input_file id="fl-63">
         <path>C:\ti\ccsv8\tools\compiler\ti-cgt-msp430_18.1.2.LTS\lib\</path>
         <kind>archive</kind>
         <file>rts430_eabi.lib</file>
         <name>lsr32.asm.obj</name>
      </input_file>
      <input_file id="fl-64">
         <path>C:\ti\ccsv8\tools\compiler\ti-cgt-msp430_18.1.2.LTS\lib\</path>
         <kind>archive</kind>
         <file>rts430_eabi.lib</file>
         <name>exit_gvars.c.obj</name>
      </input_file>
      <input_file id="fl-65">
         <path>C:\ti\ccsv8\tools\compiler\ti-cgt-msp430_18.1.2.LTS\lib\</path>
         <kind>archive</kind>
         <file>rts430_eabi.lib</file>
         <name>frcmpyd.c.obj</name>
      </input_file>
      <input_file id="fl-66">
         <path>C:\ti\ccsv8\tools\compiler\ti-cgt-msp430_18.1.2.LTS\lib\</path>
         <kind>archive</kind>
         <file>rts430_eabi.lib</file>
         <name>errno.c.obj</name>
      </input_file>
      <input_file id="fl-67">
         <path>C:\ti\ccsv8\tools\compiler\ti-cgt-msp430_18.1.2.LTS\lib\</path>
         <kind>archive</kind>
         <file>rts430_eabi.lib</file>
         <name>s_copysign.c.obj</name>
      </input_file>
   </input_file_list>
   <object_component_list>
      <object_component id="oc-1c9">
         <name>.common:Device_code</name>
         <uninitialized>true</uninitialized>
         <run_address>0x296</run_address>
         <size>0x2</size>
      </object_component>
      <object_component id="oc-1df">
         <name>.common:count</name>
         <uninitialized>true</uninitialized>
         <run_address>0x298</run_address>
         <size>0x2</size>
      </object_component>
      <object_component id="oc-27e">
         <name>.data:Taby</name>
         <load_address>0x25a</load_address>
         <run_address>0x25a</run_address>
         <size>0x31</size>
         <input_file_ref idref="fl-2"/>
      </object_component>
      <object_component id="oc-281">
         <name>.data:Tabx</name>
         <load_address>0x200</load_address>
         <run_address>0x200</run_address>
         <size>0x5a</size>
         <input_file_ref idref="fl-2"/>
      </object_component>
      <object_component id="oc-1e6">
         <name>.data</name>
         <load_address>0x28c</load_address>
         <run_address>0x28c</run_address>
         <size>0x8</size>
         <input_file_ref idref="fl-4"/>
      </object_component>
      <object_component id="oc-3f5">
         <name>.data</name>
         <load_address>0x294</load_address>
         <run_address>0x294</run_address>
         <size>0x2</size>
         <input_file_ref idref="fl-66"/>
      </object_component>
      <object_component id="oc-f5">
         <name>.stack</name>
         <uninitialized>true</uninitialized>
         <run_address>0x9b0</run_address>
         <size>0x2</size>
         <input_file_ref idref="fl-3f"/>
      </object_component>
      <object_component id="oc-466">
         <name>.stack</name>
         <uninitialized>true</uninitialized>
         <run_address>0x9b0</run_address>
         <size>0x0</size>
      </object_component>
      <object_component id="oc-2fb">
         <name>.text:__kernel_rem_pio2</name>
         <load_address>0x1100</load_address>
         <run_address>0x1100</run_address>
         <size>0xd8e</size>
         <input_file_ref idref="fl-5c"/>
      </object_component>
      <object_component id="oc-267">
         <name>.text:sin</name>
         <load_address>0x1e8e</load_address>
         <run_address>0x1e8e</run_address>
         <size>0x8e4</size>
         <input_file_ref idref="fl-20"/>
      </object_component>
      <object_component id="oc-24f">
         <name>.text:cos</name>
         <load_address>0x2772</load_address>
         <run_address>0x2772</run_address>
         <size>0x8de</size>
         <input_file_ref idref="fl-1f"/>
      </object_component>
      <object_component id="oc-1d8">
         <name>.text:GUICoordinate</name>
         <load_address>0x3050</load_address>
         <run_address>0x3050</run_address>
         <size>0x6ae</size>
         <input_file_ref idref="fl-2"/>
      </object_component>
      <object_component id="oc-1cc">
         <name>.text:TFT_Initial</name>
         <load_address>0x36fe</load_address>
         <run_address>0x36fe</run_address>
         <size>0x684</size>
         <input_file_ref idref="fl-3"/>
      </object_component>
      <object_component id="oc-26d">
         <name>.text:__mspabi_addd</name>
         <load_address>0x3d82</load_address>
         <run_address>0x3d82</run_address>
         <size>0x2fa</size>
         <input_file_ref idref="fl-49"/>
      </object_component>
      <object_component id="oc-30d">
         <name>.text:__kernel_sin</name>
         <load_address>0x407c</load_address>
         <run_address>0x407c</run_address>
         <size>0x2b4</size>
         <input_file_ref idref="fl-5e"/>
      </object_component>
      <object_component id="oc-31a">
         <name>.text:__TI_frcmpyd</name>
         <load_address>0x4330</load_address>
         <run_address>0x4330</run_address>
         <size>0x286</size>
         <input_file_ref idref="fl-65"/>
      </object_component>
      <object_component id="oc-307">
         <name>.text:__kernel_cos</name>
         <load_address>0x45b6</load_address>
         <run_address>0x45b6</run_address>
         <size>0x270</size>
         <input_file_ref idref="fl-5d"/>
      </object_component>
      <object_component id="oc-255">
         <name>.text:__mspabi_mpyd</name>
         <load_address>0x4826</load_address>
         <run_address>0x4826</run_address>
         <size>0x26e</size>
         <input_file_ref idref="fl-53"/>
      </object_component>
      <object_component id="oc-331">
         <name>.text:__TI_frcaddd</name>
         <load_address>0x4a94</load_address>
         <run_address>0x4a94</run_address>
         <size>0x260</size>
         <input_file_ref idref="fl-52"/>
      </object_component>
      <object_component id="oc-399">
         <name>.text:floor</name>
         <load_address>0x4cf4</load_address>
         <run_address>0x4cf4</run_address>
         <size>0x1d0</size>
         <input_file_ref idref="fl-5f"/>
      </object_component>
      <object_component id="oc-393">
         <name>.text:scalbn</name>
         <load_address>0x4ec4</load_address>
         <run_address>0x4ec4</run_address>
         <size>0x16a</size>
         <input_file_ref idref="fl-60"/>
      </object_component>
      <object_component id="oc-2f5">
         <name>.text:__mspabi_cmpd</name>
         <load_address>0x502e</load_address>
         <run_address>0x502e</run_address>
         <size>0xdc</size>
         <input_file_ref idref="fl-4a"/>
      </object_component>
      <object_component id="oc-243">
         <name>.text:GUIline</name>
         <load_address>0x510a</load_address>
         <run_address>0x510a</run_address>
         <size>0xbe</size>
         <input_file_ref idref="fl-2"/>
      </object_component>
      <object_component id="oc-3cb">
         <name>.text:__TI_renormd</name>
         <load_address>0x51c8</load_address>
         <run_address>0x51c8</run_address>
         <size>0xbe</size>
         <input_file_ref idref="fl-55"/>
      </object_component>
      <object_component id="oc-2ef">
         <name>.text:__mspabi_fltlid</name>
         <load_address>0x5286</load_address>
         <run_address>0x5286</run_address>
         <size>0xac</size>
         <input_file_ref idref="fl-4f"/>
      </object_component>
      <object_component id="oc-2d7">
         <name>.text:__mspabi_fltuld</name>
         <load_address>0x5332</load_address>
         <run_address>0x5332</run_address>
         <size>0x8a</size>
         <input_file_ref idref="fl-51"/>
      </object_component>
      <object_component id="oc-189">
         <name>.text:main</name>
         <load_address>0x53bc</load_address>
         <run_address>0x53bc</run_address>
         <size>0x8a</size>
         <input_file_ref idref="fl-4"/>
      </object_component>
      <object_component id="oc-33">
         <name>.text:decompress:lzss:__TI_decompress_lzss</name>
         <load_address>0x5446</load_address>
         <run_address>0x5446</run_address>
         <size>0x7c</size>
         <input_file_ref idref="fl-48"/>
      </object_component>
      <object_component id="oc-328">
         <name>.text:__mspabi_fixdul</name>
         <load_address>0x54c2</load_address>
         <run_address>0x54c2</run_address>
         <size>0x74</size>
         <input_file_ref idref="fl-4e"/>
      </object_component>
      <object_component id="oc-2e9">
         <name>.text:__mspabi_fixdli</name>
         <load_address>0x5536</load_address>
         <run_address>0x5536</run_address>
         <size>0x72</size>
         <input_file_ref idref="fl-4c"/>
      </object_component>
      <object_component id="oc-371">
         <name>.text:l_lsr_const</name>
         <load_address>0x55a8</load_address>
         <run_address>0x55a8</run_address>
         <size>0x5c</size>
         <input_file_ref idref="fl-63"/>
      </object_component>
      <object_component id="oc-236">
         <name>.text:LCD_SetPos</name>
         <load_address>0x5604</load_address>
         <run_address>0x5604</run_address>
         <size>0x58</size>
         <input_file_ref idref="fl-3"/>
      </object_component>
      <object_component id="oc-fe">
         <name>.text</name>
         <load_address>0x565c</load_address>
         <run_address>0x565c</run_address>
         <size>0x4c</size>
         <input_file_ref idref="fl-37"/>
      </object_component>
      <object_component id="oc-1c3">
         <name>.text:LED_Light</name>
         <load_address>0x56a8</load_address>
         <run_address>0x56a8</run_address>
         <size>0x42</size>
         <input_file_ref idref="fl-4"/>
      </object_component>
      <object_component id="oc-1f6">
         <name>.text:__TI_auto_init_nobinit_nopinit:__TI_auto_init_nobinit_nopinit</name>
         <load_address>0x56ea</load_address>
         <run_address>0x56ea</run_address>
         <size>0x42</size>
         <input_file_ref idref="fl-40"/>
      </object_component>
      <object_component id="oc-1d2">
         <name>.text:CLR_Screen</name>
         <load_address>0x572c</load_address>
         <run_address>0x572c</run_address>
         <size>0x3e</size>
         <input_file_ref idref="fl-3"/>
      </object_component>
      <object_component id="oc-3bf">
         <name>.text:l_asr_const</name>
         <load_address>0x576a</load_address>
         <run_address>0x576a</run_address>
         <size>0x3e</size>
         <input_file_ref idref="fl-61"/>
      </object_component>
      <object_component id="oc-36c">
         <name>.text:l_lsl_const</name>
         <load_address>0x57a8</load_address>
         <run_address>0x57a8</run_address>
         <size>0x3e</size>
         <input_file_ref idref="fl-62"/>
      </object_component>
      <object_component id="oc-2bb">
         <name>.text:Write_Cmd</name>
         <load_address>0x57e6</load_address>
         <run_address>0x57e6</run_address>
         <size>0x32</size>
         <input_file_ref idref="fl-3"/>
      </object_component>
      <object_component id="oc-1b7">
         <name>.text:Clock_Init</name>
         <load_address>0x5818</load_address>
         <run_address>0x5818</run_address>
         <size>0x2e</size>
         <input_file_ref idref="fl-4"/>
      </object_component>
      <object_component id="oc-25b">
         <name>.text:__mspabi_subd</name>
         <load_address>0x5846</load_address>
         <run_address>0x5846</run_address>
         <size>0x2e</size>
         <input_file_ref idref="fl-56"/>
      </object_component>
      <object_component id="oc-3f8">
         <name>.text:copysign</name>
         <load_address>0x5874</load_address>
         <run_address>0x5874</run_address>
         <size>0x2e</size>
         <input_file_ref idref="fl-67"/>
      </object_component>
      <object_component id="oc-38b">
         <name>.text</name>
         <load_address>0x58a2</load_address>
         <run_address>0x58a2</run_address>
         <size>0x2e</size>
         <input_file_ref idref="fl-3c"/>
      </object_component>
      <object_component id="oc-2c1">
         <name>.text:Write_Data</name>
         <load_address>0x58d0</load_address>
         <run_address>0x58d0</run_address>
         <size>0x2c</size>
         <input_file_ref idref="fl-3"/>
      </object_component>
      <object_component id="oc-2e4">
         <name>.text</name>
         <load_address>0x58fc</load_address>
         <run_address>0x58fc</run_address>
         <size>0x2c</size>
         <input_file_ref idref="fl-21"/>
      </object_component>
      <object_component id="oc-386">
         <name>.text</name>
         <load_address>0x5928</load_address>
         <run_address>0x5928</run_address>
         <size>0x2c</size>
         <input_file_ref idref="fl-22"/>
      </object_component>
      <object_component id="oc-f9">
         <name>.text</name>
         <load_address>0x5954</load_address>
         <run_address>0x5954</run_address>
         <size>0x2c</size>
         <input_file_ref idref="fl-36"/>
      </object_component>
      <object_component id="oc-301">
         <name>.text:__mspabi_negd</name>
         <load_address>0x5980</load_address>
         <run_address>0x5980</run_address>
         <size>0x2a</size>
         <input_file_ref idref="fl-54"/>
      </object_component>
      <object_component id="oc-2de">
         <name>.text:__mspabi_fixdi</name>
         <load_address>0x59aa</load_address>
         <run_address>0x59aa</run_address>
         <size>0x28</size>
         <input_file_ref idref="fl-4b"/>
      </object_component>
      <object_component id="oc-2d0">
         <name>.text:GUIpoint</name>
         <load_address>0x59d2</load_address>
         <run_address>0x59d2</run_address>
         <size>0x26</size>
         <input_file_ref idref="fl-2"/>
      </object_component>
      <object_component id="oc-1e0">
         <name>.text:ADC_Init</name>
         <load_address>0x59f8</load_address>
         <run_address>0x59f8</run_address>
         <size>0x20</size>
         <input_file_ref idref="fl-4"/>
      </object_component>
      <object_component id="oc-1bd">
         <name>.text:Port_Init</name>
         <load_address>0x5a18</load_address>
         <run_address>0x5a18</run_address>
         <size>0x20</size>
         <input_file_ref idref="fl-4"/>
      </object_component>
      <object_component id="oc-22f">
         <name>.text:Write_Cmd_Data</name>
         <load_address>0x5a38</load_address>
         <run_address>0x5a38</run_address>
         <size>0x1e</size>
         <input_file_ref idref="fl-3"/>
      </object_component>
      <object_component id="oc-137">
         <name>.text:_c_int00_noargs</name>
         <load_address>0x5a56</load_address>
         <run_address>0x5a56</run_address>
         <size>0x1c</size>
         <input_file_ref idref="fl-3f"/>
      </object_component>
      <object_component id="oc-279">
         <name>.text</name>
         <load_address>0x5a72</load_address>
         <run_address>0x5a72</run_address>
         <size>0x16</size>
         <input_file_ref idref="fl-23"/>
      </object_component>
      <object_component id="oc-125">
         <name>.text:decompress:ZI:__TI_zero_init_nomemset:__TI_zero_init_nomemset</name>
         <load_address>0x5a88</load_address>
         <run_address>0x5a88</run_address>
         <size>0x14</size>
         <input_file_ref idref="fl-41"/>
      </object_component>
      <object_component id="oc-274">
         <name>.text</name>
         <load_address>0x5a9c</load_address>
         <run_address>0x5a9c</run_address>
         <size>0x14</size>
         <input_file_ref idref="fl-39"/>
      </object_component>
      <object_component id="oc-261">
         <name>.text:__mspabi_fixdu</name>
         <load_address>0x5ab0</load_address>
         <run_address>0x5ab0</run_address>
         <size>0x12</size>
         <input_file_ref idref="fl-4d"/>
      </object_component>
      <object_component id="oc-39">
         <name>.text:decompress:none:__TI_decompress_none</name>
         <load_address>0x5ac2</load_address>
         <run_address>0x5ac2</run_address>
         <size>0x12</size>
         <input_file_ref idref="fl-47"/>
      </object_component>
      <object_component id="oc-37a">
         <name>.text:l_lsr</name>
         <load_address>0x5ad4</load_address>
         <run_address>0x5ad4</run_address>
         <size>0x12</size>
         <input_file_ref idref="fl-63"/>
      </object_component>
      <object_component id="oc-113">
         <name>.text:memcpy</name>
         <load_address>0x5ae6</load_address>
         <run_address>0x5ae6</run_address>
         <size>0x12</size>
         <input_file_ref idref="fl-5a"/>
      </object_component>
      <object_component id="oc-23c">
         <name>.text:Write_Data_U16</name>
         <load_address>0x5af8</load_address>
         <run_address>0x5af8</run_address>
         <size>0x10</size>
         <input_file_ref idref="fl-3"/>
      </object_component>
      <object_component id="oc-39f">
         <name>.text:l_asr</name>
         <load_address>0x5b08</load_address>
         <run_address>0x5b08</run_address>
         <size>0x10</size>
         <input_file_ref idref="fl-61"/>
      </object_component>
      <object_component id="oc-3a4">
         <name>.text:l_lsl</name>
         <load_address>0x5b18</load_address>
         <run_address>0x5b18</run_address>
         <size>0x10</size>
         <input_file_ref idref="fl-62"/>
      </object_component>
      <object_component id="oc-103">
         <name>.text</name>
         <load_address>0x5b28</load_address>
         <run_address>0x5b28</run_address>
         <size>0x10</size>
         <input_file_ref idref="fl-25"/>
      </object_component>
      <object_component id="oc-2ca">
         <name>.text:abs</name>
         <load_address>0x5b38</load_address>
         <run_address>0x5b38</run_address>
         <size>0xa</size>
         <input_file_ref idref="fl-5b"/>
      </object_component>
      <object_component id="oc-1b1">
         <name>.text:WDT_Init</name>
         <load_address>0x5b42</load_address>
         <run_address>0x5b42</run_address>
         <size>0x8</size>
         <input_file_ref idref="fl-4"/>
      </object_component>
      <object_component id="oc-120">
         <name>.text:_isr:__TI_ISR_TRAP</name>
         <load_address>0x5b4a</load_address>
         <run_address>0x5b4a</run_address>
         <size>0x8</size>
         <input_file_ref idref="fl-35"/>
      </object_component>
      <object_component id="oc-249">
         <name>.text:__mspabi_fltud</name>
         <load_address>0x5b52</load_address>
         <run_address>0x5b52</run_address>
         <size>0x6</size>
         <input_file_ref idref="fl-50"/>
      </object_component>
      <object_component id="oc-1ea">
         <name>.text:abort</name>
         <load_address>0x5b58</load_address>
         <run_address>0x5b58</run_address>
         <size>0x6</size>
         <input_file_ref idref="fl-57"/>
      </object_component>
      <object_component id="oc-183">
         <name>.text:_system_pre_init</name>
         <load_address>0x5b5e</load_address>
         <run_address>0x5b5e</run_address>
         <size>0x4</size>
         <input_file_ref idref="fl-45"/>
      </object_component>
      <object_component id="oc-29a">
         <name>.text:_system_post_cinit</name>
         <load_address>0x5b62</load_address>
         <run_address>0x5b62</run_address>
         <size>0x2</size>
         <input_file_ref idref="fl-46"/>
      </object_component>
      <object_component id="oc-465">
         <name>.cinit..data.load</name>
         <load_address>0x5cd8</load_address>
         <run_address>0x5cd8</run_address>
         <size>0x44</size>
      </object_component>
      <object_component id="oc-462">
         <name>__TI_handler_table</name>
         <load_address>0x5d1c</load_address>
         <run_address>0x5d1c</run_address>
         <size>0x6</size>
      </object_component>
      <object_component id="oc-464">
         <name>.cinit..bss.load</name>
         <load_address>0x5d22</load_address>
         <run_address>0x5d22</run_address>
         <size>0x4</size>
      </object_component>
      <object_component id="oc-463">
         <name>__TI_cinit_table</name>
         <load_address>0x5d26</load_address>
         <run_address>0x5d26</run_address>
         <size>0x8</size>
      </object_component>
      <object_component id="oc-390">
         <name>.const:ipio2</name>
         <load_address>0x5b64</load_address>
         <run_address>0x5b64</run_address>
         <size>0x108</size>
         <input_file_ref idref="fl-5c"/>
      </object_component>
      <object_component id="oc-3a9">
         <name>.const:PIo2</name>
         <load_address>0x5c6c</load_address>
         <run_address>0x5c6c</run_address>
         <size>0x40</size>
         <input_file_ref idref="fl-5c"/>
      </object_component>
      <object_component id="oc-273">
         <name>.const:.string</name>
         <load_address>0x5cac</load_address>
         <run_address>0x5cac</run_address>
         <size>0x14</size>
         <input_file_ref idref="fl-2"/>
      </object_component>
      <object_component id="oc-1de">
         <name>.const:.string</name>
         <load_address>0x5cc0</load_address>
         <run_address>0x5cc0</run_address>
         <size>0x10</size>
         <input_file_ref idref="fl-4"/>
      </object_component>
      <object_component id="oc-383">
         <name>.const:init_jk</name>
         <load_address>0x5cd0</load_address>
         <run_address>0x5cd0</run_address>
         <size>0x8</size>
         <input_file_ref idref="fl-5c"/>
      </object_component>
      <object_component id="oc-427">
         <name>.binit</name>
         <load_address>0x1100</load_address>
         <run_address>0x1100</run_address>
         <size>0x0</size>
      </object_component>
      <object_component id="oc-3f">
         <name>.int00</name>
         <load_address>0xffe0</load_address>
         <run_address>0xffe0</run_address>
         <size>0x2</size>
         <input_file_ref idref="fl-26"/>
      </object_component>
      <object_component id="oc-40">
         <name>.int01</name>
         <load_address>0xffe2</load_address>
         <run_address>0xffe2</run_address>
         <size>0x2</size>
         <input_file_ref idref="fl-27"/>
      </object_component>
      <object_component id="oc-41">
         <name>.int02</name>
         <load_address>0xffe4</load_address>
         <run_address>0xffe4</run_address>
         <size>0x2</size>
         <input_file_ref idref="fl-28"/>
      </object_component>
      <object_component id="oc-42">
         <name>.int03</name>
         <load_address>0xffe6</load_address>
         <run_address>0xffe6</run_address>
         <size>0x2</size>
         <input_file_ref idref="fl-29"/>
      </object_component>
      <object_component id="oc-43">
         <name>.int04</name>
         <load_address>0xffe8</load_address>
         <run_address>0xffe8</run_address>
         <size>0x2</size>
         <input_file_ref idref="fl-2a"/>
      </object_component>
      <object_component id="oc-44">
         <name>.int05</name>
         <load_address>0xffea</load_address>
         <run_address>0xffea</run_address>
         <size>0x2</size>
         <input_file_ref idref="fl-2b"/>
      </object_component>
      <object_component id="oc-45">
         <name>.int06</name>
         <load_address>0xffec</load_address>
         <run_address>0xffec</run_address>
         <size>0x2</size>
         <input_file_ref idref="fl-2c"/>
      </object_component>
      <object_component id="oc-46">
         <name>.int07</name>
         <load_address>0xffee</load_address>
         <run_address>0xffee</run_address>
         <size>0x2</size>
         <input_file_ref idref="fl-2d"/>
      </object_component>
      <object_component id="oc-47">
         <name>.int08</name>
         <load_address>0xfff0</load_address>
         <run_address>0xfff0</run_address>
         <size>0x2</size>
         <input_file_ref idref="fl-2e"/>
      </object_component>
      <object_component id="oc-48">
         <name>.int09</name>
         <load_address>0xfff2</load_address>
         <run_address>0xfff2</run_address>
         <size>0x2</size>
         <input_file_ref idref="fl-2f"/>
      </object_component>
      <object_component id="oc-49">
         <name>.int10</name>
         <load_address>0xfff4</load_address>
         <run_address>0xfff4</run_address>
         <size>0x2</size>
         <input_file_ref idref="fl-30"/>
      </object_component>
      <object_component id="oc-4a">
         <name>.int11</name>
         <load_address>0xfff6</load_address>
         <run_address>0xfff6</run_address>
         <size>0x2</size>
         <input_file_ref idref="fl-31"/>
      </object_component>
      <object_component id="oc-4b">
         <name>.int12</name>
         <load_address>0xfff8</load_address>
         <run_address>0xfff8</run_address>
         <size>0x2</size>
         <input_file_ref idref="fl-32"/>
      </object_component>
      <object_component id="oc-4c">
         <name>.int13</name>
         <load_address>0xfffa</load_address>
         <run_address>0xfffa</run_address>
         <size>0x2</size>
         <input_file_ref idref="fl-33"/>
      </object_component>
      <object_component id="oc-4d">
         <name>.int14</name>
         <load_address>0xfffc</load_address>
         <run_address>0xfffc</run_address>
         <size>0x2</size>
         <input_file_ref idref="fl-34"/>
      </object_component>
      <object_component id="oc-f8">
         <name>.reset</name>
         <load_address>0xfffe</load_address>
         <run_address>0xfffe</run_address>
         <size>0x2</size>
         <input_file_ref idref="fl-3f"/>
      </object_component>
      <object_component id="oc-33d">
         <name>.debug_info</name>
         <load_address>0x0</load_address>
         <run_address>0x0</run_address>
         <size>0x227</size>
         <input_file_ref idref="fl-2"/>
      </object_component>
      <object_component id="oc-27f">
         <name>.debug_info</name>
         <load_address>0x227</load_address>
         <run_address>0x227</run_address>
         <size>0xbc</size>
         <input_file_ref idref="fl-2"/>
      </object_component>
      <object_component id="oc-282">
         <name>.debug_info</name>
         <load_address>0x2e3</load_address>
         <run_address>0x2e3</run_address>
         <size>0xbc</size>
         <input_file_ref idref="fl-2"/>
      </object_component>
      <object_component id="oc-2d2">
         <name>.debug_info</name>
         <load_address>0x39f</load_address>
         <run_address>0x39f</run_address>
         <size>0x164</size>
         <input_file_ref idref="fl-2"/>
      </object_component>
      <object_component id="oc-244">
         <name>.debug_info</name>
         <load_address>0x503</load_address>
         <run_address>0x503</run_address>
         <size>0x216</size>
         <input_file_ref idref="fl-2"/>
      </object_component>
      <object_component id="oc-1d9">
         <name>.debug_info</name>
         <load_address>0x719</load_address>
         <run_address>0x719</run_address>
         <size>0x7e6</size>
         <input_file_ref idref="fl-2"/>
      </object_component>
      <object_component id="oc-3d7">
         <name>.debug_info</name>
         <load_address>0xeff</load_address>
         <run_address>0xeff</run_address>
         <size>0x26b</size>
         <input_file_ref idref="fl-2"/>
      </object_component>
      <object_component id="oc-10e">
         <name>.debug_info</name>
         <load_address>0x116a</load_address>
         <run_address>0x116a</run_address>
         <size>0x84</size>
         <input_file_ref idref="fl-2"/>
      </object_component>
      <object_component id="oc-418">
         <name>.debug_info</name>
         <load_address>0x11ee</load_address>
         <run_address>0x11ee</run_address>
         <size>0x275</size>
         <input_file_ref idref="fl-2"/>
      </object_component>
      <object_component id="oc-2c2">
         <name>.debug_info</name>
         <load_address>0x1463</load_address>
         <run_address>0x1463</run_address>
         <size>0x12a</size>
         <input_file_ref idref="fl-3"/>
      </object_component>
      <object_component id="oc-23e">
         <name>.debug_info</name>
         <load_address>0x158d</load_address>
         <run_address>0x158d</run_address>
         <size>0x13b</size>
         <input_file_ref idref="fl-3"/>
      </object_component>
      <object_component id="oc-2bd">
         <name>.debug_info</name>
         <load_address>0x16c8</load_address>
         <run_address>0x16c8</run_address>
         <size>0x128</size>
         <input_file_ref idref="fl-3"/>
      </object_component>
      <object_component id="oc-231">
         <name>.debug_info</name>
         <load_address>0x17f0</load_address>
         <run_address>0x17f0</run_address>
         <size>0x161</size>
         <input_file_ref idref="fl-3"/>
      </object_component>
      <object_component id="oc-1ce">
         <name>.debug_info</name>
         <load_address>0x1951</load_address>
         <run_address>0x1951</run_address>
         <size>0xd34</size>
         <input_file_ref idref="fl-3"/>
      </object_component>
      <object_component id="oc-238">
         <name>.debug_info</name>
         <load_address>0x2685</load_address>
         <run_address>0x2685</run_address>
         <size>0x1ec</size>
         <input_file_ref idref="fl-3"/>
      </object_component>
      <object_component id="oc-1d3">
         <name>.debug_info</name>
         <load_address>0x2871</load_address>
         <run_address>0x2871</run_address>
         <size>0x15c</size>
         <input_file_ref idref="fl-3"/>
      </object_component>
      <object_component id="oc-1ca">
         <name>.debug_info</name>
         <load_address>0x29cd</load_address>
         <run_address>0x29cd</run_address>
         <size>0x4e5</size>
         <input_file_ref idref="fl-4"/>
      </object_component>
      <object_component id="oc-1e7">
         <name>.debug_info</name>
         <load_address>0x2eb2</load_address>
         <run_address>0x2eb2</run_address>
         <size>0x125</size>
         <input_file_ref idref="fl-4"/>
      </object_component>
      <object_component id="oc-1b2">
         <name>.debug_info</name>
         <load_address>0x2fd7</load_address>
         <run_address>0x2fd7</run_address>
         <size>0xef</size>
         <input_file_ref idref="fl-4"/>
      </object_component>
      <object_component id="oc-1b8">
         <name>.debug_info</name>
         <load_address>0x30c6</load_address>
         <run_address>0x30c6</run_address>
         <size>0xfe</size>
         <input_file_ref idref="fl-4"/>
      </object_component>
      <object_component id="oc-1bf">
         <name>.debug_info</name>
         <load_address>0x31c4</load_address>
         <run_address>0x31c4</run_address>
         <size>0xf1</size>
         <input_file_ref idref="fl-4"/>
      </object_component>
      <object_component id="oc-1c5">
         <name>.debug_info</name>
         <load_address>0x32b5</load_address>
         <run_address>0x32b5</run_address>
         <size>0xf1</size>
         <input_file_ref idref="fl-4"/>
      </object_component>
      <object_component id="oc-1e2">
         <name>.debug_info</name>
         <load_address>0x33a6</load_address>
         <run_address>0x33a6</run_address>
         <size>0xef</size>
         <input_file_ref idref="fl-4"/>
      </object_component>
      <object_component id="oc-18d">
         <name>.debug_info</name>
         <load_address>0x3495</load_address>
         <run_address>0x3495</run_address>
         <size>0x19d</size>
         <input_file_ref idref="fl-4"/>
      </object_component>
      <object_component id="oc-314">
         <name>.debug_info</name>
         <load_address>0x3632</load_address>
         <run_address>0x3632</run_address>
         <size>0x268</size>
         <input_file_ref idref="fl-1f"/>
      </object_component>
      <object_component id="oc-250">
         <name>.debug_info</name>
         <load_address>0x389a</load_address>
         <run_address>0x389a</run_address>
         <size>0xa3f</size>
         <input_file_ref idref="fl-1f"/>
      </object_component>
      <object_component id="oc-3ba">
         <name>.debug_info</name>
         <load_address>0x42d9</load_address>
         <run_address>0x42d9</run_address>
         <size>0x46</size>
         <input_file_ref idref="fl-1f"/>
      </object_component>
      <object_component id="oc-315">
         <name>.debug_info</name>
         <load_address>0x431f</load_address>
         <run_address>0x431f</run_address>
         <size>0x39</size>
         <input_file_ref idref="fl-1f"/>
      </object_component>
      <object_component id="oc-330">
         <name>.debug_info</name>
         <load_address>0x4358</load_address>
         <run_address>0x4358</run_address>
         <size>0x268</size>
         <input_file_ref idref="fl-20"/>
      </object_component>
      <object_component id="oc-269">
         <name>.debug_info</name>
         <load_address>0x45c0</load_address>
         <run_address>0x45c0</run_address>
         <size>0xa96</size>
         <input_file_ref idref="fl-20"/>
      </object_component>
      <object_component id="oc-2e5">
         <name>.debug_info</name>
         <load_address>0x5056</load_address>
         <run_address>0x5056</run_address>
         <size>0x118</size>
         <input_file_ref idref="fl-21"/>
      </object_component>
      <object_component id="oc-387">
         <name>.debug_info</name>
         <load_address>0x516e</load_address>
         <run_address>0x516e</run_address>
         <size>0x12d</size>
         <input_file_ref idref="fl-22"/>
      </object_component>
      <object_component id="oc-27c">
         <name>.debug_info</name>
         <load_address>0x529b</load_address>
         <run_address>0x529b</run_address>
         <size>0x119</size>
         <input_file_ref idref="fl-23"/>
      </object_component>
      <object_component id="oc-104">
         <name>.debug_info</name>
         <load_address>0x53b4</load_address>
         <run_address>0x53b4</run_address>
         <size>0x126</size>
         <input_file_ref idref="fl-25"/>
      </object_component>
      <object_component id="oc-123">
         <name>.debug_info</name>
         <load_address>0x54da</load_address>
         <run_address>0x54da</run_address>
         <size>0x107</size>
         <input_file_ref idref="fl-35"/>
      </object_component>
      <object_component id="oc-fb">
         <name>.debug_info</name>
         <load_address>0x55e1</load_address>
         <run_address>0x55e1</run_address>
         <size>0x118</size>
         <input_file_ref idref="fl-36"/>
      </object_component>
      <object_component id="oc-100">
         <name>.debug_info</name>
         <load_address>0x56f9</load_address>
         <run_address>0x56f9</run_address>
         <size>0x118</size>
         <input_file_ref idref="fl-37"/>
      </object_component>
      <object_component id="oc-275">
         <name>.debug_info</name>
         <load_address>0x5811</load_address>
         <run_address>0x5811</run_address>
         <size>0x117</size>
         <input_file_ref idref="fl-39"/>
      </object_component>
      <object_component id="oc-38e">
         <name>.debug_info</name>
         <load_address>0x5928</load_address>
         <run_address>0x5928</run_address>
         <size>0x117</size>
         <input_file_ref idref="fl-3c"/>
      </object_component>
      <object_component id="oc-f6">
         <name>.debug_info</name>
         <load_address>0x5a3f</load_address>
         <run_address>0x5a3f</run_address>
         <size>0xf5</size>
         <input_file_ref idref="fl-3f"/>
      </object_component>
      <object_component id="oc-13a">
         <name>.debug_info</name>
         <load_address>0x5b34</load_address>
         <run_address>0x5b34</run_address>
         <size>0x16f</size>
         <input_file_ref idref="fl-3f"/>
      </object_component>
      <object_component id="oc-2a1">
         <name>.debug_info</name>
         <load_address>0x5ca3</load_address>
         <run_address>0x5ca3</run_address>
         <size>0x472</size>
         <input_file_ref idref="fl-40"/>
      </object_component>
      <object_component id="oc-1f8">
         <name>.debug_info</name>
         <load_address>0x6115</load_address>
         <run_address>0x6115</run_address>
         <size>0x1d5</size>
         <input_file_ref idref="fl-40"/>
      </object_component>
      <object_component id="oc-357">
         <name>.debug_info</name>
         <load_address>0x62ea</load_address>
         <run_address>0x62ea</run_address>
         <size>0x39</size>
         <input_file_ref idref="fl-40"/>
      </object_component>
      <object_component id="oc-363">
         <name>.debug_info</name>
         <load_address>0x6323</load_address>
         <run_address>0x6323</run_address>
         <size>0x2c</size>
         <input_file_ref idref="fl-40"/>
      </object_component>
      <object_component id="oc-2ac">
         <name>.debug_info</name>
         <load_address>0x634f</load_address>
         <run_address>0x634f</run_address>
         <size>0x2c</size>
         <input_file_ref idref="fl-40"/>
      </object_component>
      <object_component id="oc-35c">
         <name>.debug_info</name>
         <load_address>0x637b</load_address>
         <run_address>0x637b</run_address>
         <size>0xcd</size>
         <input_file_ref idref="fl-40"/>
      </object_component>
      <object_component id="oc-181">
         <name>.debug_info</name>
         <load_address>0x6448</load_address>
         <run_address>0x6448</run_address>
         <size>0x1b4</size>
         <input_file_ref idref="fl-41"/>
      </object_component>
      <object_component id="oc-129">
         <name>.debug_info</name>
         <load_address>0x65fc</load_address>
         <run_address>0x65fc</run_address>
         <size>0x1c7</size>
         <input_file_ref idref="fl-41"/>
      </object_component>
      <object_component id="oc-17c">
         <name>.debug_info</name>
         <load_address>0x67c3</load_address>
         <run_address>0x67c3</run_address>
         <size>0x46</size>
         <input_file_ref idref="fl-41"/>
      </object_component>
      <object_component id="oc-16e">
         <name>.debug_info</name>
         <load_address>0x6809</load_address>
         <run_address>0x6809</run_address>
         <size>0x2c</size>
         <input_file_ref idref="fl-41"/>
      </object_component>
      <object_component id="oc-184">
         <name>.debug_info</name>
         <load_address>0x6835</load_address>
         <run_address>0x6835</run_address>
         <size>0x148</size>
         <input_file_ref idref="fl-45"/>
      </object_component>
      <object_component id="oc-29c">
         <name>.debug_info</name>
         <load_address>0x697d</load_address>
         <run_address>0x697d</run_address>
         <size>0x145</size>
         <input_file_ref idref="fl-46"/>
      </object_component>
      <object_component id="oc-11f">
         <name>.debug_info</name>
         <load_address>0x6ac2</load_address>
         <run_address>0x6ac2</run_address>
         <size>0x175</size>
         <input_file_ref idref="fl-47"/>
      </object_component>
      <object_component id="oc-3a">
         <name>.debug_info</name>
         <load_address>0x6c37</load_address>
         <run_address>0x6c37</run_address>
         <size>0x1df</size>
         <input_file_ref idref="fl-47"/>
      </object_component>
      <object_component id="oc-11a">
         <name>.debug_info</name>
         <load_address>0x6e16</load_address>
         <run_address>0x6e16</run_address>
         <size>0x46</size>
         <input_file_ref idref="fl-47"/>
      </object_component>
      <object_component id="oc-173">
         <name>.debug_info</name>
         <load_address>0x6e5c</load_address>
         <run_address>0x6e5c</run_address>
         <size>0x2c</size>
         <input_file_ref idref="fl-47"/>
      </object_component>
      <object_component id="oc-16b">
         <name>.debug_info</name>
         <load_address>0x6e88</load_address>
         <run_address>0x6e88</run_address>
         <size>0x16b</size>
         <input_file_ref idref="fl-48"/>
      </object_component>
      <object_component id="oc-36">
         <name>.debug_info</name>
         <load_address>0x6ff3</load_address>
         <run_address>0x6ff3</run_address>
         <size>0x287</size>
         <input_file_ref idref="fl-48"/>
      </object_component>
      <object_component id="oc-109">
         <name>.debug_info</name>
         <load_address>0x727a</load_address>
         <run_address>0x727a</run_address>
         <size>0x60</size>
         <input_file_ref idref="fl-48"/>
      </object_component>
      <object_component id="oc-1a5">
         <name>.debug_info</name>
         <load_address>0x72da</load_address>
         <run_address>0x72da</run_address>
         <size>0x46</size>
         <input_file_ref idref="fl-48"/>
      </object_component>
      <object_component id="oc-166">
         <name>.debug_info</name>
         <load_address>0x7320</load_address>
         <run_address>0x7320</run_address>
         <size>0x39</size>
         <input_file_ref idref="fl-48"/>
      </object_component>
      <object_component id="oc-338">
         <name>.debug_info</name>
         <load_address>0x7359</load_address>
         <run_address>0x7359</run_address>
         <size>0x19c</size>
         <input_file_ref idref="fl-49"/>
      </object_component>
      <object_component id="oc-270">
         <name>.debug_info</name>
         <load_address>0x74f5</load_address>
         <run_address>0x74f5</run_address>
         <size>0x24c</size>
         <input_file_ref idref="fl-49"/>
      </object_component>
      <object_component id="oc-321">
         <name>.debug_info</name>
         <load_address>0x7741</load_address>
         <run_address>0x7741</run_address>
         <size>0x94</size>
         <input_file_ref idref="fl-49"/>
      </object_component>
      <object_component id="oc-2f8">
         <name>.debug_info</name>
         <load_address>0x77d5</load_address>
         <run_address>0x77d5</run_address>
         <size>0x1a4</size>
         <input_file_ref idref="fl-4a"/>
      </object_component>
      <object_component id="oc-2e1">
         <name>.debug_info</name>
         <load_address>0x7979</load_address>
         <run_address>0x7979</run_address>
         <size>0x166</size>
         <input_file_ref idref="fl-4b"/>
      </object_component>
      <object_component id="oc-2ed">
         <name>.debug_info</name>
         <load_address>0x7adf</load_address>
         <run_address>0x7adf</run_address>
         <size>0x1b5</size>
         <input_file_ref idref="fl-4c"/>
      </object_component>
      <object_component id="oc-262">
         <name>.debug_info</name>
         <load_address>0x7c94</load_address>
         <run_address>0x7c94</run_address>
         <size>0x160</size>
         <input_file_ref idref="fl-4d"/>
      </object_component>
      <object_component id="oc-329">
         <name>.debug_info</name>
         <load_address>0x7df4</load_address>
         <run_address>0x7df4</run_address>
         <size>0x1b5</size>
         <input_file_ref idref="fl-4e"/>
      </object_component>
      <object_component id="oc-381">
         <name>.debug_info</name>
         <load_address>0x7fa9</load_address>
         <run_address>0x7fa9</run_address>
         <size>0x160</size>
         <input_file_ref idref="fl-4f"/>
      </object_component>
      <object_component id="oc-2f0">
         <name>.debug_info</name>
         <load_address>0x8109</load_address>
         <run_address>0x8109</run_address>
         <size>0x210</size>
         <input_file_ref idref="fl-4f"/>
      </object_component>
      <object_component id="oc-24d">
         <name>.debug_info</name>
         <load_address>0x8319</load_address>
         <run_address>0x8319</run_address>
         <size>0x15b</size>
         <input_file_ref idref="fl-50"/>
      </object_component>
      <object_component id="oc-377">
         <name>.debug_info</name>
         <load_address>0x8474</load_address>
         <run_address>0x8474</run_address>
         <size>0x160</size>
         <input_file_ref idref="fl-51"/>
      </object_component>
      <object_component id="oc-2d8">
         <name>.debug_info</name>
         <load_address>0x85d4</load_address>
         <run_address>0x85d4</run_address>
         <size>0x1d8</size>
         <input_file_ref idref="fl-51"/>
      </object_component>
      <object_component id="oc-3d2">
         <name>.debug_info</name>
         <load_address>0x87ac</load_address>
         <run_address>0x87ac</run_address>
         <size>0x195</size>
         <input_file_ref idref="fl-52"/>
      </object_component>
      <object_component id="oc-332">
         <name>.debug_info</name>
         <load_address>0x8941</load_address>
         <run_address>0x8941</run_address>
         <size>0x31e</size>
         <input_file_ref idref="fl-52"/>
      </object_component>
      <object_component id="oc-326">
         <name>.debug_info</name>
         <load_address>0x8c5f</load_address>
         <run_address>0x8c5f</run_address>
         <size>0x197</size>
         <input_file_ref idref="fl-53"/>
      </object_component>
      <object_component id="oc-257">
         <name>.debug_info</name>
         <load_address>0x8df6</load_address>
         <run_address>0x8df6</run_address>
         <size>0x2d5</size>
         <input_file_ref idref="fl-53"/>
      </object_component>
      <object_component id="oc-304">
         <name>.debug_info</name>
         <load_address>0x90cb</load_address>
         <run_address>0x90cb</run_address>
         <size>0x14d</size>
         <input_file_ref idref="fl-54"/>
      </object_component>
      <object_component id="oc-415">
         <name>.debug_info</name>
         <load_address>0x9218</load_address>
         <run_address>0x9218</run_address>
         <size>0x167</size>
         <input_file_ref idref="fl-55"/>
      </object_component>
      <object_component id="oc-3cc">
         <name>.debug_info</name>
         <load_address>0x937f</load_address>
         <run_address>0x937f</run_address>
         <size>0x1ee</size>
         <input_file_ref idref="fl-55"/>
      </object_component>
      <object_component id="oc-25e">
         <name>.debug_info</name>
         <load_address>0x956d</load_address>
         <run_address>0x956d</run_address>
         <size>0x182</size>
         <input_file_ref idref="fl-56"/>
      </object_component>
      <object_component id="oc-1eb">
         <name>.debug_info</name>
         <load_address>0x96ef</load_address>
         <run_address>0x96ef</run_address>
         <size>0x117</size>
         <input_file_ref idref="fl-57"/>
      </object_component>
      <object_component id="oc-16d">
         <name>.debug_info</name>
         <load_address>0x9806</load_address>
         <run_address>0x9806</run_address>
         <size>0x176</size>
         <input_file_ref idref="fl-5a"/>
      </object_component>
      <object_component id="oc-115">
         <name>.debug_info</name>
         <load_address>0x997c</load_address>
         <run_address>0x997c</run_address>
         <size>0x16f</size>
         <input_file_ref idref="fl-5a"/>
      </object_component>
      <object_component id="oc-2ce">
         <name>.debug_info</name>
         <load_address>0x9aeb</load_address>
         <run_address>0x9aeb</run_address>
         <size>0x135</size>
         <input_file_ref idref="fl-5b"/>
      </object_component>
      <object_component id="oc-3ad">
         <name>.debug_info</name>
         <load_address>0x9c20</load_address>
         <run_address>0x9c20</run_address>
         <size>0x208</size>
         <input_file_ref idref="fl-5c"/>
      </object_component>
      <object_component id="oc-384">
         <name>.debug_info</name>
         <load_address>0x9e28</load_address>
         <run_address>0x9e28</run_address>
         <size>0xfc</size>
         <input_file_ref idref="fl-5c"/>
      </object_component>
      <object_component id="oc-391">
         <name>.debug_info</name>
         <load_address>0x9f24</load_address>
         <run_address>0x9f24</run_address>
         <size>0xf8</size>
         <input_file_ref idref="fl-5c"/>
      </object_component>
      <object_component id="oc-3aa">
         <name>.debug_info</name>
         <load_address>0xa01c</load_address>
         <run_address>0xa01c</run_address>
         <size>0xf7</size>
         <input_file_ref idref="fl-5c"/>
      </object_component>
      <object_component id="oc-2fc">
         <name>.debug_info</name>
         <load_address>0xa113</load_address>
         <run_address>0xa113</run_address>
         <size>0xca8</size>
         <input_file_ref idref="fl-5c"/>
      </object_component>
      <object_component id="oc-408">
         <name>.debug_info</name>
         <load_address>0xadbb</load_address>
         <run_address>0xadbb</run_address>
         <size>0x2c</size>
         <input_file_ref idref="fl-5c"/>
      </object_component>
      <object_component id="oc-3ae">
         <name>.debug_info</name>
         <load_address>0xade7</load_address>
         <run_address>0xade7</run_address>
         <size>0x2c</size>
         <input_file_ref idref="fl-5c"/>
      </object_component>
      <object_component id="oc-3b5">
         <name>.debug_info</name>
         <load_address>0xae13</load_address>
         <run_address>0xae13</run_address>
         <size>0x15a</size>
         <input_file_ref idref="fl-5d"/>
      </object_component>
      <object_component id="oc-308">
         <name>.debug_info</name>
         <load_address>0xaf6d</load_address>
         <run_address>0xaf6d</run_address>
         <size>0x3a6</size>
         <input_file_ref idref="fl-5d"/>
      </object_component>
      <object_component id="oc-3b7">
         <name>.debug_info</name>
         <load_address>0xb313</load_address>
         <run_address>0xb313</run_address>
         <size>0x15f</size>
         <input_file_ref idref="fl-5e"/>
      </object_component>
      <object_component id="oc-30e">
         <name>.debug_info</name>
         <load_address>0xb472</load_address>
         <run_address>0xb472</run_address>
         <size>0x43a</size>
         <input_file_ref idref="fl-5e"/>
      </object_component>
      <object_component id="oc-401">
         <name>.debug_info</name>
         <load_address>0xb8ac</load_address>
         <run_address>0xb8ac</run_address>
         <size>0x15c</size>
         <input_file_ref idref="fl-5f"/>
      </object_component>
      <object_component id="oc-39a">
         <name>.debug_info</name>
         <load_address>0xba08</load_address>
         <run_address>0xba08</run_address>
         <size>0x25a</size>
         <input_file_ref idref="fl-5f"/>
      </object_component>
      <object_component id="oc-3ff">
         <name>.debug_info</name>
         <load_address>0xbc62</load_address>
         <run_address>0xbc62</run_address>
         <size>0x1a5</size>
         <input_file_ref idref="fl-60"/>
      </object_component>
      <object_component id="oc-394">
         <name>.debug_info</name>
         <load_address>0xbe07</load_address>
         <run_address>0xbe07</run_address>
         <size>0x230</size>
         <input_file_ref idref="fl-60"/>
      </object_component>
      <object_component id="oc-3a0">
         <name>.debug_info</name>
         <load_address>0xc037</load_address>
         <run_address>0xc037</run_address>
         <size>0x118</size>
         <input_file_ref idref="fl-61"/>
      </object_component>
      <object_component id="oc-3c2">
         <name>.debug_info</name>
         <load_address>0xc14f</load_address>
         <run_address>0xc14f</run_address>
         <size>0x11e</size>
         <input_file_ref idref="fl-61"/>
      </object_component>
      <object_component id="oc-3a5">
         <name>.debug_info</name>
         <load_address>0xc26d</load_address>
         <run_address>0xc26d</run_address>
         <size>0x118</size>
         <input_file_ref idref="fl-62"/>
      </object_component>
      <object_component id="oc-36d">
         <name>.debug_info</name>
         <load_address>0xc385</load_address>
         <run_address>0xc385</run_address>
         <size>0x11e</size>
         <input_file_ref idref="fl-62"/>
      </object_component>
      <object_component id="oc-37c">
         <name>.debug_info</name>
         <load_address>0xc4a3</load_address>
         <run_address>0xc4a3</run_address>
         <size>0x118</size>
         <input_file_ref idref="fl-63"/>
      </object_component>
      <object_component id="oc-374">
         <name>.debug_info</name>
         <load_address>0xc5bb</load_address>
         <run_address>0xc5bb</run_address>
         <size>0x11e</size>
         <input_file_ref idref="fl-63"/>
      </object_component>
      <object_component id="oc-3c5">
         <name>.debug_info</name>
         <load_address>0xc6d9</load_address>
         <run_address>0xc6d9</run_address>
         <size>0x167</size>
         <input_file_ref idref="fl-65"/>
      </object_component>
      <object_component id="oc-31b">
         <name>.debug_info</name>
         <load_address>0xc840</load_address>
         <run_address>0xc840</run_address>
         <size>0x3a0</size>
         <input_file_ref idref="fl-65"/>
      </object_component>
      <object_component id="oc-3f6">
         <name>.debug_info</name>
         <load_address>0xcbe0</load_address>
         <run_address>0xcbe0</run_address>
         <size>0xf3</size>
         <input_file_ref idref="fl-66"/>
      </object_component>
      <object_component id="oc-3fa">
         <name>.debug_info</name>
         <load_address>0xccd3</load_address>
         <run_address>0xccd3</run_address>
         <size>0x155</size>
         <input_file_ref idref="fl-67"/>
      </object_component>
      <object_component id="oc-467">
         <name>.debug_info</name>
         <load_address>0xce28</load_address>
         <run_address>0xce28</run_address>
         <size>0x97</size>
      </object_component>
      <object_component id="oc-3d6">
         <name>.debug_line</name>
         <load_address>0x0</load_address>
         <run_address>0x0</run_address>
         <size>0x72</size>
         <input_file_ref idref="fl-2"/>
      </object_component>
      <object_component id="oc-33c">
         <name>.debug_line</name>
         <load_address>0x72</load_address>
         <run_address>0x72</run_address>
         <size>0x2c</size>
         <input_file_ref idref="fl-2"/>
      </object_component>
      <object_component id="oc-33f">
         <name>.debug_line</name>
         <load_address>0x9e</load_address>
         <run_address>0x9e</run_address>
         <size>0x2c</size>
         <input_file_ref idref="fl-2"/>
      </object_component>
      <object_component id="oc-2d1">
         <name>.debug_line</name>
         <load_address>0xca</load_address>
         <run_address>0xca</run_address>
         <size>0x42</size>
         <input_file_ref idref="fl-2"/>
      </object_component>
      <object_component id="oc-247">
         <name>.debug_line</name>
         <load_address>0x10c</load_address>
         <run_address>0x10c</run_address>
         <size>0x79</size>
         <input_file_ref idref="fl-2"/>
      </object_component>
      <object_component id="oc-1dc">
         <name>.debug_line</name>
         <load_address>0x185</load_address>
         <run_address>0x185</run_address>
         <size>0x95</size>
         <input_file_ref idref="fl-2"/>
      </object_component>
      <object_component id="oc-3da">
         <name>.debug_line</name>
         <load_address>0x21a</load_address>
         <run_address>0x21a</run_address>
         <size>0x6c</size>
         <input_file_ref idref="fl-2"/>
      </object_component>
      <object_component id="oc-111">
         <name>.debug_line</name>
         <load_address>0x286</load_address>
         <run_address>0x286</run_address>
         <size>0x20</size>
         <input_file_ref idref="fl-2"/>
      </object_component>
      <object_component id="oc-41b">
         <name>.debug_line</name>
         <load_address>0x2a6</load_address>
         <run_address>0x2a6</run_address>
         <size>0x70</size>
         <input_file_ref idref="fl-2"/>
      </object_component>
      <object_component id="oc-2c5">
         <name>.debug_line</name>
         <load_address>0x316</load_address>
         <run_address>0x316</run_address>
         <size>0x4b</size>
         <input_file_ref idref="fl-3"/>
      </object_component>
      <object_component id="oc-23d">
         <name>.debug_line</name>
         <load_address>0x361</load_address>
         <run_address>0x361</run_address>
         <size>0x46</size>
         <input_file_ref idref="fl-3"/>
      </object_component>
      <object_component id="oc-2bc">
         <name>.debug_line</name>
         <load_address>0x3a7</load_address>
         <run_address>0x3a7</run_address>
         <size>0x4a</size>
         <input_file_ref idref="fl-3"/>
      </object_component>
      <object_component id="oc-230">
         <name>.debug_line</name>
         <load_address>0x3f1</load_address>
         <run_address>0x3f1</run_address>
         <size>0x47</size>
         <input_file_ref idref="fl-3"/>
      </object_component>
      <object_component id="oc-1cd">
         <name>.debug_line</name>
         <load_address>0x438</load_address>
         <run_address>0x438</run_address>
         <size>0x264</size>
         <input_file_ref idref="fl-3"/>
      </object_component>
      <object_component id="oc-237">
         <name>.debug_line</name>
         <load_address>0x69c</load_address>
         <run_address>0x69c</run_address>
         <size>0x4a</size>
         <input_file_ref idref="fl-3"/>
      </object_component>
      <object_component id="oc-1d6">
         <name>.debug_line</name>
         <load_address>0x6e6</load_address>
         <run_address>0x6e6</run_address>
         <size>0x53</size>
         <input_file_ref idref="fl-3"/>
      </object_component>
      <object_component id="oc-22e">
         <name>.debug_line</name>
         <load_address>0x739</load_address>
         <run_address>0x739</run_address>
         <size>0x7b</size>
         <input_file_ref idref="fl-4"/>
      </object_component>
      <object_component id="oc-287">
         <name>.debug_line</name>
         <load_address>0x7b4</load_address>
         <run_address>0x7b4</run_address>
         <size>0x3c</size>
         <input_file_ref idref="fl-4"/>
      </object_component>
      <object_component id="oc-1b5">
         <name>.debug_line</name>
         <load_address>0x7f0</load_address>
         <run_address>0x7f0</run_address>
         <size>0x40</size>
         <input_file_ref idref="fl-4"/>
      </object_component>
      <object_component id="oc-1bb">
         <name>.debug_line</name>
         <load_address>0x830</load_address>
         <run_address>0x830</run_address>
         <size>0x53</size>
         <input_file_ref idref="fl-4"/>
      </object_component>
      <object_component id="oc-1c1">
         <name>.debug_line</name>
         <load_address>0x883</load_address>
         <run_address>0x883</run_address>
         <size>0x49</size>
         <input_file_ref idref="fl-4"/>
      </object_component>
      <object_component id="oc-1c8">
         <name>.debug_line</name>
         <load_address>0x8cc</load_address>
         <run_address>0x8cc</run_address>
         <size>0x46</size>
         <input_file_ref idref="fl-4"/>
      </object_component>
      <object_component id="oc-1e5">
         <name>.debug_line</name>
         <load_address>0x912</load_address>
         <run_address>0x912</run_address>
         <size>0x48</size>
         <input_file_ref idref="fl-4"/>
      </object_component>
      <object_component id="oc-18b">
         <name>.debug_line</name>
         <load_address>0x95a</load_address>
         <run_address>0x95a</run_address>
         <size>0x56</size>
         <input_file_ref idref="fl-4"/>
      </object_component>
      <object_component id="oc-3b9">
         <name>.debug_line</name>
         <load_address>0x9b0</load_address>
         <run_address>0x9b0</run_address>
         <size>0x42</size>
         <input_file_ref idref="fl-1f"/>
      </object_component>
      <object_component id="oc-254">
         <name>.debug_line</name>
         <load_address>0x9f2</load_address>
         <run_address>0x9f2</run_address>
         <size>0x29f</size>
         <input_file_ref idref="fl-1f"/>
      </object_component>
      <object_component id="oc-3bd">
         <name>.debug_line</name>
         <load_address>0xc91</load_address>
         <run_address>0xc91</run_address>
         <size>0x92</size>
         <input_file_ref idref="fl-1f"/>
      </object_component>
      <object_component id="oc-318">
         <name>.debug_line</name>
         <load_address>0xd23</load_address>
         <run_address>0xd23</run_address>
         <size>0x8f</size>
         <input_file_ref idref="fl-1f"/>
      </object_component>
      <object_component id="oc-3ca">
         <name>.debug_line</name>
         <load_address>0xdb2</load_address>
         <run_address>0xdb2</run_address>
         <size>0x42</size>
         <input_file_ref idref="fl-20"/>
      </object_component>
      <object_component id="oc-26b">
         <name>.debug_line</name>
         <load_address>0xdf4</load_address>
         <run_address>0xdf4</run_address>
         <size>0x2e8</size>
         <input_file_ref idref="fl-20"/>
      </object_component>
      <object_component id="oc-2e8">
         <name>.debug_line</name>
         <load_address>0x10dc</load_address>
         <run_address>0x10dc</run_address>
         <size>0x4e</size>
         <input_file_ref idref="fl-21"/>
      </object_component>
      <object_component id="oc-38a">
         <name>.debug_line</name>
         <load_address>0x112a</load_address>
         <run_address>0x112a</run_address>
         <size>0x4d</size>
         <input_file_ref idref="fl-22"/>
      </object_component>
      <object_component id="oc-27b">
         <name>.debug_line</name>
         <load_address>0x1177</load_address>
         <run_address>0x1177</run_address>
         <size>0x43</size>
         <input_file_ref idref="fl-23"/>
      </object_component>
      <object_component id="oc-107">
         <name>.debug_line</name>
         <load_address>0x11ba</load_address>
         <run_address>0x11ba</run_address>
         <size>0x40</size>
         <input_file_ref idref="fl-25"/>
[...]
         <value>0xfffa</value>
         <object_component_ref idref="oc-4c"/>
      </symbol>
      <symbol id="sm-2d1">
         <name>__TI_int14</name>
         <value>0xfffc</value>
         <object_component_ref idref="oc-4d"/>
      </symbol>
      <symbol id="sm-2d9">
         <name>__TI_ISR_TRAP</name>
         <value>0x5b4a</value>
         <object_component_ref idref="oc-120"/>
      </symbol>
      <symbol id="sm-2e1">
         <name>__mspabi_slli</name>
         <value>0x5954</value>
         <object_component_ref idref="oc-f9"/>
      </symbol>
      <symbol id="sm-2e2">
         <name>__mspabi_slli_9</name>
         <value>0x596c</value>
         <object_component_ref idref="oc-f9"/>
      </symbol>
      <symbol id="sm-2e3">
         <name>__mspabi_slli_8</name>
         <value>0x596e</value>
         <object_component_ref idref="oc-f9"/>
      </symbol>
      <symbol id="sm-2e4">
         <name>__mspabi_slli_7</name>
         <value>0x5970</value>
         <object_component_ref idref="oc-f9"/>
      </symbol>
      <symbol id="sm-2e5">
         <name>__mspabi_slli_6</name>
         <value>0x5972</value>
         <object_component_ref idref="oc-f9"/>
      </symbol>
      <symbol id="sm-2e6">
         <name>__mspabi_slli_5</name>
         <value>0x5974</value>
         <object_component_ref idref="oc-f9"/>
      </symbol>
      <symbol id="sm-2e7">
         <name>__mspabi_slli_4</name>
         <value>0x5976</value>
         <object_component_ref idref="oc-f9"/>
      </symbol>
      <symbol id="sm-2e8">
         <name>__mspabi_slli_3</name>
         <value>0x5978</value>
         <object_component_ref idref="oc-f9"/>
      </symbol>
      <symbol id="sm-2e9">
         <name>__mspabi_slli_2</name>
         <value>0x597a</value>
         <object_component_ref idref="oc-f9"/>
      </symbol>
      <symbol id="sm-2ea">
         <name>__mspabi_slli_1</name>
         <value>0x597c</value>
         <object_component_ref idref="oc-f9"/>
      </symbol>
      <symbol id="sm-2eb">
         <name>__mspabi_slli_15</name>
         <value>0x5960</value>
         <object_component_ref idref="oc-f9"/>
      </symbol>
      <symbol id="sm-2ec">
         <name>__mspabi_slli_14</name>
         <value>0x5962</value>
         <object_component_ref idref="oc-f9"/>
      </symbol>
      <symbol id="sm-2ed">
         <name>__mspabi_slli_13</name>
         <value>0x5964</value>
         <object_component_ref idref="oc-f9"/>
      </symbol>
      <symbol id="sm-2ee">
         <name>__mspabi_slli_12</name>
         <value>0x5966</value>
         <object_component_ref idref="oc-f9"/>
      </symbol>
      <symbol id="sm-2ef">
         <name>__mspabi_slli_11</name>
         <value>0x5968</value>
         <object_component_ref idref="oc-f9"/>
      </symbol>
      <symbol id="sm-2f0">
         <name>__mspabi_slli_10</name>
         <value>0x596a</value>
         <object_component_ref idref="oc-f9"/>
      </symbol>
      <symbol id="sm-2f8">
         <name>__mspabi_srli_8</name>
         <value>0x5686</value>
         <object_component_ref idref="oc-fe"/>
      </symbol>
      <symbol id="sm-2f9">
         <name>__mspabi_srli_9</name>
         <value>0x5682</value>
         <object_component_ref idref="oc-fe"/>
      </symbol>
      <symbol id="sm-2fa">
         <name>__mspabi_srli_6</name>
         <value>0x568e</value>
         <object_component_ref idref="oc-fe"/>
      </symbol>
      <symbol id="sm-2fb">
         <name>__mspabi_srli_7</name>
         <value>0x568a</value>
         <object_component_ref idref="oc-fe"/>
      </symbol>
      <symbol id="sm-2fc">
         <name>__mspabi_srli_4</name>
         <value>0x5696</value>
         <object_component_ref idref="oc-fe"/>
      </symbol>
      <symbol id="sm-2fd">
         <name>__mspabi_srli_5</name>
         <value>0x5692</value>
         <object_component_ref idref="oc-fe"/>
      </symbol>
      <symbol id="sm-2fe">
         <name>__mspabi_srli_2</name>
         <value>0x569e</value>
         <object_component_ref idref="oc-fe"/>
      </symbol>
      <symbol id="sm-2ff">
         <name>__mspabi_srli_3</name>
         <value>0x569a</value>
         <object_component_ref idref="oc-fe"/>
      </symbol>
      <symbol id="sm-300">
         <name>__mspabi_srli_1</name>
         <value>0x56a2</value>
         <object_component_ref idref="oc-fe"/>
      </symbol>
      <symbol id="sm-301">
         <name>__mspabi_srli</name>
         <value>0x565c</value>
         <object_component_ref idref="oc-fe"/>
      </symbol>
      <symbol id="sm-302">
         <name>__mspabi_srli_15</name>
         <value>0x566a</value>
         <object_component_ref idref="oc-fe"/>
      </symbol>
      <symbol id="sm-303">
         <name>__mspabi_srli_14</name>
         <value>0x566e</value>
         <object_component_ref idref="oc-fe"/>
      </symbol>
      <symbol id="sm-304">
         <name>__mspabi_srli_13</name>
         <value>0x5672</value>
         <object_component_ref idref="oc-fe"/>
      </symbol>
      <symbol id="sm-305">
         <name>__mspabi_srli_12</name>
         <value>0x5676</value>
         <object_component_ref idref="oc-fe"/>
      </symbol>
      <symbol id="sm-306">
         <name>__mspabi_srli_11</name>
         <value>0x567a</value>
         <object_component_ref idref="oc-fe"/>
      </symbol>
      <symbol id="sm-307">
         <name>__mspabi_srli_10</name>
         <value>0x567e</value>
         <object_component_ref idref="oc-fe"/>
      </symbol>
      <symbol id="sm-310">
         <name>__mspabi_mpyi_hw</name>
         <value>0x5a9c</value>
         <object_component_ref idref="oc-274"/>
      </symbol>
      <symbol id="sm-31a">
         <name>__mspabi_mpyl_hw</name>
         <value>0x58a2</value>
         <object_component_ref idref="oc-38b"/>
      </symbol>
      <symbol id="sm-32c">
         <name>_stack</name>
         <value>0x9b0</value>
         <object_component_ref idref="oc-f5"/>
      </symbol>
      <symbol id="sm-32d">
         <name>_c_int00_noargs</name>
         <value>0x5a56</value>
         <object_component_ref idref="oc-137"/>
      </symbol>
      <symbol id="sm-32e">
         <name>_reset_vector</name>
         <value>0xfffe</value>
         <object_component_ref idref="oc-f8"/>
      </symbol>
      <symbol id="sm-350">
         <name>__TI_auto_init_nobinit_nopinit</name>
         <value>0x56ea</value>
         <object_component_ref idref="oc-1f6"/>
      </symbol>
      <symbol id="sm-368">
         <name>__TI_zero_init_nomemset</name>
         <value>0x5a88</value>
         <object_component_ref idref="oc-125"/>
      </symbol>
      <symbol id="sm-374">
         <name>_system_pre_init</name>
         <value>0x5b5e</value>
         <object_component_ref idref="oc-183"/>
      </symbol>
      <symbol id="sm-37d">
         <name>_system_post_cinit</name>
         <value>0x5b62</value>
         <object_component_ref idref="oc-29a"/>
      </symbol>
      <symbol id="sm-393">
         <name>__TI_decompress_none</name>
         <value>0x5ac2</value>
         <object_component_ref idref="oc-39"/>
      </symbol>
      <symbol id="sm-3b6">
         <name>__TI_decompress_lzss</name>
         <value>0x5446</value>
         <object_component_ref idref="oc-33"/>
      </symbol>
      <symbol id="sm-3dd">
         <name>__mspabi_addd</name>
         <value>0x3d82</value>
         <object_component_ref idref="oc-26d"/>
      </symbol>
      <symbol id="sm-3f7">
         <name>__mspabi_cmpd</name>
         <value>0x502e</value>
         <object_component_ref idref="oc-2f5"/>
      </symbol>
      <symbol id="sm-404">
         <name>__mspabi_fixdi</name>
         <value>0x59aa</value>
         <object_component_ref idref="oc-2de"/>
      </symbol>
      <symbol id="sm-413">
         <name>__mspabi_fixdli</name>
         <value>0x5536</value>
         <object_component_ref idref="oc-2e9"/>
      </symbol>
      <symbol id="sm-41e">
         <name>__mspabi_fixdu</name>
         <value>0x5ab0</value>
         <object_component_ref idref="oc-261"/>
      </symbol>
      <symbol id="sm-42e">
         <name>__mspabi_fixdul</name>
         <value>0x54c2</value>
         <object_component_ref idref="oc-328"/>
      </symbol>
      <symbol id="sm-445">
         <name>__mspabi_fltlid</name>
         <value>0x5286</value>
         <object_component_ref idref="oc-2ef"/>
      </symbol>
      <symbol id="sm-44e">
         <name>__mspabi_fltud</name>
         <value>0x5b52</value>
         <object_component_ref idref="oc-249"/>
      </symbol>
      <symbol id="sm-463">
         <name>__mspabi_fltuld</name>
         <value>0x5332</value>
         <object_component_ref idref="oc-2d7"/>
      </symbol>
      <symbol id="sm-484">
         <name>__TI_frcaddd</name>
         <value>0x4a94</value>
         <object_component_ref idref="oc-331"/>
      </symbol>
      <symbol id="sm-4a6">
         <name>__mspabi_mpyd</name>
         <value>0x4826</value>
         <object_component_ref idref="oc-255"/>
      </symbol>
      <symbol id="sm-4af">
         <name>__mspabi_negd</name>
         <value>0x5980</value>
         <object_component_ref idref="oc-301"/>
      </symbol>
      <symbol id="sm-4c2">
         <name>__TI_renormd</name>
         <value>0x51c8</value>
         <object_component_ref idref="oc-3cb"/>
      </symbol>
      <symbol id="sm-4cb">
         <name>__mspabi_subd</name>
         <value>0x5846</value>
         <object_component_ref idref="oc-25b"/>
      </symbol>
      <symbol id="sm-4d5">
         <name>C$$EXIT</name>
         <value>0x5b58</value>
         <object_component_ref idref="oc-1ea"/>
      </symbol>
      <symbol id="sm-4d6">
         <name>abort</name>
         <value>0x5b58</value>
         <object_component_ref idref="oc-1ea"/>
      </symbol>
      <symbol id="sm-4e6">
         <name>memcpy</name>
         <value>0x5ae6</value>
         <object_component_ref idref="oc-113"/>
      </symbol>
      <symbol id="sm-4f0">
         <name>abs</name>
         <value>0x5b38</value>
         <object_component_ref idref="oc-2ca"/>
      </symbol>
      <symbol id="sm-57c">
         <name>__kernel_rem_pio2</name>
         <value>0x1100</value>
         <object_component_ref idref="oc-2fb"/>
      </symbol>
      <symbol id="sm-58d">
         <name>__kernel_cos</name>
         <value>0x45b6</value>
         <object_component_ref idref="oc-307"/>
      </symbol>
      <symbol id="sm-5a0">
         <name>__kernel_sin</name>
         <value>0x407c</value>
         <object_component_ref idref="oc-30d"/>
      </symbol>
      <symbol id="sm-5c0">
         <name>floorl</name>
         <value>0x4cf4</value>
         <object_component_ref idref="oc-399"/>
      </symbol>
      <symbol id="sm-5c1">
         <name>floor</name>
         <value>0x4cf4</value>
         <object_component_ref idref="oc-399"/>
      </symbol>
      <symbol id="sm-5d9">
         <name>scalbn</name>
         <value>0x4ec4</value>
         <object_component_ref idref="oc-393"/>
      </symbol>
      <symbol id="sm-5da">
         <name>scalbnl</name>
         <value>0x4ec4</value>
         <object_component_ref idref="oc-393"/>
      </symbol>
      <symbol id="sm-5db">
         <name>ldexpl</name>
         <value>0x4ec4</value>
         <object_component_ref idref="oc-393"/>
      </symbol>
      <symbol id="sm-5dc">
         <name>ldexp</name>
         <value>0x4ec4</value>
         <object_component_ref idref="oc-393"/>
      </symbol>
      <symbol id="sm-5ec">
         <name>__mspabi_sral</name>
         <value>0x5b08</value>
         <object_component_ref idref="oc-39f"/>
      </symbol>
      <symbol id="sm-5ed">
         <name>__mspabi_sral_15</name>
         <value>0x576a</value>
         <object_component_ref idref="oc-3bf"/>
      </symbol>
      <symbol id="sm-5ee">
         <name>__mspabi_sral_14</name>
         <value>0x576e</value>
         <object_component_ref idref="oc-3bf"/>
      </symbol>
      <symbol id="sm-5ef">
         <name>__mspabi_sral_13</name>
         <value>0x5772</value>
         <object_component_ref idref="oc-3bf"/>
      </symbol>
      <symbol id="sm-5f0">
         <name>__mspabi_sral_12</name>
         <value>0x5776</value>
         <object_component_ref idref="oc-3bf"/>
      </symbol>
      <symbol id="sm-5f1">
         <name>__mspabi_sral_11</name>
         <value>0x577a</value>
         <object_component_ref idref="oc-3bf"/>
      </symbol>
      <symbol id="sm-5f2">
         <name>__mspabi_sral_10</name>
         <value>0x577e</value>
         <object_component_ref idref="oc-3bf"/>
      </symbol>
      <symbol id="sm-5f3">
         <name>__mspabi_sral_8</name>
         <value>0x5786</value>
         <object_component_ref idref="oc-3bf"/>
      </symbol>
      <symbol id="sm-5f4">
         <name>__mspabi_sral_9</name>
         <value>0x5782</value>
         <object_component_ref idref="oc-3bf"/>
      </symbol>
      <symbol id="sm-5f5">
         <name>__mspabi_sral_6</name>
         <value>0x578e</value>
         <object_component_ref idref="oc-3bf"/>
      </symbol>
      <symbol id="sm-5f6">
         <name>__mspabi_sral_7</name>
         <value>0x578a</value>
         <object_component_ref idref="oc-3bf"/>
      </symbol>
      <symbol id="sm-5f7">
         <name>__mspabi_sral_4</name>
         <value>0x5796</value>
         <object_component_ref idref="oc-3bf"/>
      </symbol>
      <symbol id="sm-5f8">
         <name>__mspabi_sral_5</name>
         <value>0x5792</value>
         <object_component_ref idref="oc-3bf"/>
      </symbol>
      <symbol id="sm-5f9">
         <name>__mspabi_sral_2</name>
         <value>0x579e</value>
         <object_component_ref idref="oc-3bf"/>
      </symbol>
      <symbol id="sm-5fa">
         <name>__mspabi_sral_3</name>
         <value>0x579a</value>
         <object_component_ref idref="oc-3bf"/>
      </symbol>
      <symbol id="sm-5fb">
         <name>__mspabi_sral_1</name>
         <value>0x57a2</value>
         <object_component_ref idref="oc-3bf"/>
      </symbol>
      <symbol id="sm-60b">
         <name>__mspabi_slll_9</name>
         <value>0x57c0</value>
         <object_component_ref idref="oc-36c"/>
      </symbol>
      <symbol id="sm-60c">
         <name>__mspabi_slll_8</name>
         <value>0x57c4</value>
         <object_component_ref idref="oc-36c"/>
      </symbol>
      <symbol id="sm-60d">
         <name>__mspabi_slll_7</name>
         <value>0x57c8</value>
         <object_component_ref idref="oc-36c"/>
      </symbol>
      <symbol id="sm-60e">
         <name>__mspabi_slll_6</name>
         <value>0x57cc</value>
         <object_component_ref idref="oc-36c"/>
      </symbol>
      <symbol id="sm-60f">
         <name>__mspabi_slll_5</name>
         <value>0x57d0</value>
         <object_component_ref idref="oc-36c"/>
      </symbol>
      <symbol id="sm-610">
         <name>__mspabi_slll_4</name>
         <value>0x57d4</value>
         <object_component_ref idref="oc-36c"/>
      </symbol>
      <symbol id="sm-611">
         <name>__mspabi_slll_3</name>
         <value>0x57d8</value>
         <object_component_ref idref="oc-36c"/>
      </symbol>
      <symbol id="sm-612">
         <name>__mspabi_slll_2</name>
         <value>0x57dc</value>
         <object_component_ref idref="oc-36c"/>
      </symbol>
      <symbol id="sm-613">
         <name>__mspabi_slll_1</name>
         <value>0x57e0</value>
         <object_component_ref idref="oc-36c"/>
      </symbol>
      <symbol id="sm-614">
         <name>__mspabi_slll</name>
         <value>0x5b18</value>
         <object_component_ref idref="oc-3a4"/>
      </symbol>
      <symbol id="sm-615">
         <name>__mspabi_slll_15</name>
         <value>0x57a8</value>
         <object_component_ref idref="oc-36c"/>
      </symbol>
      <symbol id="sm-616">
         <name>__mspabi_slll_14</name>
         <value>0x57ac</value>
         <object_component_ref idref="oc-36c"/>
      </symbol>
      <symbol id="sm-617">
         <name>__mspabi_slll_13</name>
         <value>0x57b0</value>
         <object_component_ref idref="oc-36c"/>
      </symbol>
      <symbol id="sm-618">
         <name>__mspabi_slll_12</name>
         <value>0x57b4</value>
         <object_component_ref idref="oc-36c"/>
      </symbol>
      <symbol id="sm-619">
         <name>__mspabi_slll_11</name>
         <value>0x57b8</value>
         <object_component_ref idref="oc-36c"/>
      </symbol>
      <symbol id="sm-61a">
         <name>__mspabi_slll_10</name>
         <value>0x57bc</value>
         <object_component_ref idref="oc-36c"/>
      </symbol>
      <symbol id="sm-62a">
         <name>__mspabi_srll_8</name>
         <value>0x55d2</value>
         <object_component_ref idref="oc-371"/>
      </symbol>
      <symbol id="sm-62b">
         <name>__mspabi_srll_9</name>
         <value>0x55cc</value>
         <object_component_ref idref="oc-371"/>
      </symbol>
      <symbol id="sm-62c">
         <name>__mspabi_srll_6</name>
         <value>0x55de</value>
         <object_component_ref idref="oc-371"/>
      </symbol>
      <symbol id="sm-62d">
         <name>__mspabi_srll_7</name>
         <value>0x55d8</value>
         <object_component_ref idref="oc-371"/>
      </symbol>
      <symbol id="sm-62e">
         <name>__mspabi_srll_4</name>
         <value>0x55ea</value>
         <object_component_ref idref="oc-371"/>
      </symbol>
      <symbol id="sm-62f">
         <name>__mspabi_srll_5</name>
         <value>0x55e4</value>
         <object_component_ref idref="oc-371"/>
      </symbol>
      <symbol id="sm-630">
         <name>__mspabi_srll_2</name>
         <value>0x55f6</value>
         <object_component_ref idref="oc-371"/>
      </symbol>
      <symbol id="sm-631">
         <name>__mspabi_srll_3</name>
         <value>0x55f0</value>
         <object_component_ref idref="oc-371"/>
      </symbol>
      <symbol id="sm-632">
         <name>__mspabi_srll_1</name>
         <value>0x55fc</value>
         <object_component_ref idref="oc-371"/>
      </symbol>
      <symbol id="sm-633">
         <name>__mspabi_srll_15</name>
         <value>0x55a8</value>
         <object_component_ref idref="oc-371"/>
      </symbol>
      <symbol id="sm-634">
         <name>__mspabi_srll_14</name>
         <value>0x55ae</value>
         <object_component_ref idref="oc-371"/>
      </symbol>
      <symbol id="sm-635">
         <name>__mspabi_srll_13</name>
         <value>0x55b4</value>
         <object_component_ref idref="oc-371"/>
      </symbol>
      <symbol id="sm-636">
         <name>__mspabi_srll_12</name>
         <value>0x55ba</value>
         <object_component_ref idref="oc-371"/>
      </symbol>
      <symbol id="sm-637">
         <name>__mspabi_srll_11</name>
         <value>0x55c0</value>
         <object_component_ref idref="oc-371"/>
      </symbol>
      <symbol id="sm-638">
         <name>__mspabi_srll_10</name>
         <value>0x55c6</value>
         <object_component_ref idref="oc-371"/>
      </symbol>
      <symbol id="sm-639">
         <name>__mspabi_srll</name>
         <value>0x5ad4</value>
         <object_component_ref idref="oc-37a"/>
      </symbol>
      <symbol id="sm-64a">
         <name>__TI_frcmpyd</name>
         <value>0x4330</value>
         <object_component_ref idref="oc-31a"/>
      </symbol>
      <symbol id="sm-651">
         <name>errno</name>
         <value>0x294</value>
         <object_component_ref idref="oc-3f5"/>
      </symbol>
      <symbol id="sm-65a">
         <name>copysign</name>
         <value>0x5874</value>
         <object_component_ref idref="oc-3f8"/>
      </symbol>
      <symbol id="sm-65b">
         <name>copysignl</name>
         <value>0x5874</value>
         <object_component_ref idref="oc-3f8"/>
      </symbol>
      <symbol id="sm-65d">
         <name>LCD_PutString</name>
         <value>0x0</value>
      </symbol>
   </symbol_table>
   <title>Link errors: red sections failed placement</title>
</link_info>
