******************************************************************************
                  MSP430 Linker PC v18.1.2                     
******************************************************************************
>> Linked Sat Oct  6 14:30:19 2018

OUTPUT FILE NAME:   <test.out>
ENTRY POINT SYMBOL: "_c_int00_noargs"  address: 00001826


MEMORY CONFIGURATION

         name            origin    length      used     unused   attr    fill
----------------------  --------  ---------  --------  --------  ----  --------
  SFR                   00000000   00000010  00000000  00000010  RWIX
  PERIPHERALS_8BIT      00000010   000000f0  00000000  000000f0  RWIX
  PERIPHERALS_16BIT     00000100   00000100  00000000  00000100  RWIX
  RAM                   00000200   00000800  00000058  000007a8  RWIX
  INFOB                 00001000   00000080  00000000  00000080  RWIX
  INFOA                 00001080   00000080  00000000  00000080  RWIX
  FLASH                 00001100   0000eee0  000007ca  0000e716  RWIX
  INT00                 0000ffe0   00000002  00000002  00000000  RWIX
  INT01                 0000ffe2   00000002  00000002  00000000  RWIX
  INT02                 0000ffe4   00000002  00000002  00000000  RWIX
  INT03                 0000ffe6   00000002  00000002  00000000  RWIX
  INT04                 0000ffe8   00000002  00000002  00000000  RWIX
  INT05                 0000ffea   00000002  00000002  00000000  RWIX
  INT06                 0000ffec   00000002  00000002  00000000  RWIX
  INT07                 0000ffee   00000002  00000002  00000000  RWIX
  INT08                 0000fff0   00000002  00000002  00000000  RWIX
  INT09                 0000fff2   00000002  00000002  00000000  RWIX
  INT10                 0000fff4   00000002  00000002  00000000  RWIX
  INT11                 0000fff6   00000002  00000002  00000000  RWIX
  INT12                 0000fff8   00000002  00000002  00000000  RWIX
  INT13                 0000fffa   00000002  00000002  00000000  RWIX
  INT14                 0000fffc   00000002  00000002  00000000  RWIX
  RESET                 0000fffe   00000002  00000002  00000000  RWIX


SECTION ALLOCATION MAP

 output                                  attributes/
section   page    origin      length       input sections
--------  ----  ----------  ----------   ----------------
.bss       0    00000200    00000008     UNINITIALIZED
                  00000200    00000001     (.common:day)
                  00000201    00000001     (.common:flag)
                  00000202    00000001     (.common:hour)
                  00000203    00000001     (.common:minute)
                  00000204    00000001     (.common:month)
                  00000205    00000001     (.common:second)
                  00000206    00000001     (.common:week)
                  00000207    00000001     (.common:year)

.stack     0    000009b0    00000050     UNINITIALIZED
                  000009b0    00000002     rts430_eabi.lib : boot.c.obj (.stack)
                  000009b2    0000004e     --HOLE--

.text      0    00001100    000007c0     
                  00001100    0000013a     main.obj (.text:write_week)
                  0000123a    0000008a     main.obj (.text:init_1302)
                  000012c4    00000076     main.obj (.text:LcdReset)
                  0000133a    0000006a     main.obj (.text:main)
                  000013a4    00000042     rts430_eabi.lib : autoinit.c.obj (.text:__TI_auto_init_nobinit_nopinit:__TI_auto_init_nobinit_nopinit)
                  000013e6    0000003e     main.obj (.text:write_day)
                  00001424    0000003e     main.obj (.text:write_hour)
                  00001462    0000003e     main.obj (.text:write_minute)
                  000014a0    0000003e     main.obj (.text:write_month)
                  000014de    0000003e     main.obj (.text:write_second)
                  0000151c    0000003e     main.obj (.text:write_year)
                  0000155a    0000003c     main.obj (.text:Write_Byte)
                  00001596    0000003a     main.obj (.text:Read_Byte)
                  000015d0    00000034     main.obj (.text:WaitForEnable)
                  00001604    0000002c     rts430_eabi.lib : asr16.asm.obj (.text)
                  00001630    0000002c                     : div16s.asm.obj (.text)
                  0000165c    0000002a     main.obj (.text:write_com)
                  00001686    0000002a     main.obj (.text:write_data)
                  000016b0    00000028     main.obj (.text:readday)
                  000016d8    00000028     main.obj (.text:readhour)
                  00001700    00000028     main.obj (.text:readminute)
                  00001728    00000028     main.obj (.text:readmonth)
                  00001750    00000028     main.obj (.text:readsecond)
                  00001778    00000028     main.obj (.text:readweek)
                  000017a0    00000024     main.obj (.text:Write_dat)
                  000017c4    00000024     main.obj (.text:readyear)
                  000017e8    00000020     main.obj (.text:read_1302add)
                  00001808    0000001e     main.obj (.text:readtime)
                  00001826    0000001c     rts430_eabi.lib : boot.c.obj (.text:_c_int00_noargs)
                  00001842    00000016                     : div16u.asm.obj (.text)
                  00001858    00000014                     : copy_zero_init.c.obj (.text:decompress:ZI:__TI_zero_init_nomemset:__TI_zero_init_nomemset)
                  0000186c    00000014                     : mult16_hw.asm.obj (.text)
                  00001880    00000010     main.obj (.text:delay)
                  00001890    00000010     rts430_eabi.lib : epilog.asm.obj (.text)
                  000018a0    0000000c     main.obj (.text:Write1602)
                  000018ac    00000008     rts430_eabi.lib : isr_trap.asm.obj (.text:_isr:__TI_ISR_TRAP)
                  000018b4    00000006                     : exit.c.obj (.text:abort)
                  000018ba    00000004                     : pre_init.c.obj (.text:_system_pre_init)
                  000018be    00000002                     : startup.c.obj (.text:_system_post_cinit)

.cinit     0    000018c0    0000000a     
                  000018c0    00000004     (.cinit..bss.load) [load image, compression = zero_init]
                  000018c4    00000002     (__TI_handler_table)
                  000018c6    00000004     (__TI_cinit_table)

.binit     0    00001100    00000000     

.init_array 
*          0    00001100    00000000     UNINITIALIZED

DACDMA     0    0000ffe0    00000002     
                  0000ffe0    00000002     rts430_eabi.lib : int00.asm.obj (.int00)

PORT2      0    0000ffe2    00000002     
                  0000ffe2    00000002     rts430_eabi.lib : int01.asm.obj (.int01)

USART1TX   0    0000ffe4    00000002     
                  0000ffe4    00000002     rts430_eabi.lib : int02.asm.obj (.int02)

USART1RX   0    0000ffe6    00000002     
                  0000ffe6    00000002     rts430_eabi.lib : int03.asm.obj (.int03)

PORT1      0    0000ffe8    00000002     
                  0000ffe8    00000002     rts430_eabi.lib : int04.asm.obj (.int04)

TIMERA1    0    0000ffea    00000002     
                  0000ffea    00000002     rts430_eabi.lib : int05.asm.obj (.int05)

TIMERA0    0    0000ffec    00000002     
                  0000ffec    00000002     rts430_eabi.lib : int06.asm.obj (.int06)

ADC12      0    0000ffee    00000002     
                  0000ffee    00000002     rts430_eabi.lib : int07.asm.obj (.int07)

USART0TX   0    0000fff0    00000002     
                  0000fff0    00000002     rts430_eabi.lib : int08.asm.obj (.int08)

USART0RX   0    0000fff2    00000002     
                  0000fff2    00000002     rts430_eabi.lib : int09.asm.obj (.int09)

WDT        0    0000fff4    00000002     
                  0000fff4    00000002     rts430_eabi.lib : int10.asm.obj (.int10)

COMPARATORA 
*          0    0000fff6    00000002     
                  0000fff6    00000002     rts430_eabi.lib : int11.asm.obj (.int11)

TIMERB1    0    0000fff8    00000002     
                  0000fff8    00000002     rts430_eabi.lib : int12.asm.obj (.int12)

TIMERB0    0    0000fffa    00000002     
                  0000fffa    00000002     rts430_eabi.lib : int13.asm.obj (.int13)

NMI        0    0000fffc    00000002     
                  0000fffc    00000002     rts430_eabi.lib : int14.asm.obj (.int14)

.reset     0    0000fffe    00000002     
                  0000fffe    00000002     rts430_eabi.lib : boot.c.obj (.reset)

MODULE SUMMARY

       Module                 code   ro data   rw data
       ------                 ----   -------   -------
    .\
       main.obj               1704   0         8      
    +--+----------------------+------+---------+---------+
       Total:                 1704   0         8      
                                                      
    C:\ti\ccsv8\tools\compiler\ti-cgt-msp430_18.1.2.LTS\lib\rts430_eabi.lib
       autoinit.c.obj         66     0         0      
       asr16.asm.obj          44     0         0      
       div16s.asm.obj         44     0         0      
       boot.c.obj             28     2         0      
       div16u.asm.obj         22     0         0      
       copy_zero_init.c.obj   20     0         0      
       mult16_hw.asm.obj      20     0         0      
       epilog.asm.obj         16     0         0      
       isr_trap.asm.obj       8      0         0      
       exit.c.obj             6      0         0      
       pre_init.c.obj         4      0         0      
       int00.asm.obj          0      2         0      
       int01.asm.obj          0      2         0      
       int02.asm.obj          0      2         0      
       int03.asm.obj          0      2         0      
       int04.asm.obj          0      2         0      
       int05.asm.obj          0      2         0      
       int06.asm.obj          0      2         0      
       int07.asm.obj          0      2         0      
       int08.asm.obj          0      2         0      
       int09.asm.obj          0      2         0      
       int10.asm.obj          0      2         0      
       int11.asm.obj          0      2         0      
       int12.asm.obj          0      2         0      
       int13.asm.obj          0      2         0      
       int14.asm.obj          0      2         0      
       startup.c.obj          2      0         0      
    +--+----------------------+------+---------+---------+
       Total:                 280    32        0      
                                                      
       Stack:                 0      0         80     
       Linker Generated:      0      10        0      
    +--+----------------------+------+---------+---------+
       Grand Total:           1984   42        88     


LINKER GENERATED COPY TABLES

__TI_cinit_table @ 000018c6 records: 1, size/record: 4, table size: 4
	.bss: load addr=000018c0, load size=00000004 bytes, run addr=00000200, run size=00000008 bytes, compression=zero_init


LINKER GENERATED HANDLER TABLE

__TI_handler_table @ 000018c4 records: 1, size/record: 2, table size: 2
	index: 0, handler: __TI_zero_init


GLOBAL SYMBOLS: SORTED ALPHABETICALLY BY Name 

address   name                          
-------   ----                          
000001a0  ADC12CTL0                     
000001a2  ADC12CTL1                     
000001a6  ADC12IE                       
000001a4  ADC12IFG                      
000001a8  ADC12IV                       
00000080  ADC12MCTL0                    
00000081  ADC12MCTL1                    
0000008a  ADC12MCTL10                   
0000008b  ADC12MCTL11                   
0000008c  ADC12MCTL12                   
0000008d  ADC12MCTL13                   
0000008e  ADC12MCTL14                   
0000008f  ADC12MCTL15                   
00000082  ADC12MCTL2                    
00000083  ADC12MCTL3                    
00000084  ADC12MCTL4                    
00000085  ADC12MCTL5                    
00000086  ADC12MCTL6                    
00000087  ADC12MCTL7                    
00000088  ADC12MCTL8                    
00000089  ADC12MCTL9                    
00000140  ADC12MEM0                     
00000142  ADC12MEM1                     
00000154  ADC12MEM10                    
00000156  ADC12MEM11                    
00000158  ADC12MEM12                    
0000015a  ADC12MEM13                    
0000015c  ADC12MEM14                    
0000015e  ADC12MEM15                    
00000144  ADC12MEM2                     
00000146  ADC12MEM3                     
00000148  ADC12MEM4                     
0000014a  ADC12MEM5                     
0000014c  ADC12MEM6                     
0000014e  ADC12MEM7                     
00000150  ADC12MEM8                     
00000152  ADC12MEM9                     
00000057  BCSCTL1                       
00000058  BCSCTL2                       
000018b4  C$$EXIT                       
00000059  CACTL1                        
0000005a  CACTL2                        
0000005b  CAPD                          
000001c0  DAC12_0CTL                    
000001c8  DAC12_0DAT                    
000001c2  DAC12_1CTL                    
000001ca  DAC12_1DAT                    
00000056  DCOCTL                        
000001e0  DMA0CTL                       
000001e4  DMA0DA                        
000001e2  DMA0SA                        
000001e6  DMA0SZ                        
000001e8  DMA1CTL                       
000001ec  DMA1DA                        
000001ea  DMA1SA                        
000001ee  DMA1SZ                        
000001f0  DMA2CTL                       
000001f4  DMA2DA                        
000001f2  DMA2SA                        
000001f6  DMA2SZ                        
00000122  DMACTL0                       
00000124  DMACTL1                       
00000128  FCTL1                         
0000012a  FCTL2                         
0000012c  FCTL3                         
00000072  I2CDCTL                       
00000076  I2CDRB                        
00000076  I2CDRW                        
00000050  I2CIE                         
00000051  I2CIFG                        
0000011c  I2CIV                         
00000052  I2CNDAT                       
00000118  I2COA                         
00000073  I2CPSC                        
0000011a  I2CSA                         
00000074  I2CSCLH                       
00000075  I2CSCLL                       
00000071  I2CTCTL                       
00000000  IE1                           
00000001  IE2                           
00000002  IFG1                          
00000003  IFG2                          
000012c4  LcdReset                      
00000134  MAC                           
00000136  MACS                          
00000004  ME1                           
00000005  ME2                           
00000130  MPY                           
00000132  MPYS                          
00000138  OP2                           
00000022  P1DIR                         
00000025  P1IE                          
00000024  P1IES                         
00000023  P1IFG                         
00000020  P1IN                          
00000021  P1OUT                         
00000026  P1SEL                         
0000002a  P2DIR                         
0000002d  P2IE                          
0000002c  P2IES                         
0000002b  P2IFG                         
00000028  P2IN                          
00000029  P2OUT                         
0000002e  P2SEL                         
0000001a  P3DIR                         
00000018  P3IN                          
00000019  P3OUT                         
0000001b  P3SEL                         
0000001e  P4DIR                         
0000001c  P4IN                          
0000001d  P4OUT                         
0000001f  P4SEL                         
00000032  P5DIR                         
00000030  P5IN                          
00000031  P5OUT                         
00000033  P5SEL                         
00000036  P6DIR                         
00000034  P6IN                          
00000035  P6OUT                         
00000037  P6SEL                         
0000013c  RESHI                         
0000013a  RESLO                         
00001596  Read_Byte                     
0000013e  SUMEXT                        
00000055  SVSCTL                        
00000172  TACCR0                        
00000174  TACCR1                        
00000176  TACCR2                        
00000162  TACCTL0                       
00000164  TACCTL1                       
00000166  TACCTL2                       
00000160  TACTL                         
0000012e  TAIV                          
00000170  TAR                           
00000192  TBCCR0                        
00000194  TBCCR1                        
00000196  TBCCR2                        
00000198  TBCCR3                        
0000019a  TBCCR4                        
0000019c  TBCCR5                        
0000019e  TBCCR6                        
00000182  TBCCTL0                       
00000184  TBCCTL1                       
00000186  TBCCTL2                       
00000188  TBCCTL3                       
0000018a  TBCCTL4                       
0000018c  TBCCTL5                       
0000018e  TBCCTL6                       
00000180  TBCTL                         
0000011e  TBIV                          
00000190  TBR                           
00000074  U0BR0                         
00000075  U0BR1                         
00000070  U0CTL                         
00000073  U0MCTL                        
00000072  U0RCTL                        
00000076  U0RXBUF                       
00000071  U0TCTL                        
00000077  U0TXBUF                       
0000007c  U1BR0                         
0000007d  U1BR1                         
00000078  U1CTL                         
0000007b  U1MCTL                        
0000007a  U1RCTL                        
0000007e  U1RXBUF                       
00000079  U1TCTL                        
0000007f  U1TXBUF                       
00000120  WDTCTL                        
000015d0  WaitForEnable                 
000018a0  Write1602                     
0000155a  Write_Byte                    
000017a0  Write_dat                     
00000a00  __STACK_END                   
00000050  __STACK_SIZE                  
000018c6  __TI_CINIT_Base               
000018ca  __TI_CINIT_Limit              
000018c4  __TI_Handler_Table_Base       
000018c6  __TI_Handler_Table_Limit      
000018ac  __TI_ISR_TRAP                 
000013a4  __TI_auto_init_nobinit_nopinit
0000ffe0  __TI_int00                    
0000ffe2  __TI_int01                    
0000ffe4  __TI_int02                    
0000ffe6  __TI_int03                    
0000ffe8  __TI_int04                    
0000ffea  __TI_int05                    
0000ffec  __TI_int06                    
0000ffee  __TI_int07                    
0000fff0  __TI_int08                    
0000fff2  __TI_int09                    
0000fff4  __TI_int10                    
0000fff6  __TI_int11                    
0000fff8  __TI_int12                    
0000fffa  __TI_int13                    
0000fffc  __TI_int14                    
ffffffff  __TI_pprof_out_hndl           
ffffffff  __TI_prof_data_size           
ffffffff  __TI_prof_data_start          
00001858  __TI_zero_init_nomemset       
ffffffff  __c_args__                    
00001630  __mspabi_divi                 
00001842  __mspabi_divu                 
0000189c  __mspabi_func_epilog_1        
0000189a  __mspabi_func_epilog_2        
00001898  __mspabi_func_epilog_3        
00001896  __mspabi_func_epilog_4        
00001894  __mspabi_func_epilog_5        
00001892  __mspabi_func_epilog_6        
00001890  __mspabi_func_epilog_7        
0000186c  __mspabi_mpyi_hw              
00001630  __mspabi_remi                 
00001842  __mspabi_remu                 
00001604  __mspabi_srai                 
0000162c  __mspabi_srai_1               
0000161a  __mspabi_srai_10              
00001618  __mspabi_srai_11              
00001616  __mspabi_srai_12              
00001614  __mspabi_srai_13              
00001612  __mspabi_srai_14              
00001610  __mspabi_srai_15              
0000162a  __mspabi_srai_2               
00001628  __mspabi_srai_3               
00001626  __mspabi_srai_4               
00001624  __mspabi_srai_5               
00001622  __mspabi_srai_6               
00001620  __mspabi_srai_7               
0000161e  __mspabi_srai_8               
0000161c  __mspabi_srai_9               
00001826  _c_int00_noargs               
0000fffe  _reset_vector                 
000009b0  _stack                        
000018be  _system_post_cinit            
000018ba  _system_pre_init              
000018b4  abort                         
00000200  day                           
00001880  delay                         
00000201  flag                          
00000202  hour                          
0000123a  init_1302                     
0000133a  main                          
00000203  minute                        
00000204  month                         
000017e8  read_1302add                  
000016b0  readday                       
000016d8  readhour                      
00001700  readminute                    
00001728  readmonth                     
00001750  readsecond                    
00001808  readtime                      
00001778  readweek                      
000017c4  readyear                      
00000205  second                        
00000206  week                          
0000165c  write_com                     
00001686  write_data                    
000013e6  write_day                     
00001424  write_hour                    
00001462  write_minute                  
000014a0  write_month                   
000014de  write_second                  
00001100  write_week                    
0000151c  write_year                    
00000207  year                          


GLOBAL SYMBOLS: SORTED BY Symbol Address 

address   name                          
-------   ----                          
00000000  IE1                           
00000001  IE2                           
00000002  IFG1                          
00000003  IFG2                          
00000004  ME1                           
00000005  ME2                           
00000018  P3IN                          
00000019  P3OUT                         
0000001a  P3DIR                         
0000001b  P3SEL                         
0000001c  P4IN                          
0000001d  P4OUT                         
0000001e  P4DIR                         
0000001f  P4SEL                         
00000020  P1IN                          
00000021  P1OUT                         
00000022  P1DIR                         
00000023  P1IFG                         
00000024  P1IES                         
00000025  P1IE                          
00000026  P1SEL                         
00000028  P2IN                          
00000029  P2OUT                         
0000002a  P2DIR                         
0000002b  P2IFG                         
0000002c  P2IES                         
0000002d  P2IE                          
0000002e  P2SEL                         
00000030  P5IN                          
00000031  P5OUT                         
00000032  P5DIR                         
00000033  P5SEL                         
00000034  P6IN                          
00000035  P6OUT                         
00000036  P6DIR                         
00000037  P6SEL                         
00000050  I2CIE                         
00000050  __STACK_SIZE                  
00000051  I2CIFG                        
00000052  I2CNDAT                       
00000055  SVSCTL                        
00000056  DCOCTL                        
00000057  BCSCTL1                       
00000058  BCSCTL2                       
00000059  CACTL1                        
0000005a  CACTL2                        
0000005b  CAPD                          
00000070  U0CTL                         
00000071  I2CTCTL                       
00000071  U0TCTL                        
00000072  I2CDCTL                       
00000072  U0RCTL                        
00000073  I2CPSC                        
00000073  U0MCTL                        
00000074  I2CSCLH                       
00000074  U0BR0                         
00000075  I2CSCLL                       
00000075  U0BR1                         
00000076  I2CDRB                        
00000076  I2CDRW                        
00000076  U0RXBUF                       
00000077  U0TXBUF                       
00000078  U1CTL                         
00000079  U1TCTL                        
0000007a  U1RCTL                        
0000007b  U1MCTL                        
0000007c  U1BR0                         
0000007d  U1BR1                         
0000007e  U1RXBUF                       
0000007f  U1TXBUF                       
00000080  ADC12MCTL0                    
00000081  ADC12MCTL1                    
00000082  ADC12MCTL2                    
00000083  ADC12MCTL3                    
00000084  ADC12MCTL4                    
00000085  ADC12MCTL5                    
00000086  ADC12MCTL6                    
00000087  ADC12MCTL7                    
00000088  ADC12MCTL8                    
00000089  ADC12MCTL9                    
0000008a  ADC12MCTL10                   
0000008b  ADC12MCTL11                   
0000008c  ADC12MCTL12                   
0000008d  ADC12MCTL13                   
0000008e  ADC12MCTL14                   
0000008f  ADC12MCTL15                   
00000118  I2COA                         
0000011a  I2CSA                         
0000011c  I2CIV                         
0000011e  TBIV                          
00000120  WDTCTL                        
00000122  DMACTL0                       
00000124  DMACTL1                       
00000128  FCTL1                         
0000012a  FCTL2                         
0000012c  FCTL3                         
0000012e  TAIV                          
00000130  MPY                           
00000132  MPYS                          
00000134  MAC                           
00000136  MACS                          
00000138  OP2                           
0000013a  RESLO                         
0000013c  RESHI                         
0000013e  SUMEXT                        
00000140  ADC12MEM0                     
00000142  ADC12MEM1                     
00000144  ADC12MEM2                     
00000146  ADC12MEM3                     
00000148  ADC12MEM4                     
0000014a  ADC12MEM5                     
0000014c  ADC12MEM6                     
0000014e  ADC12MEM7                     
00000150  ADC12MEM8                     
00000152  ADC12MEM9                     
00000154  ADC12MEM10                    
00000156  ADC12MEM11                    
00000158  ADC12MEM12                    
0000015a  ADC12MEM13                    
0000015c  ADC12MEM14                    
0000015e  ADC12MEM15                    
00000160  TACTL                         
00000162  TACCTL0                       
00000164  TACCTL1                       
00000166  TACCTL2                       
00000170  TAR                           
00000172  TACCR0                        
00000174  TACCR1                        
00000176  TACCR2                        
00000180  TBCTL                         
00000182  TBCCTL0                       
00000184  TBCCTL1                       
00000186  TBCCTL2                       
00000188  TBCCTL3                       
0000018a  TBCCTL4                       
0000018c  TBCCTL5                       
0000018e  TBCCTL6                       
00000190  TBR                           
00000192  TBCCR0                        
00000194  TBCCR1                        
00000196  TBCCR2                        
00000198  TBCCR3                        
0000019a  TBCCR4                        
0000019c  TBCCR5                        
0000019e  TBCCR6                        
000001a0  ADC12CTL0                     
000001a2  ADC12CTL1                     
000001a4  ADC12IFG                      
000001a6  ADC12IE                       
000001a8  ADC12IV                       
000001c0  DAC12_0CTL                    
000001c2  DAC12_1CTL                    
000001c8  DAC12_0DAT                    
000001ca  DAC12_1DAT                    
000001e0  DMA0CTL                       
000001e2  DMA0SA                        
000001e4  DMA0DA                        
000001e6  DMA0SZ                        
000001e8  DMA1CTL                       
000001ea  DMA1SA                        
000001ec  DMA1DA                        
000001ee  DMA1SZ                        
000001f0  DMA2CTL                       
000001f2  DMA2SA                        
000001f4  DMA2DA                        
000001f6  DMA2SZ                        
00000200  day                           
00000201  flag                          
00000202  hour                          
00000203  minute                        
00000204  month                         
00000205  second                        
00000206  week                          
00000207  year                          
000009b0  _stack                        
00000a00  __STACK_END                   
00001100  write_week                    
0000123a  init_1302                     
000012c4  LcdReset                      
0000133a  main                          
000013a4  __TI_auto_init_nobinit_nopinit
000013e6  write_day                     
00001424  write_hour                    
00001462  write_minute                  
000014a0  write_month                   
000014de  write_second                  
0000151c  write_year                    
0000155a  Write_Byte                    
00001596  Read_Byte                     
000015d0  WaitForEnable                 
00001604  __mspabi_srai                 
00001610  __mspabi_srai_15              
00001612  __mspabi_srai_14              
00001614  __mspabi_srai_13              
00001616  __mspabi_srai_12              
00001618  __mspabi_srai_11              
0000161a  __mspabi_srai_10              
0000161c  __mspabi_srai_9               
0000161e  __mspabi_srai_8               
00001620  __mspabi_srai_7               
00001622  __mspabi_srai_6               
00001624  __mspabi_srai_5               
00001626  __mspabi_srai_4               
00001628  __mspabi_srai_3               
0000162a  __mspabi_srai_2               
0000162c  __mspabi_srai_1               
00001630  __mspabi_divi                 
00001630  __mspabi_remi                 
0000165c  write_com                     
00001686  write_data                    
000016b0  readday                       
000016d8  readhour                      
00001700  readminute                    
00001728  readmonth                     
00001750  readsecond                    
00001778  readweek                      
000017a0  Write_dat                     
000017c4  readyear                      
000017e8  read_1302add                  
00001808  readtime                      
00001826  _c_int00_noargs               
00001842  __mspabi_divu                 
00001842  __mspabi_remu                 
00001858  __TI_zero_init_nomemset       
0000186c  __mspabi_mpyi_hw              
00001880  delay                         
00001890  __mspabi_func_epilog_7        
00001892  __mspabi_func_epilog_6        
00001894  __mspabi_func_epilog_5        
00001896  __mspabi_func_epilog_4        
00001898  __mspabi_func_epilog_3        
0000189a  __mspabi_func_epilog_2        
0000189c  __mspabi_func_epilog_1        
000018a0  Write1602                     
000018ac  __TI_ISR_TRAP                 
000018b4  C$$EXIT                       
000018b4  abort                         
000018ba  _system_pre_init              
000018be  _system_post_cinit            
000018c4  __TI_Handler_Table_Base       
000018c6  __TI_CINIT_Base               
000018c6  __TI_Handler_Table_Limit      
000018ca  __TI_CINIT_Limit              
0000ffe0  __TI_int00                    
0000ffe2  __TI_int01                    
0000ffe4  __TI_int02                    
0000ffe6  __TI_int03                    
0000ffe8  __TI_int04                    
0000ffea  __TI_int05                    
0000ffec  __TI_int06                    
0000ffee  __TI_int07                    
0000fff0  __TI_int08                    
0000fff2  __TI_int09                    
0000fff4  __TI_int10                    
0000fff6  __TI_int11                    
0000fff8  __TI_int12                    
0000fffa  __TI_int13                    
0000fffc  __TI_int14                    
0000fffe  _reset_vector                 
ffffffff  __TI_pprof_out_hndl           
ffffffff  __TI_prof_data_size           
ffffffff  __TI_prof_data_start          
ffffffff  __c_args__                    

[263 symbols]
