******************************************************************************
                  MSP430 Linker PC v18.1.3                     
******************************************************************************
>> Linked Wed Oct 31 21:45:59 2018

OUTPUT FILE NAME:   <motor.out>
ENTRY POINT SYMBOL: "_c_int00_noargs"  address: 0000168c


MEMORY CONFIGURATION

         name            origin    length      used     unused   attr    fill
----------------------  --------  ---------  --------  --------  ----  --------
  SFR                   00000000   00000010  00000000  00000010  RWIX
  PERIPHERALS_8BIT      00000010   000000f0  00000000  000000f0  RWIX
  PERIPHERALS_16BIT     00000100   00000100  00000000  00000100  RWIX
  RAM                   00000200   00000800  00000061  0000079f  RWIX
  INFOB                 00001000   00000080  00000000  00000080  RWIX
  INFOA                 00001080   00000080  00000000  00000080  RWIX
  FLASH                 00001100   0000eee0  0000068c  0000e854  RWIX
  INT00                 0000ffe0   00000002  00000002  00000000  RWIX
  INT01                 0000ffe2   00000002  00000002  00000000  RWIX
  INT02                 0000ffe4   00000002  00000002  00000000  RWIX
  INT03                 0000ffe6   00000002  00000002  00000000  RWIX
  INT04                 0000ffe8   00000002  00000002  00000000  RWIX
  INT05                 0000ffea   00000002  00000002  00000000  RWIX
  INT06                 0000ffec   00000002  00000002  00000000  RWIX
  INT07                 0000ffee   00000002  00000002  00000000  RWIX
  INT08                 0000fff0   00000002  00000002  00000000  RWIX
  INT09                 0000fff2   00000002  00000002  00000000  RWIX
  INT10                 0000fff4   00000002  00000002  00000000  RWIX
  INT11                 0000fff6   00000002  00000002  00000000  RWIX
  INT12                 0000fff8   00000002  00000002  00000000  RWIX
  INT13                 0000fffa   00000002  00000002  00000000  RWIX
  INT14                 0000fffc   00000002  00000002  00000000  RWIX
  RESET                 0000fffe   00000002  00000002  00000000  RWIX


SECTION ALLOCATION MAP

 output                                  attributes/
section   page    origin      length       input sections
--------  ----  ----------  ----------   ----------------
.data      0    00000200    00000011     UNINITIALIZED
                  00000200    00000005     main.obj (.data:array_currentspeed)
                  00000205    00000001     --HOLE--
                  00000206    00000004     main.obj (.data:array_stop)
                  0000020a    00000004     main.obj (.data)
                  0000020e    00000003     main.obj (.data:array_run)

.stack     0    000009b0    00000050     UNINITIALIZED
                  000009b0    00000002     rts430_eabi.lib : boot.c.obj (.stack)
                  000009b2    0000004e     --HOLE--

.text      0    00001100    0000066e     
                  00001100    00000186     lcd_1602.obj (.text:display)
                  00001286    000000f4     my_4x4key.obj (.text:keyscan)
                  0000137a    000000a8     main.obj (.text:main)
                  00001422    0000007c     rts430_eabi.lib : copy_decompress_lzss.c.obj (.text:decompress:lzss:__TI_decompress_lzss)
                  0000149e    00000058     lcd_1602.obj (.text:lcd1602_init)
                  000014f6    00000058     rts430_eabi.lib : div32u.asm.obj (.text)
                  0000154e    0000004c                     : lsr16.asm.obj (.text)
                  0000159a    00000042                     : autoinit.c.obj (.text:__TI_auto_init_nobinit_nopinit:__TI_auto_init_nobinit_nopinit)
                  000015dc    0000002c     DC_motor.obj (.text:Init_PWM)
                  00001608    0000002c     rts430_eabi.lib : lsl16.asm.obj (.text)
                  00001634    0000002c     lcd_1602.obj (.text:write_cmd)
                  00001660    0000002c     lcd_1602.obj (.text:write_data)
                  0000168c    0000001c     rts430_eabi.lib : boot.c.obj (.text:_c_int00_noargs)
                  000016a8    0000001a     lcd_1602.obj (.text:dis_str)
                  000016c2    00000016     Port.obj (.text:init_1602_port)
                  000016d8    00000012     rts430_eabi.lib : copy_decompress_none.c.obj (.text:decompress:none:__TI_decompress_none)
                  000016ea    00000012                     : memcpy.c.obj (.text:memcpy)
                  000016fc    00000012     DC_motor.obj (.text:stop)
                  0000170e    00000010     rts430_eabi.lib : epilog.asm.obj (.text)
                  0000171e    00000010     DC_motor.obj (.text:speed_add)
                  0000172e    00000010     DC_motor.obj (.text:speed_sub)
                  0000173e    00000010     DC_motor.obj (.text:start)
                  0000174e    0000000c     lcd_1602.obj (.text:Write1602)
                  0000175a    00000008     rts430_eabi.lib : isr_trap.asm.obj (.text:_isr:__TI_ISR_TRAP)
                  00001762    00000006                     : exit.c.obj (.text:abort)
                  00001768    00000004                     : pre_init.c.obj (.text:_system_pre_init)
                  0000176c    00000002                     : startup.c.obj (.text:_system_post_cinit)

.cinit     0    0000176e    0000001e     
                  0000176e    00000015     (.cinit..data.load) [load image]
                  00001783    00000001     --HOLE-- [fill = 0]
                  00001784    00000004     (__TI_handler_table)
                  00001788    00000004     (__TI_cinit_table)

.binit     0    00001100    00000000     

.init_array 
*          0    00001100    00000000     UNINITIALIZED

DACDMA     0    0000ffe0    00000002     
                  0000ffe0    00000002     rts430_eabi.lib : int00.asm.obj (.int00)

PORT2      0    0000ffe2    00000002     
                  0000ffe2    00000002     rts430_eabi.lib : int01.asm.obj (.int01)

USART1TX   0    0000ffe4    00000002     
                  0000ffe4    00000002     rts430_eabi.lib : int02.asm.obj (.int02)

USART1RX   0    0000ffe6    00000002     
                  0000ffe6    00000002     rts430_eabi.lib : int03.asm.obj (.int03)

PORT1      0    0000ffe8    00000002     
                  0000ffe8    00000002     rts430_eabi.lib : int04.asm.obj (.int04)

TIMERA1    0    0000ffea    00000002     
                  0000ffea    00000002     rts430_eabi.lib : int05.asm.obj (.int05)

TIMERA0    0    0000ffec    00000002     
                  0000ffec    00000002     rts430_eabi.lib : int06.asm.obj (.int06)

ADC12      0    0000ffee    00000002     
                  0000ffee    00000002     rts430_eabi.lib : int07.asm.obj (.int07)

USART0TX   0    0000fff0    00000002     
                  0000fff0    00000002     rts430_eabi.lib : int08.asm.obj (.int08)

USART0RX   0    0000fff2    00000002     
                  0000fff2    00000002     rts430_eabi.lib : int09.asm.obj (.int09)

WDT        0    0000fff4    00000002     
                  0000fff4    00000002     rts430_eabi.lib : int10.asm.obj (.int10)

COMPARATORA 
*          0    0000fff6    00000002     
                  0000fff6    00000002     rts430_eabi.lib : int11.asm.obj (.int11)

TIMERB1    0    0000fff8    00000002     
                  0000fff8    00000002     rts430_eabi.lib : int12.asm.obj (.int12)

TIMERB0    0    0000fffa    00000002     
                  0000fffa    00000002     rts430_eabi.lib : int13.asm.obj (.int13)

NMI        0    0000fffc    00000002     
                  0000fffc    00000002     rts430_eabi.lib : int14.asm.obj (.int14)

.reset     0    0000fffe    00000002     
                  0000fffe    00000002     rts430_eabi.lib : boot.c.obj (.reset)

MODULE SUMMARY

       Module                       code   ro data   rw data
       ------                       ----   -------   -------
    .\
       lcd_1602.obj                 604    0         0      
       my_4x4key.obj                244    0         0      
       main.obj                     168    0         16     
       DC_motor.obj                 110    0         0      
       Port.obj                     22     0         0      
    +--+----------------------------+------+---------+---------+
       Total:                       1148   0         16     
                                                            
    C:\ti\ccsv8\tools\compiler\ti-cgt-msp430_18.1.3.LTS\lib\rts430_eabi.lib
       copy_decompress_lzss.c.obj   124    0         0      
       div32u.asm.obj               88     0         0      
       lsr16.asm.obj                76     0         0      
       autoinit.c.obj               66     0         0      
       lsl16.asm.obj                44     0         0      
       boot.c.obj                   28     2         0      
       copy_decompress_none.c.obj   18     0         0      
       memcpy.c.obj                 18     0         0      
       epilog.asm.obj               16     0         0      
       isr_trap.asm.obj             8      0         0      
       exit.c.obj                   6      0         0      
       pre_init.c.obj               4      0         0      
       int00.asm.obj                0      2         0      
       int01.asm.obj                0      2         0      
       int02.asm.obj                0      2         0      
       int03.asm.obj                0      2         0      
       int04.asm.obj                0      2         0      
       int05.asm.obj                0      2         0      
       int06.asm.obj                0      2         0      
       int07.asm.obj                0      2         0      
       int08.asm.obj                0      2         0      
       int09.asm.obj                0      2         0      
       int10.asm.obj                0      2         0      
       int11.asm.obj                0      2         0      
       int12.asm.obj                0      2         0      
       int13.asm.obj                0      2         0      
       int14.asm.obj                0      2         0      
       startup.c.obj                2      0         0      
    +--+----------------------------+------+---------+---------+
       Total:                       498    32        0      
                                                            
       Stack:                       0      0         80     
       Linker Generated:            0      29        0      
    +--+----------------------------+------+---------+---------+
       Grand Total:                 1646   61        96     


LINKER GENERATED COPY TABLES

__TI_cinit_table @ 00001788 records: 1, size/record: 4, table size: 4
	.data: load addr=0000176e, load size=00000015 bytes, run addr=00000200, run size=00000011 bytes, compression=copy


LINKER GENERATED HANDLER TABLE

__TI_handler_table @ 00001784 records: 2, size/record: 2, table size: 4
	index: 0, handler: __TI_decompress_lzss
	index: 1, handler: __TI_decompress_none


GLOBAL SYMBOLS: SORTED ALPHABETICALLY BY Name 

address   name                          
-------   ----                          
000001a0  ADC12CTL0                     
000001a2  ADC12CTL1                     
000001a6  ADC12IE                       
000001a4  ADC12IFG                      
000001a8  ADC12IV                       
00000080  ADC12MCTL0                    
00000081  ADC12MCTL1                    
0000008a  ADC12MCTL10                   
0000008b  ADC12MCTL11                   
0000008c  ADC12MCTL12                   
0000008d  ADC12MCTL13                   
0000008e  ADC12MCTL14                   
0000008f  ADC12MCTL15                   
00000082  ADC12MCTL2                    
00000083  ADC12MCTL3                    
00000084  ADC12MCTL4                    
00000085  ADC12MCTL5                    
00000086  ADC12MCTL6                    
00000087  ADC12MCTL7                    
00000088  ADC12MCTL8                    
00000089  ADC12MCTL9                    
00000140  ADC12MEM0                     
00000142  ADC12MEM1                     
00000154  ADC12MEM10                    
00000156  ADC12MEM11                    
00000158  ADC12MEM12                    
0000015a  ADC12MEM13                    
0000015c  ADC12MEM14                    
0000015e  ADC12MEM15                    
00000144  ADC12MEM2                     
00000146  ADC12MEM3                     
00000148  ADC12MEM4                     
0000014a  ADC12MEM5                     
0000014c  ADC12MEM6                     
0000014e  ADC12MEM7                     
00000150  ADC12MEM8                     
00000152  ADC12MEM9                     
00000057  BCSCTL1                       
00000058  BCSCTL2                       
00001762  C$$EXIT                       
00000059  CACTL1                        
0000005a  CACTL2                        
0000005b  CAPD                          
000001c0  DAC12_0CTL                    
000001c8  DAC12_0DAT                    
000001c2  DAC12_1CTL                    
000001ca  DAC12_1DAT                    
00000056  DCOCTL                        
000001e0  DMA0CTL                       
000001e4  DMA0DA                        
000001e2  DMA0SA                        
000001e6  DMA0SZ                        
000001e8  DMA1CTL                       
000001ec  DMA1DA                        
000001ea  DMA1SA                        
000001ee  DMA1SZ                        
000001f0  DMA2CTL                       
000001f4  DMA2DA                        
000001f2  DMA2SA                        
000001f6  DMA2SZ                        
00000122  DMACTL0                       
00000124  DMACTL1                       
00000128  FCTL1                         
0000012a  FCTL2                         
0000012c  FCTL3                         
00000072  I2CDCTL                       
00000076  I2CDRB                        
00000076  I2CDRW                        
00000050  I2CIE                         
00000051  I2CIFG                        
0000011c  I2CIV                         
00000052  I2CNDAT                       
00000118  I2COA                         
00000073  I2CPSC                        
0000011a  I2CSA                         
00000074  I2CSCLH                       
00000075  I2CSCLL                       
00000071  I2CTCTL                       
00000000  IE1                           
00000001  IE2                           
00000002  IFG1                          
00000003  IFG2                          
000015dc  Init_PWM                      
00000134  MAC                           
00000136  MACS                          
00000004  ME1                           
00000005  ME2                           
00000130  MPY                           
00000132  MPYS                          
00000138  OP2                           
00000022  P1DIR                         
00000025  P1IE                          
00000024  P1IES                         
00000023  P1IFG                         
00000020  P1IN                          
00000021  P1OUT                         
00000026  P1SEL                         
0000002a  P2DIR                         
0000002d  P2IE                          
0000002c  P2IES                         
0000002b  P2IFG                         
00000028  P2IN                          
00000029  P2OUT                         
0000002e  P2SEL                         
0000001a  P3DIR                         
00000018  P3IN                          
00000019  P3OUT                         
0000001b  P3SEL                         
0000001e  P4DIR                         
0000001c  P4IN                          
0000001d  P4OUT                         
0000001f  P4SEL                         
00000032  P5DIR                         
00000030  P5IN                          
00000031  P5OUT                         
00000033  P5SEL                         
00000036  P6DIR                         
00000034  P6IN                          
00000035  P6OUT                         
00000037  P6SEL                         
0000013c  RESHI                         
0000013a  RESLO                         
0000020d  STATUS                        
0000013e  SUMEXT                        
00000055  SVSCTL                        
00000172  TACCR0                        
00000174  TACCR1                        
00000176  TACCR2                        
00000162  TACCTL0                       
00000164  TACCTL1                       
00000166  TACCTL2                       
00000160  TACTL                         
0000012e  TAIV                          
00000170  TAR                           
00000192  TBCCR0                        
00000194  TBCCR1                        
00000196  TBCCR2                        
00000198  TBCCR3                        
0000019a  TBCCR4                        
0000019c  TBCCR5                        
0000019e  TBCCR6                        
00000182  TBCCTL0                       
00000184  TBCCTL1                       
00000186  TBCCTL2                       
00000188  TBCCTL3                       
0000018a  TBCCTL4                       
0000018c  TBCCTL5                       
0000018e  TBCCTL6                       
00000180  TBCTL                         
0000011e  TBIV                          
00000190  TBR                           
00000074  U0BR0                         
00000075  U0BR1                         
00000070  U0CTL                         
00000073  U0MCTL                        
00000072  U0RCTL                        
00000076  U0RXBUF                       
00000071  U0TCTL                        
00000077  U0TXBUF                       
0000007c  U1BR0                         
0000007d  U1BR1                         
00000078  U1CTL                         
0000007b  U1MCTL                        
0000007a  U1RCTL                        
0000007e  U1RXBUF                       
00000079  U1TCTL                        
0000007f  U1TXBUF                       
00000120  WDTCTL                        
0000174e  Write1602                     
00000a00  __STACK_END                   
00000050  __STACK_SIZE                  
00001788  __TI_CINIT_Base               
0000178c  __TI_CINIT_Limit              
00001784  __TI_Handler_Table_Base       
00001788  __TI_Handler_Table_Limit      
0000175a  __TI_ISR_TRAP                 
0000159a  __TI_auto_init_nobinit_nopinit
00001422  __TI_decompress_lzss          
000016d8  __TI_decompress_none          
0000ffe0  __TI_int00                    
0000ffe2  __TI_int01                    
0000ffe4  __TI_int02                    
0000ffe6  __TI_int03                    
0000ffe8  __TI_int04                    
0000ffea  __TI_int05                    
0000ffec  __TI_int06                    
0000ffee  __TI_int07                    
0000fff0  __TI_int08                    
0000fff2  __TI_int09                    
0000fff4  __TI_int10                    
0000fff6  __TI_int11                    
0000fff8  __TI_int12                    
0000fffa  __TI_int13                    
0000fffc  __TI_int14                    
ffffffff  __TI_pprof_out_hndl           
ffffffff  __TI_prof_data_size           
ffffffff  __TI_prof_data_start          
ffffffff  __c_args__                    
000014f6  __mspabi_divul                
0000171a  __mspabi_func_epilog_1        
00001718  __mspabi_func_epilog_2        
00001716  __mspabi_func_epilog_3        
00001714  __mspabi_func_epilog_4        
00001712  __mspabi_func_epilog_5        
00001710  __mspabi_func_epilog_6        
0000170e  __mspabi_func_epilog_7        
000014f6  __mspabi_remul                
00001608  __mspabi_slli                 
00001630  __mspabi_slli_1               
0000161e  __mspabi_slli_10              
0000161c  __mspabi_slli_11              
0000161a  __mspabi_slli_12              
00001618  __mspabi_slli_13              
00001616  __mspabi_slli_14              
00001614  __mspabi_slli_15              
0000162e  __mspabi_slli_2               
0000162c  __mspabi_slli_3               
0000162a  __mspabi_slli_4               
00001628  __mspabi_slli_5               
00001626  __mspabi_slli_6               
00001624  __mspabi_slli_7               
00001622  __mspabi_slli_8               
00001620  __mspabi_slli_9               
0000154e  __mspabi_srli                 
00001594  __mspabi_srli_1               
00001570  __mspabi_srli_10              
0000156c  __mspabi_srli_11              
00001568  __mspabi_srli_12              
00001564  __mspabi_srli_13              
00001560  __mspabi_srli_14              
0000155c  __mspabi_srli_15              
00001590  __mspabi_srli_2               
0000158c  __mspabi_srli_3               
00001588  __mspabi_srli_4               
00001584  __mspabi_srli_5               
00001580  __mspabi_srli_6               
0000157c  __mspabi_srli_7               
00001578  __mspabi_srli_8               
00001574  __mspabi_srli_9               
0000168c  _c_int00_noargs               
0000fffe  _reset_vector                 
000009b0  _stack                        
0000176c  _system_post_cinit            
00001768  _system_pre_init              
0000020a  a                             
00001762  abort                         
00000200  array_currentspeed            
0000020e  array_run                     
00000206  array_stop                    
000016a8  dis_str                       
00001100  display                       
000016c2  init_1602_port                
0000020c  key_value                     
00001286  keyscan                       
0000149e  lcd1602_init                  
0000137a  main                          
000016ea  memcpy                        
0000171e  speed_add                     
0000172e  speed_sub                     
0000173e  start                         
000016fc  stop                          
00001634  write_cmd                     
00001660  write_data                    


GLOBAL SYMBOLS: SORTED BY Symbol Address 

address   name                          
-------   ----                          
00000000  IE1                           
00000001  IE2                           
00000002  IFG1                          
00000003  IFG2                          
00000004  ME1                           
00000005  ME2                           
00000018  P3IN                          
00000019  P3OUT                         
0000001a  P3DIR                         
0000001b  P3SEL                         
0000001c  P4IN                          
0000001d  P4OUT                         
0000001e  P4DIR                         
0000001f  P4SEL                         
00000020  P1IN                          
00000021  P1OUT                         
00000022  P1DIR                         
00000023  P1IFG                         
00000024  P1IES                         
00000025  P1IE                          
00000026  P1SEL                         
00000028  P2IN                          
00000029  P2OUT                         
0000002a  P2DIR                         
0000002b  P2IFG                         
0000002c  P2IES                         
0000002d  P2IE                          
0000002e  P2SEL                         
00000030  P5IN                          
00000031  P5OUT                         
00000032  P5DIR                         
00000033  P5SEL                         
00000034  P6IN                          
00000035  P6OUT                         
00000036  P6DIR                         
00000037  P6SEL                         
00000050  I2CIE                         
00000050  __STACK_SIZE                  
00000051  I2CIFG                        
00000052  I2CNDAT                       
00000055  SVSCTL                        
00000056  DCOCTL                        
00000057  BCSCTL1                       
00000058  BCSCTL2                       
00000059  CACTL1                        
0000005a  CACTL2                        
0000005b  CAPD                          
00000070  U0CTL                         
00000071  I2CTCTL                       
00000071  U0TCTL                        
00000072  I2CDCTL                       
00000072  U0RCTL                        
00000073  I2CPSC                        
00000073  U0MCTL                        
00000074  I2CSCLH                       
00000074  U0BR0                         
00000075  I2CSCLL                       
00000075  U0BR1                         
00000076  I2CDRB                        
00000076  I2CDRW                        
00000076  U0RXBUF                       
00000077  U0TXBUF                       
00000078  U1CTL                         
00000079  U1TCTL                        
0000007a  U1RCTL                        
0000007b  U1MCTL                        
0000007c  U1BR0                         
0000007d  U1BR1                         
0000007e  U1RXBUF                       
0000007f  U1TXBUF                       
00000080  ADC12MCTL0                    
00000081  ADC12MCTL1                    
00000082  ADC12MCTL2                    
00000083  ADC12MCTL3                    
00000084  ADC12MCTL4                    
00000085  ADC12MCTL5                    
00000086  ADC12MCTL6                    
00000087  ADC12MCTL7                    
00000088  ADC12MCTL8                    
00000089  ADC12MCTL9                    
0000008a  ADC12MCTL10                   
0000008b  ADC12MCTL11                   
0000008c  ADC12MCTL12                   
0000008d  ADC12MCTL13                   
0000008e  ADC12MCTL14                   
0000008f  ADC12MCTL15                   
00000118  I2COA                         
0000011a  I2CSA                         
0000011c  I2CIV                         
0000011e  TBIV                          
00000120  WDTCTL                        
00000122  DMACTL0                       
00000124  DMACTL1                       
00000128  FCTL1                         
0000012a  FCTL2                         
0000012c  FCTL3                         
0000012e  TAIV                          
00000130  MPY                           
00000132  MPYS                          
00000134  MAC                           
00000136  MACS                          
00000138  OP2                           
0000013a  RESLO                         
0000013c  RESHI                         
0000013e  SUMEXT                        
00000140  ADC12MEM0                     
00000142  ADC12MEM1                     
00000144  ADC12MEM2                     
00000146  ADC12MEM3                     
00000148  ADC12MEM4                     
0000014a  ADC12MEM5                     
0000014c  ADC12MEM6                     
0000014e  ADC12MEM7                     
00000150  ADC12MEM8                     
00000152  ADC12MEM9                     
00000154  ADC12MEM10                    
00000156  ADC12MEM11                    
00000158  ADC12MEM12                    
0000015a  ADC12MEM13                    
0000015c  ADC12MEM14                    
0000015e  ADC12MEM15                    
00000160  TACTL                         
00000162  TACCTL0                       
00000164  TACCTL1                       
00000166  TACCTL2                       
00000170  TAR                           
00000172  TACCR0                        
00000174  TACCR1                        
00000176  TACCR2                        
00000180  TBCTL                         
00000182  TBCCTL0                       
00000184  TBCCTL1                       
00000186  TBCCTL2                       
00000188  TBCCTL3                       
0000018a  TBCCTL4                       
0000018c  TBCCTL5                       
0000018e  TBCCTL6                       
00000190  TBR                           
00000192  TBCCR0                        
00000194  TBCCR1                        
00000196  TBCCR2                        
00000198  TBCCR3                        
0000019a  TBCCR4                        
0000019c  TBCCR5                        
0000019e  TBCCR6                        
000001a0  ADC12CTL0                     
000001a2  ADC12CTL1                     
000001a4  ADC12IFG                      
000001a6  ADC12IE                       
000001a8  ADC12IV                       
000001c0  DAC12_0CTL                    
000001c2  DAC12_1CTL                    
000001c8  DAC12_0DAT                    
000001ca  DAC12_1DAT                    
000001e0  DMA0CTL                       
000001e2  DMA0SA                        
000001e4  DMA0DA                        
000001e6  DMA0SZ                        
000001e8  DMA1CTL                       
000001ea  DMA1SA                        
000001ec  DMA1DA                        
000001ee  DMA1SZ                        
000001f0  DMA2CTL                       
000001f2  DMA2SA                        
000001f4  DMA2DA                        
000001f6  DMA2SZ                        
00000200  array_currentspeed            
00000206  array_stop                    
0000020a  a                             
0000020c  key_value                     
0000020d  STATUS                        
0000020e  array_run                     
000009b0  _stack                        
00000a00  __STACK_END                   
00001100  display                       
00001286  keyscan                       
0000137a  main                          
00001422  __TI_decompress_lzss          
0000149e  lcd1602_init                  
000014f6  __mspabi_divul                
000014f6  __mspabi_remul                
0000154e  __mspabi_srli                 
0000155c  __mspabi_srli_15              
00001560  __mspabi_srli_14              
00001564  __mspabi_srli_13              
00001568  __mspabi_srli_12              
0000156c  __mspabi_srli_11              
00001570  __mspabi_srli_10              
00001574  __mspabi_srli_9               
00001578  __mspabi_srli_8               
0000157c  __mspabi_srli_7               
00001580  __mspabi_srli_6               
00001584  __mspabi_srli_5               
00001588  __mspabi_srli_4               
0000158c  __mspabi_srli_3               
00001590  __mspabi_srli_2               
00001594  __mspabi_srli_1               
0000159a  __TI_auto_init_nobinit_nopinit
000015dc  Init_PWM                      
00001608  __mspabi_slli                 
00001614  __mspabi_slli_15              
00001616  __mspabi_slli_14              
00001618  __mspabi_slli_13              
0000161a  __mspabi_slli_12              
0000161c  __mspabi_slli_11              
0000161e  __mspabi_slli_10              
00001620  __mspabi_slli_9               
00001622  __mspabi_slli_8               
00001624  __mspabi_slli_7               
00001626  __mspabi_slli_6               
00001628  __mspabi_slli_5               
0000162a  __mspabi_slli_4               
0000162c  __mspabi_slli_3               
0000162e  __mspabi_slli_2               
00001630  __mspabi_slli_1               
00001634  write_cmd                     
00001660  write_data                    
0000168c  _c_int00_noargs               
000016a8  dis_str                       
000016c2  init_1602_port                
000016d8  __TI_decompress_none          
000016ea  memcpy                        
000016fc  stop                          
0000170e  __mspabi_func_epilog_7        
00001710  __mspabi_func_epilog_6        
00001712  __mspabi_func_epilog_5        
00001714  __mspabi_func_epilog_4        
00001716  __mspabi_func_epilog_3        
00001718  __mspabi_func_epilog_2        
0000171a  __mspabi_func_epilog_1        
0000171e  speed_add                     
0000172e  speed_sub                     
0000173e  start                         
0000174e  Write1602                     
0000175a  __TI_ISR_TRAP                 
00001762  C$$EXIT                       
00001762  abort                         
00001768  _system_pre_init              
0000176c  _system_post_cinit            
00001784  __TI_Handler_Table_Base       
00001788  __TI_CINIT_Base               
00001788  __TI_Handler_Table_Limit      
0000178c  __TI_CINIT_Limit              
0000ffe0  __TI_int00                    
0000ffe2  __TI_int01                    
0000ffe4  __TI_int02                    
0000ffe6  __TI_int03                    
0000ffe8  __TI_int04                    
0000ffea  __TI_int05                    
0000ffec  __TI_int06                    
0000ffee  __TI_int07                    
0000fff0  __TI_int08                    
0000fff2  __TI_int09                    
0000fff4  __TI_int10                    
0000fff6  __TI_int11                    
0000fff8  __TI_int12                    
0000fffa  __TI_int13                    
0000fffc  __TI_int14                    
0000fffe  _reset_vector                 
ffffffff  __TI_pprof_out_hndl           
ffffffff  __TI_prof_data_size           
ffffffff  __TI_prof_data_start          
ffffffff  __c_args__                    

[263 symbols]
